Archive member included to satisfy reference by file (symbol)

C:/msys64/mingw64/bin/../lib/gcc/arm-none-eabi/13.3.0/../../../../arm-none-eabi/lib/thumb/v7-m/nofp\libc_nano.a(libc_a-atexit.o)
                              C:/msys64/mingw64/bin/../lib/gcc/arm-none-eabi/13.3.0/../../../../arm-none-eabi/lib/thumb/v7-m/nofp/crt0.o (atexit)
C:/msys64/mingw64/bin/../lib/gcc/arm-none-eabi/13.3.0/../../../../arm-none-eabi/lib/thumb/v7-m/nofp\libc_nano.a(libc_a-exit.o)
                              C:/msys64/mingw64/bin/../lib/gcc/arm-none-eabi/13.3.0/../../../../arm-none-eabi/lib/thumb/v7-m/nofp/crt0.o (exit)
C:/msys64/mingw64/bin/../lib/gcc/arm-none-eabi/13.3.0/../../../../arm-none-eabi/lib/thumb/v7-m/nofp\libc_nano.a(libc_a-findfp.o)
                              C:/msys64/mingw64/bin/../lib/gcc/arm-none-eabi/13.3.0/../../../../arm-none-eabi/lib/thumb/v7-m/nofp\libc_nano.a(libc_a-exit.o) (__stdio_exit_handler)
C:/msys64/mingw64/bin/../lib/gcc/arm-none-eabi/13.3.0/../../../../arm-none-eabi/lib/thumb/v7-m/nofp\libc_nano.a(libc_a-fwalk.o)
                              C:/msys64/mingw64/bin/../lib/gcc/arm-none-eabi/13.3.0/../../../../arm-none-eabi/lib/thumb/v7-m/nofp\libc_nano.a(libc_a-findfp.o) (_fwalk_sglue)
C:/msys64/mingw64/bin/../lib/gcc/arm-none-eabi/13.3.0/../../../../arm-none-eabi/lib/thumb/v7-m/nofp\libc_nano.a(libc_a-stdio.o)
                              C:/msys64/mingw64/bin/../lib/gcc/arm-none-eabi/13.3.0/../../../../arm-none-eabi/lib/thumb/v7-m/nofp\libc_nano.a(libc_a-findfp.o) (__sread)
C:/msys64/mingw64/bin/../lib/gcc/arm-none-eabi/13.3.0/../../../../arm-none-eabi/lib/thumb/v7-m/nofp\libc_nano.a(libc_a-vsnprintf.o)
                              build/hal_usart.o (vsnprintf)
C:/msys64/mingw64/bin/../lib/gcc/arm-none-eabi/13.3.0/../../../../arm-none-eabi/lib/thumb/v7-m/nofp\libc_nano.a(libc_a-memset.o)
                              C:/msys64/mingw64/bin/../lib/gcc/arm-none-eabi/13.3.0/../../../../arm-none-eabi/lib/thumb/v7-m/nofp/crt0.o (memset)
C:/msys64/mingw64/bin/../lib/gcc/arm-none-eabi/13.3.0/../../../../arm-none-eabi/lib/thumb/v7-m/nofp\libc_nano.a(libc_a-closer.o)
                              C:/msys64/mingw64/bin/../lib/gcc/arm-none-eabi/13.3.0/../../../../arm-none-eabi/lib/thumb/v7-m/nofp\libc_nano.a(libc_a-stdio.o) (_close_r)
C:/msys64/mingw64/bin/../lib/gcc/arm-none-eabi/13.3.0/../../../../arm-none-eabi/lib/thumb/v7-m/nofp\libc_nano.a(libc_a-reent.o)
                              C:/msys64/mingw64/bin/../lib/gcc/arm-none-eabi/13.3.0/../../../../arm-none-eabi/lib/thumb/v7-m/nofp\libc_nano.a(libc_a-closer.o) (errno)
C:/msys64/mingw64/bin/../lib/gcc/arm-none-eabi/13.3.0/../../../../arm-none-eabi/lib/thumb/v7-m/nofp\libc_nano.a(libc_a-impure.o)
                              C:/msys64/mingw64/bin/../lib/gcc/arm-none-eabi/13.3.0/../../../../arm-none-eabi/lib/thumb/v7-m/nofp\libc_nano.a(libc_a-vsnprintf.o) (_impure_ptr)
C:/msys64/mingw64/bin/../lib/gcc/arm-none-eabi/13.3.0/../../../../arm-none-eabi/lib/thumb/v7-m/nofp\libc_nano.a(libc_a-lseekr.o)
                              C:/msys64/mingw64/bin/../lib/gcc/arm-none-eabi/13.3.0/../../../../arm-none-eabi/lib/thumb/v7-m/nofp\libc_nano.a(libc_a-stdio.o) (_lseek_r)
C:/msys64/mingw64/bin/../lib/gcc/arm-none-eabi/13.3.0/../../../../arm-none-eabi/lib/thumb/v7-m/nofp\libc_nano.a(libc_a-readr.o)
                              C:/msys64/mingw64/bin/../lib/gcc/arm-none-eabi/13.3.0/../../../../arm-none-eabi/lib/thumb/v7-m/nofp\libc_nano.a(libc_a-stdio.o) (_read_r)
C:/msys64/mingw64/bin/../lib/gcc/arm-none-eabi/13.3.0/../../../../arm-none-eabi/lib/thumb/v7-m/nofp\libc_nano.a(libc_a-writer.o)
                              C:/msys64/mingw64/bin/../lib/gcc/arm-none-eabi/13.3.0/../../../../arm-none-eabi/lib/thumb/v7-m/nofp\libc_nano.a(libc_a-stdio.o) (_write_r)
C:/msys64/mingw64/bin/../lib/gcc/arm-none-eabi/13.3.0/../../../../arm-none-eabi/lib/thumb/v7-m/nofp\libc_nano.a(libc_a-errno.o)
                              build/sysmem.o (__errno)
C:/msys64/mingw64/bin/../lib/gcc/arm-none-eabi/13.3.0/../../../../arm-none-eabi/lib/thumb/v7-m/nofp\libc_nano.a(libc_a-init.o)
                              C:/msys64/mingw64/bin/../lib/gcc/arm-none-eabi/13.3.0/../../../../arm-none-eabi/lib/thumb/v7-m/nofp/crt0.o (__libc_init_array)
C:/msys64/mingw64/bin/../lib/gcc/arm-none-eabi/13.3.0/../../../../arm-none-eabi/lib/thumb/v7-m/nofp\libc_nano.a(libc_a-fini.o)
                              C:/msys64/mingw64/bin/../lib/gcc/arm-none-eabi/13.3.0/../../../../arm-none-eabi/lib/thumb/v7-m/nofp/crt0.o (__libc_fini_array)
C:/msys64/mingw64/bin/../lib/gcc/arm-none-eabi/13.3.0/../../../../arm-none-eabi/lib/thumb/v7-m/nofp\libc_nano.a(libc_a-lock.o)
                              C:/msys64/mingw64/bin/../lib/gcc/arm-none-eabi/13.3.0/../../../../arm-none-eabi/lib/thumb/v7-m/nofp\libc_nano.a(libc_a-findfp.o) (__retarget_lock_init_recursive)
[...]
Memory Configuration

Name             Origin             Length             Attributes
RAM              0x20000000         0x00002800         xrw
FLASH            0x08000000         0x00008000         xr
*default*        0x00000000         0xffffffff

Linker script and memory map

LOAD C:/msys64/mingw64/bin/../lib/gcc/arm-none-eabi/13.3.0/thumb/v7-m/nofp/crti.o
LOAD C:/msys64/mingw64/bin/../lib/gcc/arm-none-eabi/13.3.0/thumb/v7-m/nofp/crtbegin.o
LOAD C:/msys64/mingw64/bin/../lib/gcc/arm-none-eabi/13.3.0/../../../../arm-none-eabi/lib/thumb/v7-m/nofp/crt0.o
LOAD build/main.o
LOAD build/hal_gpio.o
LOAD build/hal_tim.o
LOAD build/hal_usart.o
LOAD build/hal_utils.o
LOAD build/syscfg.o
LOAD build/stm32f1xx_it.o
LOAD build/stm32f1xx_hal_msp.o
LOAD build/stm32f1xx_hal_gpio_ex.o
LOAD build/stm32f1xx_hal_tim.o
LOAD build/stm32f1xx_hal_tim_ex.o
LOAD build/stm32f1xx_hal.o
LOAD build/stm32f1xx_hal_rcc.o
LOAD build/stm32f1xx_hal_rcc_ex.o
LOAD build/stm32f1xx_hal_gpio.o
LOAD build/stm32f1xx_hal_dma.o
LOAD build/stm32f1xx_hal_cortex.o
LOAD build/stm32f1xx_hal_pwr.o
LOAD build/stm32f1xx_hal_flash.o
LOAD build/stm32f1xx_hal_flash_ex.o
LOAD build/stm32f1xx_hal_exti.o
LOAD build/stm32f1xx_hal_uart.o
LOAD build/system_stm32f1xx.o
LOAD build/sysmem.o
LOAD build/syscalls.o
LOAD build/hx711.o
LOAD build/hx711_hw.o
LOAD build/startup_stm32f103x6.o
LOAD C:/msys64/mingw64/bin/../lib/gcc/arm-none-eabi/13.3.0/../../../../arm-none-eabi/lib/thumb/v7-m/nofp\libc_nano.a
LOAD C:/msys64/mingw64/bin/../lib/gcc/arm-none-eabi/13.3.0/../../../../arm-none-eabi/lib/thumb/v7-m/nofp\libm.a
LOAD C:/msys64/mingw64/bin/../lib/gcc/arm-none-eabi/13.3.0/../../../../arm-none-eabi/lib/thumb/v7-m/nofp\libnosys.a
START GROUP
LOAD C:/msys64/mingw64/bin/../lib/gcc/arm-none-eabi/13.3.0/thumb/v7-m/nofp\libgcc.a
LOAD C:/msys64/mingw64/bin/../lib/gcc/arm-none-eabi/13.3.0/../../../../arm-none-eabi/lib/thumb/v7-m/nofp\libc_nano.a
END GROUP
START GROUP
LOAD C:/msys64/mingw64/bin/../lib/gcc/arm-none-eabi/13.3.0/thumb/v7-m/nofp\libgcc.a
LOAD C:/msys64/mingw64/bin/../lib/gcc/arm-none-eabi/13.3.0/../../../../arm-none-eabi/lib/thumb/v7-m/nofp\libc_nano.a
END GROUP
LOAD C:/msys64/mingw64/bin/../lib/gcc/arm-none-eabi/13.3.0/thumb/v7-m/nofp/crtend.o
LOAD C:/msys64/mingw64/bin/../lib/gcc/arm-none-eabi/13.3.0/thumb/v7-m/nofp/crtn.o
                0x20002800                        _estack = (ORIGIN (RAM) + LENGTH (RAM))
                0x00000200                        _Min_Heap_Size = 0x200
                0x00000400                        _Min_Stack_Size = 0x400

.isr_vector     0x08000000      0x10c
                0x08000000                        . = ALIGN (0x4)
 *(.isr_vector)
 .isr_vector    0x08000000      0x10c build/startup_stm32f103x6.o
                0x08000000                g_pfnVectors
                0x0800010c                        . = ALIGN (0x4)

.text           0x0800010c     0x2b4c
                0x0800010c                        . = ALIGN (0x4)
 *(.text)
 .text          0x0800010c       0xe4 C:/msys64/mingw64/bin/../lib/gcc/arm-none-eabi/13.3.0/../../../../arm-none-eabi/lib/thumb/v7-m/nofp\libc_nano.a(libc_a-vsnprintf.o)
                0x0800010c                vsniprintf
                0x0800010c                vsnprintf
                0x08000180                _vsniprintf_r
                0x08000180                _vsnprintf_r
 .text          0x080001f0       0xa0 C:/msys64/mingw64/bin/../lib/gcc/arm-none-eabi/13.3.0/../../../../arm-none-eabi/lib/thumb/v7-m/nofp\libc_nano.a(libc_a-memset.o)
                0x080001f0                memset
 .text          0x08000290        0xc C:/msys64/mingw64/bin/../lib/gcc/arm-none-eabi/13.3.0/../../../../arm-none-eabi/lib/thumb/v7-m/nofp\libc_nano.a(libc_a-errno.o)
                0x08000290                __errno
 .text          0x0800029c       0x50 C:/msys64/mingw64/bin/../lib/gcc/arm-none-eabi/13.3.0/../../../../arm-none-eabi/lib/thumb/v7-m/nofp\libc_nano.a(libc_a-init.o)
                0x0800029c                __libc_init_array
 .text          0x080002ec       0x28 C:/msys64/mingw64/bin/../lib/gcc/arm-none-eabi/13.3.0/../../../../arm-none-eabi/lib/thumb/v7-m/nofp\libc_nano.a(libc_a-lock.o)
                0x080002ec                __retarget_lock_init
                0x080002f0                __retarget_lock_init_recursive
                0x080002f4                __retarget_lock_close
                0x080002f8                __retarget_lock_close_recursive
                0x080002fc                __retarget_lock_acquire
                0x08000300                __retarget_lock_acquire_recursive
                0x08000304                __retarget_lock_try_acquire
                0x08000308                __retarget_lock_try_acquire_recursive
                0x0800030c                __retarget_lock_release
                0x08000310                __retarget_lock_release_recursive
 .text          0x08000314       0x5c C:/msys64/mingw64/bin/../lib/gcc/arm-none-eabi/13.3.0/../../../../arm-none-eabi/lib/thumb/v7-m/nofp\libc_nano.a(libc_a-strlen-stub.o)
                0x08000314                strlen
 .text          0x08000370       0xbc C:/msys64/mingw64/bin/../lib/gcc/arm-none-eabi/13.3.0/../../../../arm-none-eabi/lib/thumb/v7-m/nofp\libc_nano.a(libc_a-freer.o)
                0x08000370                _free_r
 .text          0x0800042c      0x144 C:/msys64/mingw64/bin/../lib/gcc/arm-none-eabi/13.3.0/../../../../arm-none-eabi/lib/thumb/v7-m/nofp\libc_nano.a(libc_a-mallocr.o)
                0x08000478                _malloc_r
 .text          0x08000570       0x18 C:/msys64/mingw64/bin/../lib/gcc/arm-none-eabi/13.3.0/../../../../arm-none-eabi/lib/thumb/v7-m/nofp\libc_nano.a(libc_a-mlock.o)
                0x08000570                __malloc_lock
                0x0800057c                __malloc_unlock
 .text          0x08000588      0x400 C:/msys64/mingw64/bin/../lib/gcc/arm-none-eabi/13.3.0/../../../../arm-none-eabi/lib/thumb/v7-m/nofp\libc_nano.a(libc_a-nano-svfprintf.o)
                0x08000588                __ssputs_r
                0x08000648                __ssprint_r
                0x08000758                _svfiprintf_r
                0x08000758                _svfprintf_r
 .text          0x08000988      0x3a4 C:/msys64/mingw64/bin/../lib/gcc/arm-none-eabi/13.3.0/../../../../arm-none-eabi/lib/thumb/v7-m/nofp\libc_nano.a(libc_a-nano-vfprintf_i.o)
                0x08000988                _printf_common
                0x08000aac                _printf_i
 .text          0x08000d2c       0xfc C:/msys64/mingw64/bin/../lib/gcc/arm-none-eabi/13.3.0/../../../../arm-none-eabi/lib/thumb/v7-m/nofp\libc_nano.a(libc_a-memmove.o)
                0x08000d2c                memmove
 .text          0x08000e28       0x24 C:/msys64/mingw64/bin/../lib/gcc/arm-none-eabi/13.3.0/../../../../arm-none-eabi/lib/thumb/v7-m/nofp\libc_nano.a(libc_a-sbrkr.o)
                0x08000e28                _sbrk_r
 .text          0x08000e4c       0x98 C:/msys64/mingw64/bin/../lib/gcc/arm-none-eabi/13.3.0/../../../../arm-none-eabi/lib/thumb/v7-m/nofp\libc_nano.a(libc_a-memchr-stub.o)
                0x08000e4c                memchr
 .text          0x08000ee4       0xec C:/msys64/mingw64/bin/../lib/gcc/arm-none-eabi/13.3.0/../../../../arm-none-eabi/lib/thumb/v7-m/nofp\libc_nano.a(libc_a-memcpy.o)
                0x08000ee4                memcpy
 .text          0x08000fd0       0x68 C:/msys64/mingw64/bin/../lib/gcc/arm-none-eabi/13.3.0/../../../../arm-none-eabi/lib/thumb/v7-m/nofp\libc_nano.a(libc_a-reallocr.o)
                0x08000fd0                _realloc_r
 .text          0x08001038       0x10 C:/msys64/mingw64/bin/../lib/gcc/arm-none-eabi/13.3.0/../../../../arm-none-eabi/lib/thumb/v7-m/nofp\libc_nano.a(libc_a-msizer.o)
                0x08001038                _malloc_usable_size_r
 .text          0x08001048      0x21c C:/msys64/mingw64/bin/../lib/gcc/arm-none-eabi/13.3.0/thumb/v7-m/nofp\libgcc.a(_arm_addsubsf3.o)
                0x08001048                __aeabi_frsub
                0x08001050                __subsf3
                0x08001050                __aeabi_fsub
                0x08001054                __aeabi_fadd
                0x08001054                __addsf3
                0x080011b4                __aeabi_ui2f
                0x080011b4                __floatunsisf
                0x080011bc                __aeabi_i2f
                0x080011bc                __floatsisf
                0x080011d8                __aeabi_ul2f
                0x080011d8                __floatundisf
                0x080011e8                __aeabi_l2f
                0x080011e8                __floatdisf
 .text          0x08001264      0x2a0 C:/msys64/mingw64/bin/../lib/gcc/arm-none-eabi/13.3.0/thumb/v7-m/nofp\libgcc.a(_arm_muldivsf3.o)
                0x08001264                __mulsf3
                0x08001264                __aeabi_fmul
                0x080013cc                __aeabi_fdiv
                0x080013cc                __divsf3
 *(.text*)
 .text.__do_global_dtors_aux
                0x08001504       0x24 C:/msys64/mingw64/bin/../lib/gcc/arm-none-eabi/13.3.0/thumb/v7-m/nofp/crtbegin.o
 .text.frame_dummy
                0x08001528       0x1c C:/msys64/mingw64/bin/../lib/gcc/arm-none-eabi/13.3.0/thumb/v7-m/nofp/crtbegin.o
 .text.hx711_com_init
                0x08001544       0x20 build/main.o
 .text.main     0x08001564       0x60 build/main.o
                0x08001564                main
 .text.Error_Handler
                0x080015c4        0x4 build/main.o
                0x080015c4                Error_Handler
 .text.hal_gpio_builtin_led_init
                0x080015c8       0x50 build/hal_gpio.o
                0x080015c8                hal_gpio_builtin_led_init
 .text.hal_gpio_hx711_dat_init
                0x08001618       0x40 build/hal_gpio.o
                0x08001618                hal_gpio_hx711_dat_init
 .text.hal_gpio_hx711_sck_init
                0x08001658       0x50 build/hal_gpio.o
                0x08001658                hal_gpio_hx711_sck_init
 .text.MX_GPIO_Init
                0x080016a8       0x10 build/hal_gpio.o
                0x080016a8                MX_GPIO_Init
 .text.hal_gpio_hx711_write_sck
                0x080016b8       0x18 build/hal_gpio.o
                0x080016b8                hal_gpio_hx711_write_sck
 .text.hal_gpio_hx711_read_dat
                0x080016d0       0x14 build/hal_gpio.o
                0x080016d0                hal_gpio_hx711_read_dat
 .text.MX_TIM2_Init
                0x080016e4       0x6c build/hal_tim.o
                0x080016e4                MX_TIM2_Init
 .text.HAL_TIM_Base_MspInit
                0x08001750       0x26 build/hal_tim.o
                0x08001750                HAL_TIM_Base_MspInit
 *fill*         0x08001776        0x2 
 .text.hal_tim_busy_wait_us
                0x08001778       0x14 build/hal_tim.o
                0x08001778                hal_tim_busy_wait_us
 .text.MX_USART1_UART_Init
                0x0800178c       0x34 build/hal_usart.o
                0x0800178c                MX_USART1_UART_Init
 .text.HAL_UART_MspInit
                0x080017c0       0x88 build/hal_usart.o
                0x080017c0                HAL_UART_MspInit
 .text.hal_uart_printf
                0x08001848       0x3c build/hal_usart.o
                0x08001848                hal_uart_printf
 .text.SystemClock_Config
                0x08001884       0x8a build/syscfg.o
                0x08001884                SystemClock_Config
 .text.NMI_Handler
                0x0800190e        0x2 build/stm32f1xx_it.o
                0x0800190e                NMI_Handler
 .text.HardFault_Handler
                0x08001910        0x2 build/stm32f1xx_it.o
                0x08001910                HardFault_Handler
 .text.MemManage_Handler
                0x08001912        0x2 build/stm32f1xx_it.o
                0x08001912                MemManage_Handler
 .text.BusFault_Handler
                0x08001914        0x2 build/stm32f1xx_it.o
                0x08001914                BusFault_Handler
 .text.UsageFault_Handler
                0x08001916        0x2 build/stm32f1xx_it.o
                0x08001916                UsageFault_Handler
 .text.SVC_Handler
                0x08001918        0x2 build/stm32f1xx_it.o
                0x08001918                SVC_Handler
 .text.DebugMon_Handler
                0x0800191a        0x2 build/stm32f1xx_it.o
                0x0800191a                DebugMon_Handler
 .text.PendSV_Handler
                0x0800191c        0x2 build/stm32f1xx_it.o
                0x0800191c                PendSV_Handler
 .text.SysTick_Handler
                0x0800191e        0x8 build/stm32f1xx_it.o
                0x0800191e                SysTick_Handler
 *fill*         0x08001926        0x2 
 .text.HAL_MspInit
                0x08001928       0x44 build/stm32f1xx_hal_msp.o
                0x08001928                HAL_MspInit
 .text.TIM_TI1_ConfigInputStage
                0x0800196c       0x24 build/stm32f1xx_hal_tim.o
 .text.TIM_TI2_ConfigInputStage
                0x08001990       0x26 build/stm32f1xx_hal_tim.o
 .text.TIM_ITRx_SetConfig
                0x080019b6       0x10 build/stm32f1xx_hal_tim.o
 *fill*         0x080019c6        0x2 
 .text.HAL_TIM_Base_Start
                0x080019c8       0x54 build/stm32f1xx_hal_tim.o
                0x080019c8                HAL_TIM_Base_Start
 .text.TIM_Base_SetConfig
                0x08001a1c       0x74 build/stm32f1xx_hal_tim.o
                0x08001a1c                TIM_Base_SetConfig
 .text.HAL_TIM_Base_Init
                0x08001a90       0x58 build/stm32f1xx_hal_tim.o
                0x08001a90                HAL_TIM_Base_Init
 .text.TIM_ETR_SetConfig
                0x08001ae8       0x18 build/stm32f1xx_hal_tim.o
                0x08001ae8                TIM_ETR_SetConfig
 .text.HAL_TIM_ConfigClockSource
                0x08001b00       0xfe build/stm32f1xx_hal_tim.o
                0x08001b00                HAL_TIM_ConfigClockSource
 *fill*         0x08001bfe        0x2 
 .text.HAL_TIMEx_MasterConfigSynchronization
                0x08001c00       0x64 build/stm32f1xx_hal_tim_ex.o
                0x08001c00                HAL_TIMEx_MasterConfigSynchronization
 .text.HAL_InitTick
                0x08001c64       0x4c build/stm32f1xx_hal.o
                0x08001c64                HAL_InitTick
 .text.HAL_Init
                0x08001cb0       0x24 build/stm32f1xx_hal.o
                0x08001cb0                HAL_Init
 .text.HAL_IncTick
                0x08001cd4       0x18 build/stm32f1xx_hal.o
                0x08001cd4                HAL_IncTick
 .text.HAL_GetTick
                0x08001cec        0xc build/stm32f1xx_hal.o
                0x08001cec                HAL_GetTick
 .text.HAL_Delay
                0x08001cf8       0x28 build/stm32f1xx_hal.o
                0x08001cf8                HAL_Delay
 .text.RCC_Delay
                0x08001d20       0x2c build/stm32f1xx_hal_rcc.o
 .text.HAL_RCC_OscConfig
                0x08001d4c      0x410 build/stm32f1xx_hal_rcc.o
                0x08001d4c                HAL_RCC_OscConfig
 .text.HAL_RCC_GetSysClockFreq
                0x0800215c       0x54 build/stm32f1xx_hal_rcc.o
                0x0800215c                HAL_RCC_GetSysClockFreq
 .text.HAL_RCC_ClockConfig
                0x080021b0      0x16c build/stm32f1xx_hal_rcc.o
                0x080021b0                HAL_RCC_ClockConfig
 .text.HAL_RCC_GetHCLKFreq
                0x0800231c        0xc build/stm32f1xx_hal_rcc.o
                0x0800231c                HAL_RCC_GetHCLKFreq
 .text.HAL_RCC_GetPCLK1Freq
                0x08002328       0x20 build/stm32f1xx_hal_rcc.o
                0x08002328                HAL_RCC_GetPCLK1Freq
 .text.HAL_RCC_GetPCLK2Freq
                0x08002348       0x20 build/stm32f1xx_hal_rcc.o
                0x08002348                HAL_RCC_GetPCLK2Freq
 .text.HAL_RCCEx_PeriphCLKConfig
                0x08002368      0x118 build/stm32f1xx_hal_rcc_ex.o
                0x08002368                HAL_RCCEx_PeriphCLKConfig
 .text.HAL_GPIO_Init
                0x08002480      0x214 build/stm32f1xx_hal_gpio.o
                0x08002480                HAL_GPIO_Init
 .text.HAL_GPIO_ReadPin
                0x08002694        0xe build/stm32f1xx_hal_gpio.o
                0x08002694                HAL_GPIO_ReadPin
 .text.HAL_GPIO_WritePin
                0x080026a2        0xc build/stm32f1xx_hal_gpio.o
                0x080026a2                HAL_GPIO_WritePin
 .text.HAL_GPIO_TogglePin
                0x080026ae       0x12 build/stm32f1xx_hal_gpio.o
                0x080026ae                HAL_GPIO_TogglePin
 .text.__NVIC_SetPriority
                0x080026c0       0x28 build/stm32f1xx_hal_cortex.o
 .text.NVIC_EncodePriority
                0x080026e8       0x3e build/stm32f1xx_hal_cortex.o
 *fill*         0x08002726        0x2 
 .text.HAL_NVIC_SetPriorityGrouping
                0x08002728       0x24 build/stm32f1xx_hal_cortex.o
                0x08002728                HAL_NVIC_SetPriorityGrouping
 .text.HAL_NVIC_SetPriority
                0x0800274c       0x20 build/stm32f1xx_hal_cortex.o
                0x0800274c                HAL_NVIC_SetPriority
 .text.HAL_NVIC_EnableIRQ
                0x0800276c       0x1c build/stm32f1xx_hal_cortex.o
                0x0800276c                HAL_NVIC_EnableIRQ
 .text.HAL_SYSTICK_Config
                0x08002788       0x28 build/stm32f1xx_hal_cortex.o
                0x08002788                HAL_SYSTICK_Config
 .text.UART_EndRxTransfer
                0x080027b0       0x5c build/stm32f1xx_hal_uart.o
 .text.UART_SetConfig
                0x0800280c       0x94 build/stm32f1xx_hal_uart.o
 .text.UART_WaitOnFlagUntilTimeout
                0x080028a0       0x86 build/stm32f1xx_hal_uart.o
 .text.HAL_UART_Init
                0x08002926       0x60 build/stm32f1xx_hal_uart.o
                0x08002926                HAL_UART_Init
 .text.HAL_UART_Transmit
                0x08002986       0xcc build/stm32f1xx_hal_uart.o
                0x08002986                HAL_UART_Transmit
 .text.SystemInit
                0x08002a52        0x2 build/system_stm32f1xx.o
                0x08002a52                SystemInit
 .text._sbrk    0x08002a54       0x48 build/sysmem.o
                0x08002a54                _sbrk
 .text.hx711_set_gain
                0x08002a9c        0xc build/hx711.o
                0x08002a9c                hx711_set_gain
 .text.hx711_get_data_raw
                0x08002aa8       0x74 build/hx711.o
                0x08002aa8                hx711_get_data_raw
 .text.hx711_tare
                0x08002b1c       0x2c build/hx711.o
                0x08002b1c                hx711_tare
 .text.hx711_init
                0x08002b48       0x54 build/hx711.o
                0x08002b48                hx711_init
 .text.hx711_set_hw_ops
                0x08002b9c       0x10 build/hx711_hw.o
                0x08002b9c                hx711_set_hw_ops
 .text.hx711_write_clk
                0x08002bac       0x18 build/hx711_hw.o
                0x08002bac                hx711_write_clk
 .text.hx711_read_dat
                0x08002bc4       0x18 build/hx711_hw.o
                0x08002bc4                hx711_read_dat
 .text.hx711_us_delay
                0x08002bdc       0x18 build/hx711_hw.o
                0x08002bdc                hx711_us_delay
 .text.Reset_Handler
                0x08002bf4       0x48 build/startup_stm32f103x6.o
                0x08002bf4                Reset_Handler
 .text.Default_Handler
                0x08002c3c        0x2 build/startup_stm32f103x6.o
                0x08002c3c                RTC_Alarm_IRQHandler
                0x08002c3c                EXTI2_IRQHandler
                0x08002c3c                TIM1_CC_IRQHandler
                0x08002c3c                PVD_IRQHandler
                0x08002c3c                EXTI3_IRQHandler
                0x08002c3c                EXTI0_IRQHandler
                0x08002c3c                ADC1_2_IRQHandler
                0x08002c3c                SPI1_IRQHandler
                0x08002c3c                TAMPER_IRQHandler
                0x08002c3c                DMA1_Channel4_IRQHandler
                0x08002c3c                RTC_IRQHandler
                0x08002c3c                DMA1_Channel7_IRQHandler
                0x08002c3c                CAN1_RX1_IRQHandler
                0x08002c3c                I2C1_EV_IRQHandler
                0x08002c3c                DMA1_Channel6_IRQHandler
                0x08002c3c                TIM3_IRQHandler
                0x08002c3c                RCC_IRQHandler
                0x08002c3c                TIM1_TRG_COM_IRQHandler
                0x08002c3c                DMA1_Channel1_IRQHandler
                0x08002c3c                Default_Handler
                0x08002c3c                EXTI15_10_IRQHandler
                0x08002c3c                EXTI9_5_IRQHandler
                0x08002c3c                DMA1_Channel5_IRQHandler
                0x08002c3c                EXTI4_IRQHandler
                0x08002c3c                USB_LP_CAN1_RX0_IRQHandler
                0x08002c3c                USB_HP_CAN1_TX_IRQHandler
                0x08002c3c                DMA1_Channel3_IRQHandler
                0x08002c3c                TIM1_UP_IRQHandler
                0x08002c3c                WWDG_IRQHandler
                0x08002c3c                TIM2_IRQHandler
                0x08002c3c                TIM1_BRK_IRQHandler
                0x08002c3c                EXTI1_IRQHandler
                0x08002c3c                USART2_IRQHandler
                0x08002c3c                DMA1_Channel2_IRQHandler
                0x08002c3c                CAN1_SCE_IRQHandler
                0x08002c3c                FLASH_IRQHandler
                0x08002c3c                USART1_IRQHandler
                0x08002c3c                I2C1_ER_IRQHandler
                0x08002c3c                USBWakeUp_IRQHandler
 *(.glue_7)
 .glue_7        0x08002c3e        0x0 linker stubs
 *(.glue_7t)
 .glue_7t       0x08002c3e        0x0 linker stubs
 *(.eh_frame)
 *fill*         0x08002c3e        0x2 
 .eh_frame      0x08002c40        0x0 C:/msys64/mingw64/bin/../lib/gcc/arm-none-eabi/13.3.0/thumb/v7-m/nofp/crtbegin.o
 *(.init)
 .init          0x08002c40        0x4 C:/msys64/mingw64/bin/../lib/gcc/arm-none-eabi/13.3.0/thumb/v7-m/nofp/crti.o
                0x08002c40                _init
 .init          0x08002c44        0x8 C:/msys64/mingw64/bin/../lib/gcc/arm-none-eabi/13.3.0/thumb/v7-m/nofp/crtn.o
 *(.fini)
 .fini          0x08002c4c        0x4 C:/msys64/mingw64/bin/../lib/gcc/arm-none-eabi/13.3.0/thumb/v7-m/nofp/crti.o
                0x08002c4c                _fini
 .fini          0x08002c50        0x8 C:/msys64/mingw64/bin/../lib/gcc/arm-none-eabi/13.3.0/thumb/v7-m/nofp/crtn.o
                0x08002c58                        . = ALIGN (0x4)
                0x08002c58                        _etext = .

.vfp11_veneer   0x08002c58        0x0
 .vfp11_veneer  0x08002c58        0x0 linker stubs

.v4_bx          0x08002c58        0x0
 .v4_bx         0x08002c58        0x0 linker stubs

.iplt           0x08002c58        0x0
 .iplt          0x08002c58        0x0 C:/msys64/mingw64/bin/../lib/gcc/arm-none-eabi/13.3.0/thumb/v7-m/nofp/crtbegin.o

.rodata         0x08002c58       0xa4
                0x08002c58                        . = ALIGN (0x4)
 *(.rodata)
 .rodata        0x08002c58        0xc build/main.o
 *(.rodata*)
 .rodata.main.str1.4
                0x08002c64       0x69 build/main.o
                                 0x2f (size before relaxing)
 *fill*         0x08002ccd        0x3 
 .rodata.aPredivFactorTable.0
                0x08002cd0        0x2 build/stm32f1xx_hal_rcc.o
 *fill*         0x08002cd2        0x2 
 .rodata.aPLLMULFactorTable.1
                0x08002cd4       0x10 build/stm32f1xx_hal_rcc.o
 .rodata.APBPrescTable
                0x08002ce4        0x8 build/system_stm32f1xx.o
                0x08002ce4                APBPrescTable
 .rodata.AHBPrescTable
                0x08002cec       0x10 build/system_stm32f1xx.o
                0x08002cec                AHBPrescTable
 .rodata.str1.4
                0x08002cfc       0x13 C:/msys64/mingw64/bin/../lib/gcc/arm-none-eabi/13.3.0/../../../../arm-none-eabi/lib/thumb/v7-m/nofp\libc_nano.a(libc_a-nano-svfprintf.o)
 .rodata.str1.4
                0x08002cfc       0x25 C:/msys64/mingw64/bin/../lib/gcc/arm-none-eabi/13.3.0/../../../../arm-none-eabi/lib/thumb/v7-m/nofp\libc_nano.a(libc_a-nano-vfprintf_i.o)
                0x08002d24                        . = ALIGN (0x4)

.ARM.extab
 *(.ARM.extab* .gnu.linkonce.armextab.*)

.ARM            0x08002cfc        0x8
                0x08002cfc                        __exidx_start = .
 *(.ARM.exidx*)
 .ARM.exidx     0x08002cfc        0x8 C:/msys64/mingw64/bin/../lib/gcc/arm-none-eabi/13.3.0/../../../../arm-none-eabi/lib/thumb/v7-m/nofp\libc_nano.a(libc_a-memcpy.o)
                0x08002d04                        __exidx_end = .

.rel.dyn        0x08002d04        0x0
 .rel.iplt      0x08002d04        0x0 C:/msys64/mingw64/bin/../lib/gcc/arm-none-eabi/13.3.0/thumb/v7-m/nofp/crtbegin.o

.preinit_array  0x08002d04        0x0
                0x08002d04                        PROVIDE (__preinit_array_start = .)
 *(.preinit_array*)
                0x08002d04                        PROVIDE (__preinit_array_end = .)

.init_array     0x08002d04        0x4
                0x08002d04                        PROVIDE (__init_array_start = .)
 *(SORT_BY_NAME(.init_array.*))
 *(.init_array*)
 .init_array    0x08002d04        0x4 C:/msys64/mingw64/bin/../lib/gcc/arm-none-eabi/13.3.0/thumb/v7-m/nofp/crtbegin.o
                0x08002d08                        PROVIDE (__init_array_end = .)

.fini_array     0x08002d08        0x4
                0x08002d08                        PROVIDE (__fini_array_start = .)
 *(SORT_BY_NAME(.fini_array.*))
 *(.fini_array*)
 .fini_array    0x08002d08        0x4 C:/msys64/mingw64/bin/../lib/gcc/arm-none-eabi/13.3.0/thumb/v7-m/nofp/crtbegin.o
                0x08002d0c                        PROVIDE (__fini_array_end = .)
                0x08002d0c                        _sidata = LOADADDR (.data)

.data           0x20000000       0x78 load address 0x08002d0c
                0x20000000                        . = ALIGN (0x4)
                0x20000000                        _sdata = .
 *(.data)
 .data          0x20000000       0x50 C:/msys64/mingw64/bin/../lib/gcc/arm-none-eabi/13.3.0/../../../../arm-none-eabi/lib/thumb/v7-m/nofp\libc_nano.a(libc_a-impure.o)
                0x20000000                _impure_ptr
                0x20000004                _impure_data
 *(.data*)
 .data.uwTickFreq
                0x20000050        0x1 build/stm32f1xx_hal.o
                0x20000050                uwTickFreq
 *fill*         0x20000051        0x3 
 .data.uwTickPrio
                0x20000054        0x4 build/stm32f1xx_hal.o
                0x20000054                uwTickPrio
 .data.SystemCoreClock
                0x20000058        0x4 build/system_stm32f1xx.o
                0x20000058                SystemCoreClock
 .data._calib_val
                0x2000005c       0x1c build/hx711.o
                0x20000078                        . = ALIGN (0x4)
                0x20000078                        _edata = .

.igot.plt       0x20000078        0x0 load address 0x08002d84
 .igot.plt      0x20000078        0x0 C:/msys64/mingw64/bin/../lib/gcc/arm-none-eabi/13.3.0/thumb/v7-m/nofp/crtbegin.o
                0x20000078                        . = ALIGN (0x4)

.bss            0x20000078      0x228 load address 0x08002d84
                0x20000078                        _sbss = .
                0x20000078                        __bss_start__ = _sbss
 *(.bss)
 .bss           0x20000078      0x13c C:/msys64/mingw64/bin/../lib/gcc/arm-none-eabi/13.3.0/../../../../arm-none-eabi/lib/thumb/v7-m/nofp\libc_nano.a(libc_a-findfp.o)
                0x20000078                __sf
                0x200001b0                __stdio_exit_handler
 .bss           0x200001b4        0x4 C:/msys64/mingw64/bin/../lib/gcc/arm-none-eabi/13.3.0/../../../../arm-none-eabi/lib/thumb/v7-m/nofp\libc_nano.a(libc_a-reent.o)
                0x200001b4                errno
 .bss           0x200001b8       0x1d C:/msys64/mingw64/bin/../lib/gcc/arm-none-eabi/13.3.0/../../../../arm-none-eabi/lib/thumb/v7-m/nofp\libc_nano.a(libc_a-lock.o)
                0x200001b8                __lock___arc4random_mutex
                0x200001bc                __lock___dd_hash_mutex
                0x200001c0                __lock___tz_mutex
                0x200001c4                __lock___env_recursive_mutex
                0x200001c8                __lock___malloc_recursive_mutex
                0x200001cc                __lock___at_quick_exit_mutex
                0x200001d0                __lock___atexit_recursive_mutex
                0x200001d4                __lock___sfp_recursive_mutex
 *fill*         0x200001d5        0x3 
 .bss           0x200001d8        0x8 C:/msys64/mingw64/bin/../lib/gcc/arm-none-eabi/13.3.0/../../../../arm-none-eabi/lib/thumb/v7-m/nofp\libc_nano.a(libc_a-mallocr.o)
                0x200001d8                __malloc_sbrk_start
                0x200001dc                __malloc_free_list
 *(.bss*)
 .bss.completed.1
                0x200001e0        0x1 C:/msys64/mingw64/bin/../lib/gcc/arm-none-eabi/13.3.0/thumb/v7-m/nofp/crtbegin.o
 *fill*         0x200001e1        0x3 
 .bss.object.0  0x200001e4       0x18 C:/msys64/mingw64/bin/../lib/gcc/arm-none-eabi/13.3.0/thumb/v7-m/nofp/crtbegin.o
 .bss.htim2     0x200001fc       0x48 build/hal_tim.o
                0x200001fc                htim2
 .bss.huart1    0x20000244       0x48 build/hal_usart.o
                0x20000244                huart1
 .bss.uwTick    0x2000028c        0x4 build/stm32f1xx_hal.o
                0x2000028c                uwTick
 .bss.__sbrk_heap_end
                0x20000290        0x4 build/sysmem.o
 .bss.hx711_hw_ops
                0x20000294        0xc build/hx711_hw.o
 *(COMMON)
                0x200002a0                        . = ALIGN (0x4)
                0x200002a0                        _ebss = .
                0x200002a0                        __bss_end__ = _ebss

._user_heap_stack
                0x200002a0      0x600 load address 0x08002d84
                0x200002a0                        . = ALIGN (0x8)
                [!provide]                        PROVIDE (end = .)
                0x200002a0                        PROVIDE (_end = .)
                0x200004a0                        . = (. + _Min_Heap_Size)
 *fill*         0x200002a0      0x200 
                0x200008a0                        . = (. + _Min_Stack_Size)
 *fill*         0x200004a0      0x400 
                0x200008a0                        . = ALIGN (0x8)

/DISCARD/
 libc.a(*)
 libm.a(*)
 libgcc.a(*)
OUTPUT(build/calib.elf elf32-littlearm)
LOAD linker stubs
LOAD C:/msys64/mingw64/bin/../lib/gcc/arm-none-eabi/13.3.0/../../../../arm-none-eabi/lib/thumb/v7-m/nofp\libc.a
LOAD C:/msys64/mingw64/bin/../lib/gcc/arm-none-eabi/13.3.0/../../../../arm-none-eabi/lib/thumb/v7-m/nofp\libm.a
LOAD C:/msys64/mingw64/bin/../lib/gcc/arm-none-eabi/13.3.0/thumb/v7-m/nofp\libgcc.a

.ARM.attributes
                0x00000000       0x29
 .ARM.attributes
                0x00000000       0x1d C:/msys64/mingw64/bin/../lib/gcc/arm-none-eabi/13.3.0/thumb/v7-m/nofp/crti.o
 .ARM.attributes
                0x0000001d       0x2d C:/msys64/mingw64/bin/../lib/gcc/arm-none-eabi/13.3.0/thumb/v7-m/nofp/crtbegin.o
 .ARM.attributes
                0x0000004a       0x2d build/main.o
 .ARM.attributes
                0x00000077       0x2d build/hal_gpio.o
 .ARM.attributes
                0x000000a4       0x2d build/hal_tim.o
 .ARM.attributes
                0x000000d1       0x2d build/hal_usart.o
 .ARM.attributes
                0x000000fe       0x2d build/syscfg.o
 .ARM.attributes
                0x0000012b       0x2d build/stm32f1xx_it.o
 .ARM.attributes
                0x00000158       0x2d build/stm32f1xx_hal_msp.o
 .ARM.attributes
                0x00000185       0x2d build/stm32f1xx_hal_tim.o
 .ARM.attributes
                0x000001b2       0x2d build/stm32f1xx_hal_tim_ex.o
 .ARM.attributes
                0x000001df       0x2d build/stm32f1xx_hal.o
 .ARM.attributes
                0x0000020c       0x2d build/stm32f1xx_hal_rcc.o
 .ARM.attributes
                0x00000239       0x2d build/stm32f1xx_hal_rcc_ex.o
 .ARM.attributes
                0x00000266       0x2d build/stm32f1xx_hal_gpio.o
 .ARM.attributes
                0x00000293       0x2d build/stm32f1xx_hal_cortex.o
 .ARM.attributes
                0x000002c0       0x2d build/stm32f1xx_hal_uart.o
 .ARM.attributes
                0x000002ed       0x2d build/system_stm32f1xx.o
 .ARM.attributes
                0x0000031a       0x2d build/sysmem.o
 .ARM.attributes
                0x00000347       0x2d build/hx711.o
 .ARM.attributes
                0x00000374       0x2d build/hx711_hw.o
 .ARM.attributes
                0x000003a1       0x21 build/startup_stm32f103x6.o
 .ARM.attributes
                0x000003c2       0x2d C:/msys64/mingw64/bin/../lib/gcc/arm-none-eabi/13.3.0/../../../../arm-none-eabi/lib/thumb/v7-m/nofp\libc_nano.a(libc_a-findfp.o)
 .ARM.attributes
                0x000003ef       0x2d C:/msys64/mingw64/bin/../lib/gcc/arm-none-eabi/13.3.0/../../../../arm-none-eabi/lib/thumb/v7-m/nofp\libc_nano.a(libc_a-vsnprintf.o)
 .ARM.attributes
                0x0000041c       0x2d C:/msys64/mingw64/bin/../lib/gcc/arm-none-eabi/13.3.0/../../../../arm-none-eabi/lib/thumb/v7-m/nofp\libc_nano.a(libc_a-memset.o)
 .ARM.attributes
                0x00000449       0x2d C:/msys64/mingw64/bin/../lib/gcc/arm-none-eabi/13.3.0/../../../../arm-none-eabi/lib/thumb/v7-m/nofp\libc_nano.a(libc_a-reent.o)
 .ARM.attributes
                0x00000476       0x2d C:/msys64/mingw64/bin/../lib/gcc/arm-none-eabi/13.3.0/../../../../arm-none-eabi/lib/thumb/v7-m/nofp\libc_nano.a(libc_a-impure.o)
 .ARM.attributes
                0x000004a3       0x2d C:/msys64/mingw64/bin/../lib/gcc/arm-none-eabi/13.3.0/../../../../arm-none-eabi/lib/thumb/v7-m/nofp\libc_nano.a(libc_a-errno.o)
 .ARM.attributes
                0x000004d0       0x2d C:/msys64/mingw64/bin/../lib/gcc/arm-none-eabi/13.3.0/../../../../arm-none-eabi/lib/thumb/v7-m/nofp\libc_nano.a(libc_a-init.o)
 .ARM.attributes
                0x000004fd       0x2d C:/msys64/mingw64/bin/../lib/gcc/arm-none-eabi/13.3.0/../../../../arm-none-eabi/lib/thumb/v7-m/nofp\libc_nano.a(libc_a-lock.o)
 .ARM.attributes
                0x0000052a       0x2d C:/msys64/mingw64/bin/../lib/gcc/arm-none-eabi/13.3.0/../../../../arm-none-eabi/lib/thumb/v7-m/nofp\libc_nano.a(libc_a-strlen-stub.o)
 .ARM.attributes
                0x00000557       0x2d C:/msys64/mingw64/bin/../lib/gcc/arm-none-eabi/13.3.0/../../../../arm-none-eabi/lib/thumb/v7-m/nofp\libc_nano.a(libc_a-freer.o)
 .ARM.attributes
                0x00000584       0x2d C:/msys64/mingw64/bin/../lib/gcc/arm-none-eabi/13.3.0/../../../../arm-none-eabi/lib/thumb/v7-m/nofp\libc_nano.a(libc_a-mallocr.o)
 .ARM.attributes
                0x000005b1       0x2d C:/msys64/mingw64/bin/../lib/gcc/arm-none-eabi/13.3.0/../../../../arm-none-eabi/lib/thumb/v7-m/nofp\libc_nano.a(libc_a-mlock.o)
 .ARM.attributes
                0x000005de       0x2d C:/msys64/mingw64/bin/../lib/gcc/arm-none-eabi/13.3.0/../../../../arm-none-eabi/lib/thumb/v7-m/nofp\libc_nano.a(libc_a-nano-svfprintf.o)
 .ARM.attributes
                0x0000060b       0x2d C:/msys64/mingw64/bin/../lib/gcc/arm-none-eabi/13.3.0/../../../../arm-none-eabi/lib/thumb/v7-m/nofp\libc_nano.a(libc_a-nano-vfprintf_i.o)
 .ARM.attributes
                0x00000638       0x2d C:/msys64/mingw64/bin/../lib/gcc/arm-none-eabi/13.3.0/../../../../arm-none-eabi/lib/thumb/v7-m/nofp\libc_nano.a(libc_a-memmove.o)
 .ARM.attributes
                0x00000665       0x2d C:/msys64/mingw64/bin/../lib/gcc/arm-none-eabi/13.3.0/../../../../arm-none-eabi/lib/thumb/v7-m/nofp\libc_nano.a(libc_a-sbrkr.o)
 .ARM.attributes
                0x00000692       0x2d C:/msys64/mingw64/bin/../lib/gcc/arm-none-eabi/13.3.0/../../../../arm-none-eabi/lib/thumb/v7-m/nofp\libc_nano.a(libc_a-memchr-stub.o)
 .ARM.attributes
                0x000006bf       0x1b C:/msys64/mingw64/bin/../lib/gcc/arm-none-eabi/13.3.0/../../../../arm-none-eabi/lib/thumb/v7-m/nofp\libc_nano.a(libc_a-memcpy.o)
 .ARM.attributes
                0x000006da       0x2d C:/msys64/mingw64/bin/../lib/gcc/arm-none-eabi/13.3.0/../../../../arm-none-eabi/lib/thumb/v7-m/nofp\libc_nano.a(libc_a-reallocr.o)
 .ARM.attributes
                0x00000707       0x2d C:/msys64/mingw64/bin/../lib/gcc/arm-none-eabi/13.3.0/../../../../arm-none-eabi/lib/thumb/v7-m/nofp\libc_nano.a(libc_a-msizer.o)
 .ARM.attributes
                0x00000734       0x1d C:/msys64/mingw64/bin/../lib/gcc/arm-none-eabi/13.3.0/thumb/v7-m/nofp\libgcc.a(_arm_addsubsf3.o)
 .ARM.attributes
                0x00000751       0x1d C:/msys64/mingw64/bin/../lib/gcc/arm-none-eabi/13.3.0/thumb/v7-m/nofp\libgcc.a(_arm_muldivsf3.o)
 .ARM.attributes
                0x0000076e       0x1d C:/msys64/mingw64/bin/../lib/gcc/arm-none-eabi/13.3.0/thumb/v7-m/nofp/crtn.o

.comment        0x00000000       0x24
 .comment       0x00000000       0x24 build/main.o
                                 0x13 (size before relaxing)
 .comment       0x00000024       0x13 build/hal_gpio.o
 .comment       0x00000024       0x13 build/hal_tim.o
 .comment       0x00000024       0x13 build/hal_usart.o
 .comment       0x00000024       0x13 build/syscfg.o
 .comment       0x00000024       0x13 build/stm32f1xx_it.o
 .comment       0x00000024       0x13 build/stm32f1xx_hal_msp.o
 .comment       0x00000024       0x13 build/stm32f1xx_hal_tim.o
 .comment       0x00000024       0x13 build/stm32f1xx_hal_tim_ex.o
 .comment       0x00000024       0x13 build/stm32f1xx_hal.o
 .comment       0x00000024       0x13 build/stm32f1xx_hal_rcc.o
 .comment       0x00000024       0x13 build/stm32f1xx_hal_rcc_ex.o
 .comment       0x00000024       0x13 build/stm32f1xx_hal_gpio.o
 .comment       0x00000024       0x13 build/stm32f1xx_hal_cortex.o
 .comment       0x00000024       0x13 build/stm32f1xx_hal_uart.o
 .comment       0x00000024       0x13 build/system_stm32f1xx.o
 .comment       0x00000024       0x13 build/sysmem.o
 .comment       0x00000024       0x13 build/hx711.o
 .comment       0x00000024       0x13 build/hx711_hw.o
 .comment       0x00000024       0x13 C:/msys64/mingw64/bin/../lib/gcc/arm-none-eabi/13.3.0/../../../../arm-none-eabi/lib/thumb/v7-m/nofp\libc_nano.a(libc_a-findfp.o)
 .comment       0x00000024       0x13 C:/msys64/mingw64/bin/../lib/gcc/arm-none-eabi/13.3.0/../../../../arm-none-eabi/lib/thumb/v7-m/nofp\libc_nano.a(libc_a-vsnprintf.o)
 .comment       0x00000024       0x13 C:/msys64/mingw64/bin/../lib/gcc/arm-none-eabi/13.3.0/../../../../arm-none-eabi/lib/thumb/v7-m/nofp\libc_nano.a(libc_a-memset.o)
 .comment       0x00000024       0x13 C:/msys64/mingw64/bin/../lib/gcc/arm-none-eabi/13.3.0/../../../../arm-none-eabi/lib/thumb/v7-m/nofp\libc_nano.a(libc_a-reent.o)
 .comment       0x00000024       0x13 C:/msys64/mingw64/bin/../lib/gcc/arm-none-eabi/13.3.0/../../../../arm-none-eabi/lib/thumb/v7-m/nofp\libc_nano.a(libc_a-impure.o)
 .comment       0x00000024       0x13 C:/msys64/mingw64/bin/../lib/gcc/arm-none-eabi/13.3.0/../../../../arm-none-eabi/lib/thumb/v7-m/nofp\libc_nano.a(libc_a-errno.o)
 .comment       0x00000024       0x13 C:/msys64/mingw64/bin/../lib/gcc/arm-none-eabi/13.3.0/../../../../arm-none-eabi/lib/thumb/v7-m/nofp\libc_nano.a(libc_a-init.o)
 .comment       0x00000024       0x13 C:/msys64/mingw64/bin/../lib/gcc/arm-none-eabi/13.3.0/../../../../arm-none-eabi/lib/thumb/v7-m/nofp\libc_nano.a(libc_a-lock.o)
 .comment       0x00000024       0x13 C:/msys64/mingw64/bin/../lib/gcc/arm-none-eabi/13.3.0/../../../../arm-none-eabi/lib/thumb/v7-m/nofp\libc_nano.a(libc_a-strlen-stub.o)
 .comment       0x00000024       0x13 C:/msys64/mingw64/bin/../lib/gcc/arm-none-eabi/13.3.0/../../../../arm-none-eabi/lib/thumb/v7-m/nofp\libc_nano.a(libc_a-freer.o)
 .comment       0x00000024       0x13 C:/msys64/mingw64/bin/../lib/gcc/arm-none-eabi/13.3.0/../../../../arm-none-eabi/lib/thumb/v7-m/nofp\libc_nano.a(libc_a-mallocr.o)
 .comment       0x00000024       0x13 C:/msys64/mingw64/bin/../lib/gcc/arm-none-eabi/13.3.0/../../../../arm-none-eabi/lib/thumb/v7-m/nofp\libc_nano.a(libc_a-mlock.o)
 .comment       0x00000024       0x13 C:/msys64/mingw64/bin/../lib/gcc/arm-none-eabi/13.3.0/../../../../arm-none-eabi/lib/thumb/v7-m/nofp\libc_nano.a(libc_a-nano-svfprintf.o)
 .comment       0x00000024       0x13 C:/msys64/mingw64/bin/../lib/gcc/arm-none-eabi/13.3.0/../../../../arm-none-eabi/lib/thumb/v7-m/nofp\libc_nano.a(libc_a-nano-vfprintf_i.o)
 .comment       0x00000024       0x13 C:/msys64/mingw64/bin/../lib/gcc/arm-none-eabi/13.3.0/../../../../arm-none-eabi/lib/thumb/v7-m/nofp\libc_nano.a(libc_a-memmove.o)
 .comment       0x00000024       0x13 C:/msys64/mingw64/bin/../lib/gcc/arm-none-eabi/13.3.0/../../../../arm-none-eabi/lib/thumb/v7-m/nofp\libc_nano.a(libc_a-sbrkr.o)
 .comment       0x00000024       0x13 C:/msys64/mingw64/bin/../lib/gcc/arm-none-eabi/13.3.0/../../../../arm-none-eabi/lib/thumb/v7-m/nofp\libc_nano.a(libc_a-memchr-stub.o)
 .comment       0x00000024       0x13 C:/msys64/mingw64/bin/../lib/gcc/arm-none-eabi/13.3.0/../../../../arm-none-eabi/lib/thumb/v7-m/nofp\libc_nano.a(libc_a-reallocr.o)
 .comment       0x00000024       0x13 C:/msys64/mingw64/bin/../lib/gcc/arm-none-eabi/13.3.0/../../../../arm-none-eabi/lib/thumb/v7-m/nofp\libc_nano.a(libc_a-msizer.o)

.debug_info     0x00000000    0x191fe
 .debug_info    0x00000000      0xb01 build/main.o
 .debug_info    0x00000b01      0x5a8 build/hal_gpio.o
 .debug_info    0x000010a9      0x9e0 build/hal_tim.o
 .debug_info    0x00001a89      0xc83 build/hal_usart.o
 .debug_info    0x0000270c      0x392 build/syscfg.o
 .debug_info    0x00002a9e      0x158 build/stm32f1xx_it.o
 .debug_info    0x00002bf6      0x238 build/stm32f1xx_hal_msp.o
 .debug_info    0x00002e2e     0x4146 build/stm32f1xx_hal_tim.o
 .debug_info    0x00006f74     0x1d4f build/stm32f1xx_hal_tim_ex.o
 .debug_info    0x00008cc3      0x862 build/stm32f1xx_hal.o
 .debug_info    0x00009525      0xb10 build/stm32f1xx_hal_rcc.o
 .debug_info    0x0000a035      0x47d build/stm32f1xx_hal_rcc_ex.o
 .debug_info    0x0000a4b2      0x6d7 build/stm32f1xx_hal_gpio.o
 .debug_info    0x0000ab89      0xe21 build/stm32f1xx_hal_cortex.o
 .debug_info    0x0000b9aa     0x430f build/stm32f1xx_hal_uart.o
 .debug_info    0x0000fcb9      0x26e build/system_stm32f1xx.o
 .debug_info    0x0000ff27      0x18c build/sysmem.o
 .debug_info    0x000100b3      0x5cf build/hx711.o
 .debug_info    0x00010682      0x193 build/hx711_hw.o
 .debug_info    0x00010815       0x30 build/startup_stm32f103x6.o
 .debug_info    0x00010845     0x10be C:/msys64/mingw64/bin/../lib/gcc/arm-none-eabi/13.3.0/../../../../arm-none-eabi/lib/thumb/v7-m/nofp\libc_nano.a(libc_a-findfp.o)
 .debug_info    0x00011903      0x958 C:/msys64/mingw64/bin/../lib/gcc/arm-none-eabi/13.3.0/../../../../arm-none-eabi/lib/thumb/v7-m/nofp\libc_nano.a(libc_a-vsnprintf.o)
 .debug_info    0x0001225b      0x135 C:/msys64/mingw64/bin/../lib/gcc/arm-none-eabi/13.3.0/../../../../arm-none-eabi/lib/thumb/v7-m/nofp\libc_nano.a(libc_a-memset.o)
 .debug_info    0x00012390      0x8a3 C:/msys64/mingw64/bin/../lib/gcc/arm-none-eabi/13.3.0/../../../../arm-none-eabi/lib/thumb/v7-m/nofp\libc_nano.a(libc_a-reent.o)
 .debug_info    0x00012c33      0x715 C:/msys64/mingw64/bin/../lib/gcc/arm-none-eabi/13.3.0/../../../../arm-none-eabi/lib/thumb/v7-m/nofp\libc_nano.a(libc_a-impure.o)
 .debug_info    0x00013348      0x6fb C:/msys64/mingw64/bin/../lib/gcc/arm-none-eabi/13.3.0/../../../../arm-none-eabi/lib/thumb/v7-m/nofp\libc_nano.a(libc_a-errno.o)
 .debug_info    0x00013a43      0x10b C:/msys64/mingw64/bin/../lib/gcc/arm-none-eabi/13.3.0/../../../../arm-none-eabi/lib/thumb/v7-m/nofp\libc_nano.a(libc_a-init.o)
 .debug_info    0x00013b4e      0x20a C:/msys64/mingw64/bin/../lib/gcc/arm-none-eabi/13.3.0/../../../../arm-none-eabi/lib/thumb/v7-m/nofp\libc_nano.a(libc_a-lock.o)
 .debug_info    0x00013d58       0xbd C:/msys64/mingw64/bin/../lib/gcc/arm-none-eabi/13.3.0/../../../../arm-none-eabi/lib/thumb/v7-m/nofp\libc_nano.a(libc_a-strlen-stub.o)
 .debug_info    0x00013e15      0x877 C:/msys64/mingw64/bin/../lib/gcc/arm-none-eabi/13.3.0/../../../../arm-none-eabi/lib/thumb/v7-m/nofp\libc_nano.a(libc_a-freer.o)
 .debug_info    0x0001468c      0x9c1 C:/msys64/mingw64/bin/../lib/gcc/arm-none-eabi/13.3.0/../../../../arm-none-eabi/lib/thumb/v7-m/nofp\libc_nano.a(libc_a-mallocr.o)
 .debug_info    0x0001504d      0x76b C:/msys64/mingw64/bin/../lib/gcc/arm-none-eabi/13.3.0/../../../../arm-none-eabi/lib/thumb/v7-m/nofp\libc_nano.a(libc_a-mlock.o)
 .debug_info    0x000157b8     0x109e C:/msys64/mingw64/bin/../lib/gcc/arm-none-eabi/13.3.0/../../../../arm-none-eabi/lib/thumb/v7-m/nofp\libc_nano.a(libc_a-nano-svfprintf.o)
 .debug_info    0x00016856      0xde1 C:/msys64/mingw64/bin/../lib/gcc/arm-none-eabi/13.3.0/../../../../arm-none-eabi/lib/thumb/v7-m/nofp\libc_nano.a(libc_a-nano-vfprintf_i.o)
 .debug_info    0x00017637      0x148 C:/msys64/mingw64/bin/../lib/gcc/arm-none-eabi/13.3.0/../../../../arm-none-eabi/lib/thumb/v7-m/nofp\libc_nano.a(libc_a-memmove.o)
 .debug_info    0x0001777f      0x77c C:/msys64/mingw64/bin/../lib/gcc/arm-none-eabi/13.3.0/../../../../arm-none-eabi/lib/thumb/v7-m/nofp\libc_nano.a(libc_a-sbrkr.o)
 .debug_info    0x00017efb      0x14a C:/msys64/mingw64/bin/../lib/gcc/arm-none-eabi/13.3.0/../../../../arm-none-eabi/lib/thumb/v7-m/nofp\libc_nano.a(libc_a-memchr-stub.o)
 .debug_info    0x00018045       0x33 C:/msys64/mingw64/bin/../lib/gcc/arm-none-eabi/13.3.0/../../../../arm-none-eabi/lib/thumb/v7-m/nofp\libc_nano.a(libc_a-memcpy.o)
 .debug_info    0x00018078      0x8d1 C:/msys64/mingw64/bin/../lib/gcc/arm-none-eabi/13.3.0/../../../../arm-none-eabi/lib/thumb/v7-m/nofp\libc_nano.a(libc_a-reallocr.o)
 .debug_info    0x00018949      0x794 C:/msys64/mingw64/bin/../lib/gcc/arm-none-eabi/13.3.0/../../../../arm-none-eabi/lib/thumb/v7-m/nofp\libc_nano.a(libc_a-msizer.o)
 .debug_info    0x000190dd       0xca C:/msys64/mingw64/bin/../lib/gcc/arm-none-eabi/13.3.0/thumb/v7-m/nofp\libgcc.a(_arm_addsubsf3.o)
 .debug_info    0x000191a7       0x57 C:/msys64/mingw64/bin/../lib/gcc/arm-none-eabi/13.3.0/thumb/v7-m/nofp\libgcc.a(_arm_muldivsf3.o)

.debug_abbrev   0x00000000     0x4847
 .debug_abbrev  0x00000000      0x2cb build/main.o
 .debug_abbrev  0x000002cb      0x1be build/hal_gpio.o
 .debug_abbrev  0x00000489      0x230 build/hal_tim.o
 .debug_abbrev  0x000006b9      0x276 build/hal_usart.o
 .debug_abbrev  0x0000092f      0x154 build/syscfg.o
 .debug_abbrev  0x00000a83       0x80 build/stm32f1xx_it.o
 .debug_abbrev  0x00000b03       0xe7 build/stm32f1xx_hal_msp.o
 .debug_abbrev  0x00000bea      0x2bd build/stm32f1xx_hal_tim.o
 .debug_abbrev  0x00000ea7      0x2b7 build/stm32f1xx_hal_tim_ex.o
 .debug_abbrev  0x0000115e      0x232 build/stm32f1xx_hal.o
 .debug_abbrev  0x00001390      0x2d6 build/stm32f1xx_hal_rcc.o
 .debug_abbrev  0x00001666      0x1d4 build/stm32f1xx_hal_rcc_ex.o
 .debug_abbrev  0x0000183a      0x222 build/stm32f1xx_hal_gpio.o
 .debug_abbrev  0x00001a5c      0x3aa build/stm32f1xx_hal_cortex.o
 .debug_abbrev  0x00001e06      0x35f build/stm32f1xx_hal_uart.o
 .debug_abbrev  0x00002165      0x140 build/system_stm32f1xx.o
 .debug_abbrev  0x000022a5       0xeb build/sysmem.o
 .debug_abbrev  0x00002390      0x18d build/hx711.o
 .debug_abbrev  0x0000251d      0x10f build/hx711_hw.o
 .debug_abbrev  0x0000262c       0x1d build/startup_stm32f103x6.o
 .debug_abbrev  0x00002649      0x446 C:/msys64/mingw64/bin/../lib/gcc/arm-none-eabi/13.3.0/../../../../arm-none-eabi/lib/thumb/v7-m/nofp\libc_nano.a(libc_a-findfp.o)
 .debug_abbrev  0x00002a8f      0x281 C:/msys64/mingw64/bin/../lib/gcc/arm-none-eabi/13.3.0/../../../../arm-none-eabi/lib/thumb/v7-m/nofp\libc_nano.a(libc_a-vsnprintf.o)
 .debug_abbrev  0x00002d10       0xb7 C:/msys64/mingw64/bin/../lib/gcc/arm-none-eabi/13.3.0/../../../../arm-none-eabi/lib/thumb/v7-m/nofp\libc_nano.a(libc_a-memset.o)
 .debug_abbrev  0x00002dc7      0x1ee C:/msys64/mingw64/bin/../lib/gcc/arm-none-eabi/13.3.0/../../../../arm-none-eabi/lib/thumb/v7-m/nofp\libc_nano.a(libc_a-reent.o)
 .debug_abbrev  0x00002fb5      0x149 C:/msys64/mingw64/bin/../lib/gcc/arm-none-eabi/13.3.0/../../../../arm-none-eabi/lib/thumb/v7-m/nofp\libc_nano.a(libc_a-impure.o)
 .debug_abbrev  0x000030fe      0x15e C:/msys64/mingw64/bin/../lib/gcc/arm-none-eabi/13.3.0/../../../../arm-none-eabi/lib/thumb/v7-m/nofp\libc_nano.a(libc_a-errno.o)
 .debug_abbrev  0x0000325c       0xc9 C:/msys64/mingw64/bin/../lib/gcc/arm-none-eabi/13.3.0/../../../../arm-none-eabi/lib/thumb/v7-m/nofp\libc_nano.a(libc_a-init.o)
 .debug_abbrev  0x00003325      0x115 C:/msys64/mingw64/bin/../lib/gcc/arm-none-eabi/13.3.0/../../../../arm-none-eabi/lib/thumb/v7-m/nofp\libc_nano.a(libc_a-lock.o)
 .debug_abbrev  0x0000343a       0x78 C:/msys64/mingw64/bin/../lib/gcc/arm-none-eabi/13.3.0/../../../../arm-none-eabi/lib/thumb/v7-m/nofp\libc_nano.a(libc_a-strlen-stub.o)
 .debug_abbrev  0x000034b2      0x249 C:/msys64/mingw64/bin/../lib/gcc/arm-none-eabi/13.3.0/../../../../arm-none-eabi/lib/thumb/v7-m/nofp\libc_nano.a(libc_a-freer.o)
 .debug_abbrev  0x000036fb      0x24a C:/msys64/mingw64/bin/../lib/gcc/arm-none-eabi/13.3.0/../../../../arm-none-eabi/lib/thumb/v7-m/nofp\libc_nano.a(libc_a-mallocr.o)
 .debug_abbrev  0x00003945      0x1bf C:/msys64/mingw64/bin/../lib/gcc/arm-none-eabi/13.3.0/../../../../arm-none-eabi/lib/thumb/v7-m/nofp\libc_nano.a(libc_a-mlock.o)
 .debug_abbrev  0x00003b04      0x338 C:/msys64/mingw64/bin/../lib/gcc/arm-none-eabi/13.3.0/../../../../arm-none-eabi/lib/thumb/v7-m/nofp\libc_nano.a(libc_a-nano-svfprintf.o)
 .debug_abbrev  0x00003e3c      0x28d C:/msys64/mingw64/bin/../lib/gcc/arm-none-eabi/13.3.0/../../../../arm-none-eabi/lib/thumb/v7-m/nofp\libc_nano.a(libc_a-nano-vfprintf_i.o)
 .debug_abbrev  0x000040c9       0xc3 C:/msys64/mingw64/bin/../lib/gcc/arm-none-eabi/13.3.0/../../../../arm-none-eabi/lib/thumb/v7-m/nofp\libc_nano.a(libc_a-memmove.o)
 .debug_abbrev  0x0000418c      0x1da C:/msys64/mingw64/bin/../lib/gcc/arm-none-eabi/13.3.0/../../../../arm-none-eabi/lib/thumb/v7-m/nofp\libc_nano.a(libc_a-sbrkr.o)
 .debug_abbrev  0x00004366       0xc7 C:/msys64/mingw64/bin/../lib/gcc/arm-none-eabi/13.3.0/../../../../arm-none-eabi/lib/thumb/v7-m/nofp\libc_nano.a(libc_a-memchr-stub.o)
 .debug_abbrev  0x0000442d       0x28 C:/msys64/mingw64/bin/../lib/gcc/arm-none-eabi/13.3.0/../../../../arm-none-eabi/lib/thumb/v7-m/nofp\libc_nano.a(libc_a-memcpy.o)
 .debug_abbrev  0x00004455      0x20c C:/msys64/mingw64/bin/../lib/gcc/arm-none-eabi/13.3.0/../../../../arm-none-eabi/lib/thumb/v7-m/nofp\libc_nano.a(libc_a-reallocr.o)
 .debug_abbrev  0x00004661      0x196 C:/msys64/mingw64/bin/../lib/gcc/arm-none-eabi/13.3.0/../../../../arm-none-eabi/lib/thumb/v7-m/nofp\libc_nano.a(libc_a-msizer.o)
 .debug_abbrev  0x000047f7       0x28 C:/msys64/mingw64/bin/../lib/gcc/arm-none-eabi/13.3.0/thumb/v7-m/nofp\libgcc.a(_arm_addsubsf3.o)
 .debug_abbrev  0x0000481f       0x28 C:/msys64/mingw64/bin/../lib/gcc/arm-none-eabi/13.3.0/thumb/v7-m/nofp\libgcc.a(_arm_muldivsf3.o)

.debug_loc      0x00000000     0xfb1c
 .debug_loc     0x00000000       0x7a build/main.o
 .debug_loc     0x0000007a      0x193 build/hal_gpio.o
 .debug_loc     0x0000020d       0x70 build/hal_tim.o
 .debug_loc     0x0000027d      0x17d build/hal_usart.o
 .debug_loc     0x000003fa       0x46 build/syscfg.o
 .debug_loc     0x00000440       0x20 build/stm32f1xx_it.o
 .debug_loc     0x00000460       0x41 build/stm32f1xx_hal_msp.o
 .debug_loc     0x000004a1     0x6168 build/stm32f1xx_hal_tim.o
 .debug_loc     0x00006609     0x227b build/stm32f1xx_hal_tim_ex.o
 .debug_loc     0x00008884      0x1f9 build/stm32f1xx_hal.o
 .debug_loc     0x00008a7d      0x7c6 build/stm32f1xx_hal_rcc.o
 .debug_loc     0x00009243      0x4a9 build/stm32f1xx_hal_rcc_ex.o
 .debug_loc     0x000096ec      0x541 build/stm32f1xx_hal_gpio.o
 .debug_loc     0x00009c2d      0x8b4 build/stm32f1xx_hal_cortex.o
 .debug_loc     0x0000a4e1     0x4ff4 build/stm32f1xx_hal_uart.o
 .debug_loc     0x0000f4d5      0x11b build/system_stm32f1xx.o
 .debug_loc     0x0000f5f0       0x90 build/sysmem.o
 .debug_loc     0x0000f680      0x375 build/hx711.o
 .debug_loc     0x0000f9f5      0x127 build/hx711_hw.o

.debug_aranges  0x00000000      0xf40
 .debug_aranges
                0x00000000       0x30 build/main.o
 .debug_aranges
                0x00000030       0x60 build/hal_gpio.o
 .debug_aranges
                0x00000090       0x38 build/hal_tim.o
 .debug_aranges
                0x000000c8       0x38 build/hal_usart.o
 .debug_aranges
                0x00000100       0x20 build/syscfg.o
 .debug_aranges
                0x00000120       0x60 build/stm32f1xx_it.o
 .debug_aranges
                0x00000180       0x20 build/stm32f1xx_hal_msp.o
 .debug_aranges
                0x000001a0      0x3d0 build/stm32f1xx_hal_tim.o
 .debug_aranges
                0x00000570      0x168 build/stm32f1xx_hal_tim_ex.o
 .debug_aranges
                0x000006d8       0xe0 build/stm32f1xx_hal.o
 .debug_aranges
                0x000007b8       0x90 build/stm32f1xx_hal_rcc.o
 .debug_aranges
                0x00000848       0x30 build/stm32f1xx_hal_rcc_ex.o
 .debug_aranges
                0x00000878       0x58 build/stm32f1xx_hal_gpio.o
 .debug_aranges
                0x000008d0       0xc0 build/stm32f1xx_hal_cortex.o
 .debug_aranges
                0x00000990      0x208 build/stm32f1xx_hal_uart.o
 .debug_aranges
                0x00000b98       0x28 build/system_stm32f1xx.o
 .debug_aranges
                0x00000bc0       0x20 build/sysmem.o
 .debug_aranges
                0x00000be0       0x48 build/hx711.o
 .debug_aranges
                0x00000c28       0x38 build/hx711_hw.o
 .debug_aranges
                0x00000c60       0x28 build/startup_stm32f103x6.o
 .debug_aranges
                0x00000c88       0x20 C:/msys64/mingw64/bin/../lib/gcc/arm-none-eabi/13.3.0/../../../../arm-none-eabi/lib/thumb/v7-m/nofp\libc_nano.a(libc_a-findfp.o)
 .debug_aranges
                0x00000ca8       0x20 C:/msys64/mingw64/bin/../lib/gcc/arm-none-eabi/13.3.0/../../../../arm-none-eabi/lib/thumb/v7-m/nofp\libc_nano.a(libc_a-vsnprintf.o)
 .debug_aranges
                0x00000cc8       0x20 C:/msys64/mingw64/bin/../lib/gcc/arm-none-eabi/13.3.0/../../../../arm-none-eabi/lib/thumb/v7-m/nofp\libc_nano.a(libc_a-memset.o)
 .debug_aranges
                0x00000ce8       0x20 C:/msys64/mingw64/bin/../lib/gcc/arm-none-eabi/13.3.0/../../../../arm-none-eabi/lib/thumb/v7-m/nofp\libc_nano.a(libc_a-reent.o)
 .debug_aranges
                0x00000d08       0x18 C:/msys64/mingw64/bin/../lib/gcc/arm-none-eabi/13.3.0/../../../../arm-none-eabi/lib/thumb/v7-m/nofp\libc_nano.a(libc_a-impure.o)
 .debug_aranges
                0x00000d20       0x20 C:/msys64/mingw64/bin/../lib/gcc/arm-none-eabi/13.3.0/../../../../arm-none-eabi/lib/thumb/v7-m/nofp\libc_nano.a(libc_a-errno.o)
 .debug_aranges
                0x00000d40       0x20 C:/msys64/mingw64/bin/../lib/gcc/arm-none-eabi/13.3.0/../../../../arm-none-eabi/lib/thumb/v7-m/nofp\libc_nano.a(libc_a-init.o)
 .debug_aranges
                0x00000d60       0x20 C:/msys64/mingw64/bin/../lib/gcc/arm-none-eabi/13.3.0/../../../../arm-none-eabi/lib/thumb/v7-m/nofp\libc_nano.a(libc_a-lock.o)
 .debug_aranges
                0x00000d80       0x20 C:/msys64/mingw64/bin/../lib/gcc/arm-none-eabi/13.3.0/../../../../arm-none-eabi/lib/thumb/v7-m/nofp\libc_nano.a(libc_a-strlen-stub.o)
 .debug_aranges
                0x00000da0       0x20 C:/msys64/mingw64/bin/../lib/gcc/arm-none-eabi/13.3.0/../../../../arm-none-eabi/lib/thumb/v7-m/nofp\libc_nano.a(libc_a-freer.o)
 .debug_aranges
                0x00000dc0       0x20 C:/msys64/mingw64/bin/../lib/gcc/arm-none-eabi/13.3.0/../../../../arm-none-eabi/lib/thumb/v7-m/nofp\libc_nano.a(libc_a-mallocr.o)
 .debug_aranges
                0x00000de0       0x20 C:/msys64/mingw64/bin/../lib/gcc/arm-none-eabi/13.3.0/../../../../arm-none-eabi/lib/thumb/v7-m/nofp\libc_nano.a(libc_a-mlock.o)
 .debug_aranges
                0x00000e00       0x20 C:/msys64/mingw64/bin/../lib/gcc/arm-none-eabi/13.3.0/../../../../arm-none-eabi/lib/thumb/v7-m/nofp\libc_nano.a(libc_a-nano-svfprintf.o)
 .debug_aranges
                0x00000e20       0x20 C:/msys64/mingw64/bin/../lib/gcc/arm-none-eabi/13.3.0/../../../../arm-none-eabi/lib/thumb/v7-m/nofp\libc_nano.a(libc_a-nano-vfprintf_i.o)
 .debug_aranges
                0x00000e40       0x20 C:/msys64/mingw64/bin/../lib/gcc/arm-none-eabi/13.3.0/../../../../arm-none-eabi/lib/thumb/v7-m/nofp\libc_nano.a(libc_a-memmove.o)
 .debug_aranges
                0x00000e60       0x20 C:/msys64/mingw64/bin/../lib/gcc/arm-none-eabi/13.3.0/../../../../arm-none-eabi/lib/thumb/v7-m/nofp\libc_nano.a(libc_a-sbrkr.o)
 .debug_aranges
                0x00000e80       0x20 C:/msys64/mingw64/bin/../lib/gcc/arm-none-eabi/13.3.0/../../../../arm-none-eabi/lib/thumb/v7-m/nofp\libc_nano.a(libc_a-memchr-stub.o)
 .debug_aranges
                0x00000ea0       0x20 C:/msys64/mingw64/bin/../lib/gcc/arm-none-eabi/13.3.0/../../../../arm-none-eabi/lib/thumb/v7-m/nofp\libc_nano.a(libc_a-memcpy.o)
 .debug_aranges
                0x00000ec0       0x20 C:/msys64/mingw64/bin/../lib/gcc/arm-none-eabi/13.3.0/../../../../arm-none-eabi/lib/thumb/v7-m/nofp\libc_nano.a(libc_a-reallocr.o)
 .debug_aranges
                0x00000ee0       0x20 C:/msys64/mingw64/bin/../lib/gcc/arm-none-eabi/13.3.0/../../../../arm-none-eabi/lib/thumb/v7-m/nofp\libc_nano.a(libc_a-msizer.o)
 .debug_aranges
                0x00000f00       0x20 C:/msys64/mingw64/bin/../lib/gcc/arm-none-eabi/13.3.0/thumb/v7-m/nofp\libgcc.a(_arm_addsubsf3.o)
 .debug_aranges
                0x00000f20       0x20 C:/msys64/mingw64/bin/../lib/gcc/arm-none-eabi/13.3.0/thumb/v7-m/nofp\libgcc.a(_arm_muldivsf3.o)

.debug_ranges   0x00000000      0xbd0
 .debug_ranges  0x00000000       0x20 build/main.o
 .debug_ranges  0x00000020       0x50 build/hal_gpio.o
 .debug_ranges  0x00000070       0x28 build/hal_tim.o
 .debug_ranges  0x00000098       0x28 build/hal_usart.o
 .debug_ranges  0x000000c0       0x10 build/syscfg.o
 .debug_ranges  0x000000d0       0x50 build/stm32f1xx_it.o
 .debug_ranges  0x00000120       0x10 build/stm32f1xx_hal_msp.o
 .debug_ranges  0x00000130      0x3c0 build/stm32f1xx_hal_tim.o
 .debug_ranges  0x000004f0      0x158 build/stm32f1xx_hal_tim_ex.o
 .debug_ranges  0x00000648       0xd0 build/stm32f1xx_hal.o
 .debug_ranges  0x00000718       0xa0 build/stm32f1xx_hal_rcc.o
 .debug_ranges  0x000007b8       0x38 build/stm32f1xx_hal_rcc_ex.o
 .debug_ranges  0x000007f0       0x48 build/stm32f1xx_hal_gpio.o
 .debug_ranges  0x00000838       0xb0 build/stm32f1xx_hal_cortex.o
 .debug_ranges  0x000008e8      0x210 build/stm32f1xx_hal_uart.o
 .debug_ranges  0x00000af8       0x18 build/system_stm32f1xx.o
 .debug_ranges  0x00000b10       0x10 build/sysmem.o
 .debug_ranges  0x00000b20       0x68 build/hx711.o
 .debug_ranges  0x00000b88       0x28 build/hx711_hw.o
 .debug_ranges  0x00000bb0       0x20 build/startup_stm32f103x6.o

.debug_line     0x00000000    0x102ae
 .debug_line    0x00000000      0x278 build/main.o
 .debug_line    0x00000278      0x26d build/hal_gpio.o
 .debug_line    0x000004e5      0x2a6 build/hal_tim.o
 .debug_line    0x0000078b      0x372 build/hal_usart.o
 .debug_line    0x00000afd      0x1fc build/syscfg.o
 .debug_line    0x00000cf9      0x138 build/stm32f1xx_it.o
 .debug_line    0x00000e31      0x11a build/stm32f1xx_hal_msp.o
 .debug_line    0x00000f4b     0x4546 build/stm32f1xx_hal_tim.o
 .debug_line    0x00005491     0x195c build/stm32f1xx_hal_tim_ex.o
 .debug_line    0x00006ded      0x4d0 build/stm32f1xx_hal.o
 .debug_line    0x000072bd      0xc4c build/stm32f1xx_hal_rcc.o
 .debug_line    0x00007f09      0x44c build/stm32f1xx_hal_rcc_ex.o
 .debug_line    0x00008355      0x558 build/stm32f1xx_hal_gpio.o
 .debug_line    0x000088ad      0x649 build/stm32f1xx_hal_cortex.o
 .debug_line    0x00008ef6     0x3441 build/stm32f1xx_hal_uart.o
 .debug_line    0x0000c337      0x1e2 build/system_stm32f1xx.o
 .debug_line    0x0000c519      0x15e build/sysmem.o
 .debug_line    0x0000c677      0x329 build/hx711.o
 .debug_line    0x0000c9a0       0xf2 build/hx711_hw.o
 .debug_line    0x0000ca92       0x71 build/startup_stm32f103x6.o
 .debug_line    0x0000cb03      0x63a C:/msys64/mingw64/bin/../lib/gcc/arm-none-eabi/13.3.0/../../../../arm-none-eabi/lib/thumb/v7-m/nofp\libc_nano.a(libc_a-findfp.o)
 .debug_line    0x0000d13d      0x352 C:/msys64/mingw64/bin/../lib/gcc/arm-none-eabi/13.3.0/../../../../arm-none-eabi/lib/thumb/v7-m/nofp\libc_nano.a(libc_a-vsnprintf.o)
 .debug_line    0x0000d48f      0x1cd C:/msys64/mingw64/bin/../lib/gcc/arm-none-eabi/13.3.0/../../../../arm-none-eabi/lib/thumb/v7-m/nofp\libc_nano.a(libc_a-memset.o)
 .debug_line    0x0000d65c      0x285 C:/msys64/mingw64/bin/../lib/gcc/arm-none-eabi/13.3.0/../../../../arm-none-eabi/lib/thumb/v7-m/nofp\libc_nano.a(libc_a-reent.o)
 .debug_line    0x0000d8e1       0xfb C:/msys64/mingw64/bin/../lib/gcc/arm-none-eabi/13.3.0/../../../../arm-none-eabi/lib/thumb/v7-m/nofp\libc_nano.a(libc_a-impure.o)
 .debug_line    0x0000d9dc      0x120 C:/msys64/mingw64/bin/../lib/gcc/arm-none-eabi/13.3.0/../../../../arm-none-eabi/lib/thumb/v7-m/nofp\libc_nano.a(libc_a-errno.o)
 .debug_line    0x0000dafc      0x144 C:/msys64/mingw64/bin/../lib/gcc/arm-none-eabi/13.3.0/../../../../arm-none-eabi/lib/thumb/v7-m/nofp\libc_nano.a(libc_a-init.o)
 .debug_line    0x0000dc40       0xd7 C:/msys64/mingw64/bin/../lib/gcc/arm-none-eabi/13.3.0/../../../../arm-none-eabi/lib/thumb/v7-m/nofp\libc_nano.a(libc_a-lock.o)
 .debug_line    0x0000dd17      0x108 C:/msys64/mingw64/bin/../lib/gcc/arm-none-eabi/13.3.0/../../../../arm-none-eabi/lib/thumb/v7-m/nofp\libc_nano.a(libc_a-strlen-stub.o)
 .debug_line    0x0000de1f      0x2da C:/msys64/mingw64/bin/../lib/gcc/arm-none-eabi/13.3.0/../../../../arm-none-eabi/lib/thumb/v7-m/nofp\libc_nano.a(libc_a-freer.o)
 .debug_line    0x0000e0f9      0x43c C:/msys64/mingw64/bin/../lib/gcc/arm-none-eabi/13.3.0/../../../../arm-none-eabi/lib/thumb/v7-m/nofp\libc_nano.a(libc_a-mallocr.o)
 .debug_line    0x0000e535      0x162 C:/msys64/mingw64/bin/../lib/gcc/arm-none-eabi/13.3.0/../../../../arm-none-eabi/lib/thumb/v7-m/nofp\libc_nano.a(libc_a-mlock.o)
 .debug_line    0x0000e697      0x87b C:/msys64/mingw64/bin/../lib/gcc/arm-none-eabi/13.3.0/../../../../arm-none-eabi/lib/thumb/v7-m/nofp\libc_nano.a(libc_a-nano-svfprintf.o)
 .debug_line    0x0000ef12      0x77d C:/msys64/mingw64/bin/../lib/gcc/arm-none-eabi/13.3.0/../../../../arm-none-eabi/lib/thumb/v7-m/nofp\libc_nano.a(libc_a-nano-vfprintf_i.o)
 .debug_line    0x0000f68f      0x221 C:/msys64/mingw64/bin/../lib/gcc/arm-none-eabi/13.3.0/../../../../arm-none-eabi/lib/thumb/v7-m/nofp\libc_nano.a(libc_a-memmove.o)
 .debug_line    0x0000f8b0      0x19c C:/msys64/mingw64/bin/../lib/gcc/arm-none-eabi/13.3.0/../../../../arm-none-eabi/lib/thumb/v7-m/nofp\libc_nano.a(libc_a-sbrkr.o)
 .debug_line    0x0000fa4c      0x205 C:/msys64/mingw64/bin/../lib/gcc/arm-none-eabi/13.3.0/../../../../arm-none-eabi/lib/thumb/v7-m/nofp\libc_nano.a(libc_a-memchr-stub.o)
 .debug_line    0x0000fc51       0xbd C:/msys64/mingw64/bin/../lib/gcc/arm-none-eabi/13.3.0/../../../../arm-none-eabi/lib/thumb/v7-m/nofp\libc_nano.a(libc_a-memcpy.o)
 .debug_line    0x0000fd0e      0x1fa C:/msys64/mingw64/bin/../lib/gcc/arm-none-eabi/13.3.0/../../../../arm-none-eabi/lib/thumb/v7-m/nofp\libc_nano.a(libc_a-reallocr.o)
 .debug_line    0x0000ff08      0x180 C:/msys64/mingw64/bin/../lib/gcc/arm-none-eabi/13.3.0/../../../../arm-none-eabi/lib/thumb/v7-m/nofp\libc_nano.a(libc_a-msizer.o)
 .debug_line    0x00010088      0x103 C:/msys64/mingw64/bin/../lib/gcc/arm-none-eabi/13.3.0/thumb/v7-m/nofp\libgcc.a(_arm_addsubsf3.o)
 .debug_line    0x0001018b      0x123 C:/msys64/mingw64/bin/../lib/gcc/arm-none-eabi/13.3.0/thumb/v7-m/nofp\libgcc.a(_arm_muldivsf3.o)

.debug_str      0x00000000     0x4ad1
 .debug_str     0x00000000     0x4ad1 build/main.o
                                0x89d (size before relaxing)
 .debug_str     0x00004ad1      0x361 build/hal_gpio.o
 .debug_str     0x00004ad1      0x82d build/hal_tim.o
 .debug_str     0x00004ad1      0xa15 build/hal_usart.o
 .debug_str     0x00004ad1      0x3ad build/syscfg.o
 .debug_str     0x00004ad1      0x208 build/stm32f1xx_it.o
 .debug_str     0x00004ad1      0x205 build/stm32f1xx_hal_msp.o
 .debug_str     0x00004ad1     0x1670 build/stm32f1xx_hal_tim.o
 .debug_str     0x00004ad1      0xe7c build/stm32f1xx_hal_tim_ex.o
 .debug_str     0x00004ad1      0x7df build/stm32f1xx_hal.o
 .debug_str     0x00004ad1      0x616 build/stm32f1xx_hal_rcc.o
 .debug_str     0x00004ad1      0x3be build/stm32f1xx_hal_rcc_ex.o
 .debug_str     0x00004ad1      0x3eb build/stm32f1xx_hal_gpio.o
 .debug_str     0x00004ad1      0x884 build/stm32f1xx_hal_cortex.o
 .debug_str     0x00004ad1      0xcdf build/stm32f1xx_hal_uart.o
 .debug_str     0x00004ad1      0x23a build/system_stm32f1xx.o
 .debug_str     0x00004ad1      0x1fe build/sysmem.o
 .debug_str     0x00004ad1      0x39f build/hx711.o
 .debug_str     0x00004ad1      0x17c build/hx711_hw.o
 .debug_str     0x00004ad1       0x7d build/startup_stm32f103x6.o
 .debug_str     0x00004ad1      0x722 C:/msys64/mingw64/bin/../lib/gcc/arm-none-eabi/13.3.0/../../../../arm-none-eabi/lib/thumb/v7-m/nofp\libc_nano.a(libc_a-findfp.o)
 .debug_str     0x00004ad1      0x4f0 C:/msys64/mingw64/bin/../lib/gcc/arm-none-eabi/13.3.0/../../../../arm-none-eabi/lib/thumb/v7-m/nofp\libc_nano.a(libc_a-vsnprintf.o)
 .debug_str     0x00004ad1      0x193 C:/msys64/mingw64/bin/../lib/gcc/arm-none-eabi/13.3.0/../../../../arm-none-eabi/lib/thumb/v7-m/nofp\libc_nano.a(libc_a-memset.o)
 .debug_str     0x00004ad1      0x4be C:/msys64/mingw64/bin/../lib/gcc/arm-none-eabi/13.3.0/../../../../arm-none-eabi/lib/thumb/v7-m/nofp\libc_nano.a(libc_a-reent.o)
 .debug_str     0x00004ad1      0x49f C:/msys64/mingw64/bin/../lib/gcc/arm-none-eabi/13.3.0/../../../../arm-none-eabi/lib/thumb/v7-m/nofp\libc_nano.a(libc_a-impure.o)
 .debug_str     0x00004ad1      0x499 C:/msys64/mingw64/bin/../lib/gcc/arm-none-eabi/13.3.0/../../../../arm-none-eabi/lib/thumb/v7-m/nofp\libc_nano.a(libc_a-errno.o)
 .debug_str     0x00004ad1      0x1e0 C:/msys64/mingw64/bin/../lib/gcc/arm-none-eabi/13.3.0/../../../../arm-none-eabi/lib/thumb/v7-m/nofp\libc_nano.a(libc_a-init.o)
 .debug_str     0x00004ad1      0x2f2 C:/msys64/mingw64/bin/../lib/gcc/arm-none-eabi/13.3.0/../../../../arm-none-eabi/lib/thumb/v7-m/nofp\libc_nano.a(libc_a-lock.o)
 .debug_str     0x00004ad1      0x189 C:/msys64/mingw64/bin/../lib/gcc/arm-none-eabi/13.3.0/../../../../arm-none-eabi/lib/thumb/v7-m/nofp\libc_nano.a(libc_a-strlen-stub.o)
 .debug_str     0x00004ad1      0x51f C:/msys64/mingw64/bin/../lib/gcc/arm-none-eabi/13.3.0/../../../../arm-none-eabi/lib/thumb/v7-m/nofp\libc_nano.a(libc_a-freer.o)
 .debug_str     0x00004ad1      0x580 C:/msys64/mingw64/bin/../lib/gcc/arm-none-eabi/13.3.0/../../../../arm-none-eabi/lib/thumb/v7-m/nofp\libc_nano.a(libc_a-mallocr.o)
 .debug_str     0x00004ad1      0x521 C:/msys64/mingw64/bin/../lib/gcc/arm-none-eabi/13.3.0/../../../../arm-none-eabi/lib/thumb/v7-m/nofp\libc_nano.a(libc_a-mlock.o)
 .debug_str     0x00004ad1      0x7e8 C:/msys64/mingw64/bin/../lib/gcc/arm-none-eabi/13.3.0/../../../../arm-none-eabi/lib/thumb/v7-m/nofp\libc_nano.a(libc_a-nano-svfprintf.o)
 .debug_str     0x00004ad1      0x77e C:/msys64/mingw64/bin/../lib/gcc/arm-none-eabi/13.3.0/../../../../arm-none-eabi/lib/thumb/v7-m/nofp\libc_nano.a(libc_a-nano-vfprintf_i.o)
 .debug_str     0x00004ad1      0x1b2 C:/msys64/mingw64/bin/../lib/gcc/arm-none-eabi/13.3.0/../../../../arm-none-eabi/lib/thumb/v7-m/nofp\libc_nano.a(libc_a-memmove.o)
 .debug_str     0x00004ad1      0x4a8 C:/msys64/mingw64/bin/../lib/gcc/arm-none-eabi/13.3.0/../../../../arm-none-eabi/lib/thumb/v7-m/nofp\libc_nano.a(libc_a-sbrkr.o)
 .debug_str     0x00004ad1      0x1a3 C:/msys64/mingw64/bin/../lib/gcc/arm-none-eabi/13.3.0/../../../../arm-none-eabi/lib/thumb/v7-m/nofp\libc_nano.a(libc_a-memchr-stub.o)
 .debug_str     0x00004ad1       0x9f C:/msys64/mingw64/bin/../lib/gcc/arm-none-eabi/13.3.0/../../../../arm-none-eabi/lib/thumb/v7-m/nofp\libc_nano.a(libc_a-memcpy.o)
 .debug_str     0x00004ad1      0x515 C:/msys64/mingw64/bin/../lib/gcc/arm-none-eabi/13.3.0/../../../../arm-none-eabi/lib/thumb/v7-m/nofp\libc_nano.a(libc_a-reallocr.o)
 .debug_str     0x00004ad1      0x4e8 C:/msys64/mingw64/bin/../lib/gcc/arm-none-eabi/13.3.0/../../../../arm-none-eabi/lib/thumb/v7-m/nofp\libc_nano.a(libc_a-msizer.o)
 .debug_str     0x00004ad1      0x11f C:/msys64/mingw64/bin/../lib/gcc/arm-none-eabi/13.3.0/thumb/v7-m/nofp\libgcc.a(_arm_addsubsf3.o)
 .debug_str     0x00004ad1       0xab C:/msys64/mingw64/bin/../lib/gcc/arm-none-eabi/13.3.0/thumb/v7-m/nofp\libgcc.a(_arm_muldivsf3.o)

.debug_frame    0x00000000     0x2674
 .debug_frame   0x00000000       0x54 build/main.o
 .debug_frame   0x00000054      0x104 build/hal_gpio.o
 .debug_frame   0x00000158       0x68 build/hal_tim.o
 .debug_frame   0x000001c0       0x98 build/hal_usart.o
 .debug_frame   0x00000258       0x30 build/syscfg.o
 .debug_frame   0x00000288       0xa8 build/stm32f1xx_it.o
 .debug_frame   0x00000330       0x28 build/stm32f1xx_hal_msp.o
 .debug_frame   0x00000358      0xb18 build/stm32f1xx_hal_tim.o
 .debug_frame   0x00000e70      0x418 build/stm32f1xx_hal_tim_ex.o
 .debug_frame   0x00001288      0x1cc build/stm32f1xx_hal.o
 .debug_frame   0x00001454      0x184 build/stm32f1xx_hal_rcc.o
 .debug_frame   0x000015d8       0x5c build/stm32f1xx_hal_rcc_ex.o
 .debug_frame   0x00001634       0xe0 build/stm32f1xx_hal_gpio.o
 .debug_frame   0x00001714      0x19c build/stm32f1xx_hal_cortex.o
 .debug_frame   0x000018b0      0x5dc build/stm32f1xx_hal_uart.o
 .debug_frame   0x00001e8c       0x30 build/system_stm32f1xx.o
 .debug_frame   0x00001ebc       0x28 build/sysmem.o
 .debug_frame   0x00001ee4       0xa8 build/hx711.o
 .debug_frame   0x00001f8c       0x68 build/hx711_hw.o
 .debug_frame   0x00001ff4      0x13c C:/msys64/mingw64/bin/../lib/gcc/arm-none-eabi/13.3.0/../../../../arm-none-eabi/lib/thumb/v7-m/nofp\libc_nano.a(libc_a-findfp.o)
 .debug_frame   0x00002130       0x60 C:/msys64/mingw64/bin/../lib/gcc/arm-none-eabi/13.3.0/../../../../arm-none-eabi/lib/thumb/v7-m/nofp\libc_nano.a(libc_a-vsnprintf.o)
 .debug_frame   0x00002190       0x2c C:/msys64/mingw64/bin/../lib/gcc/arm-none-eabi/13.3.0/../../../../arm-none-eabi/lib/thumb/v7-m/nofp\libc_nano.a(libc_a-memset.o)
 .debug_frame   0x000021bc       0x40 C:/msys64/mingw64/bin/../lib/gcc/arm-none-eabi/13.3.0/../../../../arm-none-eabi/lib/thumb/v7-m/nofp\libc_nano.a(libc_a-reent.o)
 .debug_frame   0x000021fc       0x20 C:/msys64/mingw64/bin/../lib/gcc/arm-none-eabi/13.3.0/../../../../arm-none-eabi/lib/thumb/v7-m/nofp\libc_nano.a(libc_a-errno.o)
 .debug_frame   0x0000221c       0x2c C:/msys64/mingw64/bin/../lib/gcc/arm-none-eabi/13.3.0/../../../../arm-none-eabi/lib/thumb/v7-m/nofp\libc_nano.a(libc_a-init.o)
 .debug_frame   0x00002248       0xb0 C:/msys64/mingw64/bin/../lib/gcc/arm-none-eabi/13.3.0/../../../../arm-none-eabi/lib/thumb/v7-m/nofp\libc_nano.a(libc_a-lock.o)
 .debug_frame   0x000022f8       0x20 C:/msys64/mingw64/bin/../lib/gcc/arm-none-eabi/13.3.0/../../../../arm-none-eabi/lib/thumb/v7-m/nofp\libc_nano.a(libc_a-strlen-stub.o)
 .debug_frame   0x00002318       0x58 C:/msys64/mingw64/bin/../lib/gcc/arm-none-eabi/13.3.0/../../../../arm-none-eabi/lib/thumb/v7-m/nofp\libc_nano.a(libc_a-freer.o)
 .debug_frame   0x00002370       0x5c C:/msys64/mingw64/bin/../lib/gcc/arm-none-eabi/13.3.0/../../../../arm-none-eabi/lib/thumb/v7-m/nofp\libc_nano.a(libc_a-mallocr.o)
 .debug_frame   0x000023cc       0x30 C:/msys64/mingw64/bin/../lib/gcc/arm-none-eabi/13.3.0/../../../../arm-none-eabi/lib/thumb/v7-m/nofp\libc_nano.a(libc_a-mlock.o)
 .debug_frame   0x000023fc       0x98 C:/msys64/mingw64/bin/../lib/gcc/arm-none-eabi/13.3.0/../../../../arm-none-eabi/lib/thumb/v7-m/nofp\libc_nano.a(libc_a-nano-svfprintf.o)
 .debug_frame   0x00002494       0x6c C:/msys64/mingw64/bin/../lib/gcc/arm-none-eabi/13.3.0/../../../../arm-none-eabi/lib/thumb/v7-m/nofp\libc_nano.a(libc_a-nano-vfprintf_i.o)
 .debug_frame   0x00002500       0x40 C:/msys64/mingw64/bin/../lib/gcc/arm-none-eabi/13.3.0/../../../../arm-none-eabi/lib/thumb/v7-m/nofp\libc_nano.a(libc_a-memmove.o)
 .debug_frame   0x00002540       0x2c C:/msys64/mingw64/bin/../lib/gcc/arm-none-eabi/13.3.0/../../../../arm-none-eabi/lib/thumb/v7-m/nofp\libc_nano.a(libc_a-sbrkr.o)
 .debug_frame   0x0000256c       0x2c C:/msys64/mingw64/bin/../lib/gcc/arm-none-eabi/13.3.0/../../../../arm-none-eabi/lib/thumb/v7-m/nofp\libc_nano.a(libc_a-memchr-stub.o)
 .debug_frame   0x00002598       0x38 C:/msys64/mingw64/bin/../lib/gcc/arm-none-eabi/13.3.0/../../../../arm-none-eabi/lib/thumb/v7-m/nofp\libc_nano.a(libc_a-reallocr.o)
 .debug_frame   0x000025d0       0x20 C:/msys64/mingw64/bin/../lib/gcc/arm-none-eabi/13.3.0/../../../../arm-none-eabi/lib/thumb/v7-m/nofp\libc_nano.a(libc_a-msizer.o)
 .debug_frame   0x000025f0       0x4c C:/msys64/mingw64/bin/../lib/gcc/arm-none-eabi/13.3.0/thumb/v7-m/nofp\libgcc.a(_arm_addsubsf3.o)
 .debug_frame   0x0000263c       0x38 C:/msys64/mingw64/bin/../lib/gcc/arm-none-eabi/13.3.0/thumb/v7-m/nofp\libgcc.a(_arm_muldivsf3.o)

.debug_loclists
                0x00000000     0x195b
 .debug_loclists
                0x00000000      0x264 C:/msys64/mingw64/bin/../lib/gcc/arm-none-eabi/13.3.0/../../../../arm-none-eabi/lib/thumb/v7-m/nofp\libc_nano.a(libc_a-findfp.o)
 .debug_loclists
                0x00000264      0x255 C:/msys64/mingw64/bin/../lib/gcc/arm-none-eabi/13.3.0/../../../../arm-none-eabi/lib/thumb/v7-m/nofp\libc_nano.a(libc_a-vsnprintf.o)
 .debug_loclists
                0x000004b9      0x1cb C:/msys64/mingw64/bin/../lib/gcc/arm-none-eabi/13.3.0/../../../../arm-none-eabi/lib/thumb/v7-m/nofp\libc_nano.a(libc_a-memset.o)
 .debug_loclists
                0x00000684       0x7a C:/msys64/mingw64/bin/../lib/gcc/arm-none-eabi/13.3.0/../../../../arm-none-eabi/lib/thumb/v7-m/nofp\libc_nano.a(libc_a-reent.o)
 .debug_loclists
                0x000006fe       0x65 C:/msys64/mingw64/bin/../lib/gcc/arm-none-eabi/13.3.0/../../../../arm-none-eabi/lib/thumb/v7-m/nofp\libc_nano.a(libc_a-init.o)
 .debug_loclists
                0x00000763       0x1e C:/msys64/mingw64/bin/../lib/gcc/arm-none-eabi/13.3.0/../../../../arm-none-eabi/lib/thumb/v7-m/nofp\libc_nano.a(libc_a-lock.o)
 .debug_loclists
                0x00000781       0x23 C:/msys64/mingw64/bin/../lib/gcc/arm-none-eabi/13.3.0/../../../../arm-none-eabi/lib/thumb/v7-m/nofp\libc_nano.a(libc_a-strlen-stub.o)
 .debug_loclists
                0x000007a4      0x146 C:/msys64/mingw64/bin/../lib/gcc/arm-none-eabi/13.3.0/../../../../arm-none-eabi/lib/thumb/v7-m/nofp\libc_nano.a(libc_a-freer.o)
 .debug_loclists
                0x000008ea      0x230 C:/msys64/mingw64/bin/../lib/gcc/arm-none-eabi/13.3.0/../../../../arm-none-eabi/lib/thumb/v7-m/nofp\libc_nano.a(libc_a-mallocr.o)
 .debug_loclists
                0x00000b1a       0x30 C:/msys64/mingw64/bin/../lib/gcc/arm-none-eabi/13.3.0/../../../../arm-none-eabi/lib/thumb/v7-m/nofp\libc_nano.a(libc_a-mlock.o)
 .debug_loclists
                0x00000b4a      0x513 C:/msys64/mingw64/bin/../lib/gcc/arm-none-eabi/13.3.0/../../../../arm-none-eabi/lib/thumb/v7-m/nofp\libc_nano.a(libc_a-nano-svfprintf.o)
 .debug_loclists
                0x0000105d      0x43c C:/msys64/mingw64/bin/../lib/gcc/arm-none-eabi/13.3.0/../../../../arm-none-eabi/lib/thumb/v7-m/nofp\libc_nano.a(libc_a-nano-vfprintf_i.o)
 .debug_loclists
                0x00001499      0x1f1 C:/msys64/mingw64/bin/../lib/gcc/arm-none-eabi/13.3.0/../../../../arm-none-eabi/lib/thumb/v7-m/nofp\libc_nano.a(libc_a-memmove.o)
 .debug_loclists
                0x0000168a       0x3f C:/msys64/mingw64/bin/../lib/gcc/arm-none-eabi/13.3.0/../../../../arm-none-eabi/lib/thumb/v7-m/nofp\libc_nano.a(libc_a-sbrkr.o)
 .debug_loclists
                0x000016c9      0x14d C:/msys64/mingw64/bin/../lib/gcc/arm-none-eabi/13.3.0/../../../../arm-none-eabi/lib/thumb/v7-m/nofp\libc_nano.a(libc_a-memchr-stub.o)
 .debug_loclists
                0x00001816       0xf2 C:/msys64/mingw64/bin/../lib/gcc/arm-none-eabi/13.3.0/../../../../arm-none-eabi/lib/thumb/v7-m/nofp\libc_nano.a(libc_a-reallocr.o)
 .debug_loclists
                0x00001908       0x53 C:/msys64/mingw64/bin/../lib/gcc/arm-none-eabi/13.3.0/../../../../arm-none-eabi/lib/thumb/v7-m/nofp\libc_nano.a(libc_a-msizer.o)

.debug_rnglists
                0x00000000      0x1a7
 .debug_rnglists
                0x00000000       0xa4 C:/msys64/mingw64/bin/../lib/gcc/arm-none-eabi/13.3.0/../../../../arm-none-eabi/lib/thumb/v7-m/nofp\libc_nano.a(libc_a-findfp.o)
 .debug_rnglists
                0x000000a4       0x1c C:/msys64/mingw64/bin/../lib/gcc/arm-none-eabi/13.3.0/../../../../arm-none-eabi/lib/thumb/v7-m/nofp\libc_nano.a(libc_a-vsnprintf.o)
 .debug_rnglists
                0x000000c0       0x13 C:/msys64/mingw64/bin/../lib/gcc/arm-none-eabi/13.3.0/../../../../arm-none-eabi/lib/thumb/v7-m/nofp\libc_nano.a(libc_a-strlen-stub.o)
 .debug_rnglists
                0x000000d3       0x13 C:/msys64/mingw64/bin/../lib/gcc/arm-none-eabi/13.3.0/../../../../arm-none-eabi/lib/thumb/v7-m/nofp\libc_nano.a(libc_a-freer.o)
 .debug_rnglists
                0x000000e6       0x19 C:/msys64/mingw64/bin/../lib/gcc/arm-none-eabi/13.3.0/../../../../arm-none-eabi/lib/thumb/v7-m/nofp\libc_nano.a(libc_a-mallocr.o)
 .debug_rnglists
                0x000000ff       0x42 C:/msys64/mingw64/bin/../lib/gcc/arm-none-eabi/13.3.0/../../../../arm-none-eabi/lib/thumb/v7-m/nofp\libc_nano.a(libc_a-nano-svfprintf.o)
 .debug_rnglists
                0x00000141       0x66 C:/msys64/mingw64/bin/../lib/gcc/arm-none-eabi/13.3.0/../../../../arm-none-eabi/lib/thumb/v7-m/nofp\libc_nano.a(libc_a-nano-vfprintf_i.o)

.debug_line_str
                0x00000000       0xff
 .debug_line_str
                0x00000000       0xff C:/msys64/mingw64/bin/../lib/gcc/arm-none-eabi/13.3.0/../../../../arm-none-eabi/lib/thumb/v7-m/nofp\libc_nano.a(libc_a-memcpy.o)
                                 0x8c (size before relaxing)
 .debug_line_str
                0x000000ff       0x73 C:/msys64/mingw64/bin/../lib/gcc/arm-none-eabi/13.3.0/thumb/v7-m/nofp\libgcc.a(_arm_addsubsf3.o)
 .debug_line_str
                0x000000ff       0x73 C:/msys64/mingw64/bin/../lib/gcc/arm-none-eabi/13.3.0/thumb/v7-m/nofp\libgcc.a(_arm_muldivsf3.o)

Cross Reference Table

Symbol                                            File
ADC1_2_IRQHandler                                 build/startup_stm32f103x6.o
AHBPrescTable                                     build/system_stm32f1xx.o
                                                  build/stm32f1xx_hal_rcc.o
APBPrescTable                                     build/system_stm32f1xx.o
                                                  build/stm32f1xx_hal_rcc.o
BusFault_Handler                                  build/stm32f1xx_it.o
CAN1_RX1_IRQHandler                               build/startup_stm32f103x6.o
CAN1_SCE_IRQHandler                               build/startup_stm32f103x6.o
DMA1_Channel1_IRQHandler                          build/startup_stm32f103x6.o
DMA1_Channel2_IRQHandler                          build/startup_stm32f103x6.o
DMA1_Channel3_IRQHandler                          build/startup_stm32f103x6.o
DMA1_Channel4_IRQHandler                          build/startup_stm32f103x6.o
DMA1_Channel5_IRQHandler                          build/startup_stm32f103x6.o
DMA1_Channel6_IRQHandler                          build/startup_stm32f103x6.o
DMA1_Channel7_IRQHandler                          build/startup_stm32f103x6.o
DebugMon_Handler                                  build/stm32f1xx_it.o
Default_Handler                                   build/startup_stm32f103x6.o
EXTI0_IRQHandler                                  build/startup_stm32f103x6.o
EXTI15_10_IRQHandler                              build/startup_stm32f103x6.o
EXTI1_IRQHandler                                  build/startup_stm32f103x6.o
EXTI2_IRQHandler                                  build/startup_stm32f103x6.o
EXTI3_IRQHandler                                  build/startup_stm32f103x6.o
EXTI4_IRQHandler                                  build/startup_stm32f103x6.o
EXTI9_5_IRQHandler                                build/startup_stm32f103x6.o
Error_Handler                                     build/main.o
                                                  build/syscfg.o
                                                  build/hal_usart.o
                                                  build/hal_tim.o
FLASH_IRQHandler                                  build/startup_stm32f103x6.o
FLASH_PageErase                                   build/stm32f1xx_hal_flash_ex.o
                                                  build/stm32f1xx_hal_flash.o
FLASH_WaitForLastOperation                        build/stm32f1xx_hal_flash.o
                                                  build/stm32f1xx_hal_flash_ex.o
HAL_DBGMCU_DisableDBGSleepMode                    build/stm32f1xx_hal.o
HAL_DBGMCU_DisableDBGStandbyMode                  build/stm32f1xx_hal.o
HAL_DBGMCU_DisableDBGStopMode                     build/stm32f1xx_hal.o
HAL_DBGMCU_EnableDBGSleepMode                     build/stm32f1xx_hal.o
HAL_DBGMCU_EnableDBGStandbyMode                   build/stm32f1xx_hal.o
HAL_DBGMCU_EnableDBGStopMode                      build/stm32f1xx_hal.o
HAL_DMA_Abort                                     build/stm32f1xx_hal_dma.o
                                                  build/stm32f1xx_hal_uart.o
HAL_DMA_Abort_IT                                  build/stm32f1xx_hal_dma.o
                                                  build/stm32f1xx_hal_uart.o
                                                  build/stm32f1xx_hal_tim_ex.o
                                                  build/stm32f1xx_hal_tim.o
HAL_DMA_DeInit                                    build/stm32f1xx_hal_dma.o
HAL_DMA_GetError                                  build/stm32f1xx_hal_dma.o
                                                  build/stm32f1xx_hal_uart.o
HAL_DMA_GetState                                  build/stm32f1xx_hal_dma.o
HAL_DMA_IRQHandler                                build/stm32f1xx_hal_dma.o
HAL_DMA_Init                                      build/stm32f1xx_hal_dma.o
HAL_DMA_PollForTransfer                           build/stm32f1xx_hal_dma.o
HAL_DMA_RegisterCallback                          build/stm32f1xx_hal_dma.o
HAL_DMA_Start                                     build/stm32f1xx_hal_dma.o
HAL_DMA_Start_IT                                  build/stm32f1xx_hal_dma.o
                                                  build/stm32f1xx_hal_uart.o
                                                  build/stm32f1xx_hal_tim_ex.o
                                                  build/stm32f1xx_hal_tim.o
HAL_DMA_UnRegisterCallback                        build/stm32f1xx_hal_dma.o
HAL_DeInit                                        build/stm32f1xx_hal.o
HAL_Delay                                         build/stm32f1xx_hal.o
                                                  build/main.o
HAL_EXTI_ClearConfigLine                          build/stm32f1xx_hal_exti.o
HAL_EXTI_ClearPending                             build/stm32f1xx_hal_exti.o
HAL_EXTI_GenerateSWI                              build/stm32f1xx_hal_exti.o
HAL_EXTI_GetConfigLine                            build/stm32f1xx_hal_exti.o
HAL_EXTI_GetHandle                                build/stm32f1xx_hal_exti.o
HAL_EXTI_GetPending                               build/stm32f1xx_hal_exti.o
HAL_EXTI_IRQHandler                               build/stm32f1xx_hal_exti.o
HAL_EXTI_RegisterCallback                         build/stm32f1xx_hal_exti.o
HAL_EXTI_SetConfigLine                            build/stm32f1xx_hal_exti.o
HAL_FLASHEx_Erase                                 build/stm32f1xx_hal_flash_ex.o
HAL_FLASHEx_Erase_IT                              build/stm32f1xx_hal_flash_ex.o
HAL_FLASHEx_OBErase                               build/stm32f1xx_hal_flash_ex.o
HAL_FLASHEx_OBGetConfig                           build/stm32f1xx_hal_flash_ex.o
HAL_FLASHEx_OBGetUserData                         build/stm32f1xx_hal_flash_ex.o
HAL_FLASHEx_OBProgram                             build/stm32f1xx_hal_flash_ex.o
HAL_FLASH_EndOfOperationCallback                  build/stm32f1xx_hal_flash.o
HAL_FLASH_GetError                                build/stm32f1xx_hal_flash.o
HAL_FLASH_IRQHandler                              build/stm32f1xx_hal_flash.o
HAL_FLASH_Lock                                    build/stm32f1xx_hal_flash.o
HAL_FLASH_OB_Launch                               build/stm32f1xx_hal_flash.o
HAL_FLASH_OB_Lock                                 build/stm32f1xx_hal_flash.o
HAL_FLASH_OB_Unlock                               build/stm32f1xx_hal_flash.o
HAL_FLASH_OperationErrorCallback                  build/stm32f1xx_hal_flash.o
HAL_FLASH_Program                                 build/stm32f1xx_hal_flash.o
HAL_FLASH_Program_IT                              build/stm32f1xx_hal_flash.o
HAL_FLASH_Unlock                                  build/stm32f1xx_hal_flash.o
HAL_GPIOEx_ConfigEventout                         build/stm32f1xx_hal_gpio_ex.o
HAL_GPIOEx_DisableEventout                        build/stm32f1xx_hal_gpio_ex.o
HAL_GPIOEx_EnableEventout                         build/stm32f1xx_hal_gpio_ex.o
HAL_GPIO_DeInit                                   build/stm32f1xx_hal_gpio.o
                                                  build/hal_usart.o
                                                  build/hal_gpio.o
HAL_GPIO_EXTI_Callback                            build/stm32f1xx_hal_gpio.o
HAL_GPIO_EXTI_IRQHandler                          build/stm32f1xx_hal_gpio.o
HAL_GPIO_Init                                     build/stm32f1xx_hal_gpio.o
                                                  build/stm32f1xx_hal_rcc.o
                                                  build/hal_usart.o
                                                  build/hal_gpio.o
HAL_GPIO_LockPin                                  build/stm32f1xx_hal_gpio.o
HAL_GPIO_ReadPin                                  build/stm32f1xx_hal_gpio.o
                                                  build/hal_gpio.o
HAL_GPIO_TogglePin                                build/stm32f1xx_hal_gpio.o
                                                  build/main.o
HAL_GPIO_WritePin                                 build/stm32f1xx_hal_gpio.o
                                                  build/hal_gpio.o
HAL_GetDEVID                                      build/stm32f1xx_hal.o
HAL_GetHalVersion                                 build/stm32f1xx_hal.o
HAL_GetREVID                                      build/stm32f1xx_hal.o
HAL_GetTick                                       build/stm32f1xx_hal.o
                                                  build/stm32f1xx_hal_uart.o
                                                  build/stm32f1xx_hal_flash.o
                                                  build/stm32f1xx_hal_dma.o
                                                  build/stm32f1xx_hal_rcc_ex.o
                                                  build/stm32f1xx_hal_rcc.o
HAL_GetTickFreq                                   build/stm32f1xx_hal.o
HAL_GetTickPrio                                   build/stm32f1xx_hal.o
HAL_GetUIDw0                                      build/stm32f1xx_hal.o
HAL_GetUIDw1                                      build/stm32f1xx_hal.o
HAL_GetUIDw2                                      build/stm32f1xx_hal.o
HAL_HalfDuplex_EnableReceiver                     build/stm32f1xx_hal_uart.o
HAL_HalfDuplex_EnableTransmitter                  build/stm32f1xx_hal_uart.o
HAL_HalfDuplex_Init                               build/stm32f1xx_hal_uart.o
HAL_IncTick                                       build/stm32f1xx_hal.o
                                                  build/stm32f1xx_it.o
HAL_Init                                          build/stm32f1xx_hal.o
                                                  build/main.o
HAL_InitTick                                      build/stm32f1xx_hal.o
                                                  build/stm32f1xx_hal_rcc.o
HAL_LIN_Init                                      build/stm32f1xx_hal_uart.o
HAL_LIN_SendBreak                                 build/stm32f1xx_hal_uart.o
HAL_MspDeInit                                     build/stm32f1xx_hal.o
HAL_MspInit                                       build/stm32f1xx_hal_msp.o
HAL_MultiProcessor_EnterMuteMode                  build/stm32f1xx_hal_uart.o
HAL_MultiProcessor_ExitMuteMode                   build/stm32f1xx_hal_uart.o
HAL_MultiProcessor_Init                           build/stm32f1xx_hal_uart.o
HAL_NVIC_ClearPendingIRQ                          build/stm32f1xx_hal_cortex.o
HAL_NVIC_DisableIRQ                               build/stm32f1xx_hal_cortex.o
                                                  build/hal_usart.o
HAL_NVIC_EnableIRQ                                build/stm32f1xx_hal_cortex.o
                                                  build/hal_usart.o
HAL_NVIC_GetActive                                build/stm32f1xx_hal_cortex.o
HAL_NVIC_GetPendingIRQ                            build/stm32f1xx_hal_cortex.o
HAL_NVIC_GetPriority                              build/stm32f1xx_hal_cortex.o
HAL_NVIC_GetPriorityGrouping                      build/stm32f1xx_hal_cortex.o
HAL_NVIC_SetPendingIRQ                            build/stm32f1xx_hal_cortex.o
HAL_NVIC_SetPriority                              build/stm32f1xx_hal_cortex.o
                                                  build/stm32f1xx_hal.o
                                                  build/hal_usart.o
HAL_NVIC_SetPriorityGrouping                      build/stm32f1xx_hal_cortex.o
                                                  build/stm32f1xx_hal.o
HAL_NVIC_SystemReset                              build/stm32f1xx_hal_cortex.o
                                                  build/stm32f1xx_hal_flash.o
HAL_PWR_ConfigPVD                                 build/stm32f1xx_hal_pwr.o
HAL_PWR_DeInit                                    build/stm32f1xx_hal_pwr.o
HAL_PWR_DisableBkUpAccess                         build/stm32f1xx_hal_pwr.o
HAL_PWR_DisablePVD                                build/stm32f1xx_hal_pwr.o
HAL_PWR_DisableSEVOnPend                          build/stm32f1xx_hal_pwr.o
HAL_PWR_DisableSleepOnExit                        build/stm32f1xx_hal_pwr.o
HAL_PWR_DisableWakeUpPin                          build/stm32f1xx_hal_pwr.o
HAL_PWR_EnableBkUpAccess                          build/stm32f1xx_hal_pwr.o
HAL_PWR_EnablePVD                                 build/stm32f1xx_hal_pwr.o
HAL_PWR_EnableSEVOnPend                           build/stm32f1xx_hal_pwr.o
HAL_PWR_EnableSleepOnExit                         build/stm32f1xx_hal_pwr.o
HAL_PWR_EnableWakeUpPin                           build/stm32f1xx_hal_pwr.o
HAL_PWR_EnterSLEEPMode                            build/stm32f1xx_hal_pwr.o
HAL_PWR_EnterSTANDBYMode                          build/stm32f1xx_hal_pwr.o
HAL_PWR_EnterSTOPMode                             build/stm32f1xx_hal_pwr.o
HAL_PWR_PVDCallback                               build/stm32f1xx_hal_pwr.o
HAL_PWR_PVD_IRQHandler                            build/stm32f1xx_hal_pwr.o
HAL_RCCEx_GetPeriphCLKConfig                      build/stm32f1xx_hal_rcc_ex.o
HAL_RCCEx_GetPeriphCLKFreq                        build/stm32f1xx_hal_rcc_ex.o
HAL_RCCEx_PeriphCLKConfig                         build/stm32f1xx_hal_rcc_ex.o
                                                  build/syscfg.o
HAL_RCC_CSSCallback                               build/stm32f1xx_hal_rcc.o
HAL_RCC_ClockConfig                               build/stm32f1xx_hal_rcc.o
                                                  build/syscfg.o
HAL_RCC_DeInit                                    build/stm32f1xx_hal_rcc.o
HAL_RCC_DisableCSS                                build/stm32f1xx_hal_rcc.o
HAL_RCC_EnableCSS                                 build/stm32f1xx_hal_rcc.o
HAL_RCC_GetClockConfig                            build/stm32f1xx_hal_rcc.o
HAL_RCC_GetHCLKFreq                               build/stm32f1xx_hal_rcc.o
HAL_RCC_GetOscConfig                              build/stm32f1xx_hal_rcc.o
HAL_RCC_GetPCLK1Freq                              build/stm32f1xx_hal_rcc.o
                                                  build/stm32f1xx_hal_uart.o
HAL_RCC_GetPCLK2Freq                              build/stm32f1xx_hal_rcc.o
                                                  build/stm32f1xx_hal_uart.o
                                                  build/stm32f1xx_hal_rcc_ex.o
HAL_RCC_GetSysClockFreq                           build/stm32f1xx_hal_rcc.o
HAL_RCC_MCOConfig                                 build/stm32f1xx_hal_rcc.o
HAL_RCC_NMI_IRQHandler                            build/stm32f1xx_hal_rcc.o