Archive member included to satisfy reference by file (symbol)

C:/msys64/mingw64/bin/../lib/gcc/arm-none-eabi/13.3.0/../../../../arm-none-eabi/lib/thumb/v7-m/nofp\libc_nano.a(libc_a-atexit.o)
                              C:/msys64/mingw64/bin/../lib/gcc/arm-none-eabi/13.3.0/../../../../arm-none-eabi/lib/thumb/v7-m/nofp/crt0.o (atexit)
C:/msys64/mingw64/bin/../lib/gcc/arm-none-eabi/13.3.0/../../../../arm-none-eabi/lib/thumb/v7-m/nofp\libc_nano.a(libc_a-exit.o)
                              C:/msys64/mingw64/bin/../lib/gcc/arm-none-eabi/13.3.0/../../../../arm-none-eabi/lib/thumb/v7-m/nofp/crt0.o (exit)
C:/msys64/mingw64/bin/../lib/gcc/arm-none-eabi/13.3.0/../../../../arm-none-eabi/lib/thumb/v7-m/nofp\libc_nano.a(libc_a-findfp.o)
                              C:/msys64/mingw64/bin/../lib/gcc/arm-none-eabi/13.3.0/../../../../arm-none-eabi/lib/thumb/v7-m/nofp\libc_nano.a(libc_a-exit.o) (__stdio_exit_handler)
C:/msys64/mingw64/bin/../lib/gcc/arm-none-eabi/13.3.0/../../../../arm-none-eabi/lib/thumb/v7-m/nofp\libc_nano.a(libc_a-fwalk.o)
                              C:/msys64/mingw64/bin/../lib/gcc/arm-none-eabi/13.3.0/../../../../arm-none-eabi/lib/thumb/v7-m/nofp\libc_nano.a(libc_a-findfp.o) (_fwalk_sglue)
C:/msys64/mingw64/bin/../lib/gcc/arm-none-eabi/13.3.0/../../../../arm-none-eabi/lib/thumb/v7-m/nofp\libc_nano.a(libc_a-stdio.o)
                              C:/msys64/mingw64/bin/../lib/gcc/arm-none-eabi/13.3.0/../../../../arm-none-eabi/lib/thumb/v7-m/nofp\libc_nano.a(libc_a-findfp.o) (__sread)
C:/msys64/mingw64/bin/../lib/gcc/arm-none-eabi/13.3.0/../../../../arm-none-eabi/lib/thumb/v7-m/nofp\libc_nano.a(libc_a-vsnprintf.o)
                              build/hal_usart.o (vsnprintf)
C:/msys64/mingw64/bin/../lib/gcc/arm-none-eabi/13.3.0/../../../../arm-none-eabi/lib/thumb/v7-m/nofp\libc_nano.a(libc_a-memset.o)
                              C:/msys64/mingw64/bin/../lib/gcc/arm-none-eabi/13.3.0/../../../../arm-none-eabi/lib/thumb/v7-m/nofp/crt0.o (memset)
C:/msys64/mingw64/bin/../lib/gcc/arm-none-eabi/13.3.0/../../../../arm-none-eabi/lib/thumb/v7-m/nofp\libc_nano.a(libc_a-closer.o)
                              C:/msys64/mingw64/bin/../lib/gcc/arm-none-eabi/13.3.0/../../../../arm-none-eabi/lib/thumb/v7-m/nofp\libc_nano.a(libc_a-stdio.o) (_close_r)
C:/msys64/mingw64/bin/../lib/gcc/arm-none-eabi/13.3.0/../../../../arm-none-eabi/lib/thumb/v7-m/nofp\libc_nano.a(libc_a-reent.o)
                              C:/msys64/mingw64/bin/../lib/gcc/arm-none-eabi/13.3.0/../../../../arm-none-eabi/lib/thumb/v7-m/nofp\libc_nano.a(libc_a-closer.o) (errno)
C:/msys64/mingw64/bin/../lib/gcc/arm-none-eabi/13.3.0/../../../../arm-none-eabi/lib/thumb/v7-m/nofp\libc_nano.a(libc_a-impure.o)
                              C:/msys64/mingw64/bin/../lib/gcc/arm-none-eabi/13.3.0/../../../../arm-none-eabi/lib/thumb/v7-m/nofp\libc_nano.a(libc_a-vsnprintf.o) (_impure_ptr)
C:/msys64/mingw64/bin/../lib/gcc/arm-none-eabi/13.3.0/../../../../arm-none-eabi/lib/thumb/v7-m/nofp\libc_nano.a(libc_a-lseekr.o)
                              C:/msys64/mingw64/bin/../lib/gcc/arm-none-eabi/13.3.0/../../../../arm-none-eabi/lib/thumb/v7-m/nofp\libc_nano.a(libc_a-stdio.o) (_lseek_r)
C:/msys64/mingw64/bin/../lib/gcc/arm-none-eabi/13.3.0/../../../../arm-none-eabi/lib/thumb/v7-m/nofp\libc_nano.a(libc_a-readr.o)
                              C:/msys64/mingw64/bin/../lib/gcc/arm-none-eabi/13.3.0/../../../../arm-none-eabi/lib/thumb/v7-m/nofp\libc_nano.a(libc_a-stdio.o) (_read_r)
C:/msys64/mingw64/bin/../lib/gcc/arm-none-eabi/13.3.0/../../../../arm-none-eabi/lib/thumb/v7-m/nofp\libc_nano.a(libc_a-writer.o)
                              C:/msys64/mingw64/bin/../lib/gcc/arm-none-eabi/13.3.0/../../../../arm-none-eabi/lib/thumb/v7-m/nofp\libc_nano.a(libc_a-stdio.o) (_write_r)
C:/msys64/mingw64/bin/../lib/gcc/arm-none-eabi/13.3.0/../../../../arm-none-eabi/lib/thumb/v7-m/nofp\libc_nano.a(libc_a-errno.o)
                              build/sysmem.o (__errno)
C:/msys64/mingw64/bin/../lib/gcc/arm-none-eabi/13.3.0/../../../../arm-none-eabi/lib/thumb/v7-m/nofp\libc_nano.a(libc_a-init.o)
                              C:/msys64/mingw64/bin/../lib/gcc/arm-none-eabi/13.3.0/../../../../arm-none-eabi/lib/thumb/v7-m/nofp/crt0.o (__libc_init_array)
C:/msys64/mingw64/bin/../lib/gcc/arm-none-eabi/13.3.0/../../../../arm-none-eabi/lib/thumb/v7-m/nofp\libc_nano.a(libc_a-fini.o)
                              C:/msys64/mingw64/bin/../lib/gcc/arm-none-eabi/13.3.0/../../../../arm-none-eabi/lib/thumb/v7-m/nofp/crt0.o (__libc_fini_array)
C:/msys64/mingw64/bin/../lib/gcc/arm-none-eabi/13.3.0/../../../../arm-none-eabi/lib/thumb/v7-m/nofp\libc_nano.a(libc_a-lock.o)
                              C:/msys64/mingw64/bin/../lib/gcc/arm-none-eabi/13.3.0/../../../../arm-none-eabi/lib/thumb/v7-m/nofp\libc_nano.a(libc_a-findfp.o) (__retarget_lock_init_recursive)
[...]
Memory Configuration

Name             Origin             Length             Attributes
RAM              0x20000000         0x00002800         xrw
FLASH            0x08000000         0x00008000         xr
*default*        0x00000000         0xffffffff

Linker script and memory map

LOAD C:/msys64/mingw64/bin/../lib/gcc/arm-none-eabi/13.3.0/thumb/v7-m/nofp/crti.o
LOAD C:/msys64/mingw64/bin/../lib/gcc/arm-none-eabi/13.3.0/thumb/v7-m/nofp/crtbegin.o
LOAD C:/msys64/mingw64/bin/../lib/gcc/arm-none-eabi/13.3.0/../../../../arm-none-eabi/lib/thumb/v7-m/nofp/crt0.o
LOAD build/main.o
LOAD build/hal_gpio.o
LOAD build/hal_tim.o
LOAD build/hal_usart.o
LOAD build/hal_utils.o
LOAD build/syscfg.o
LOAD build/stm32f1xx_it.o
LOAD build/stm32f1xx_hal_msp.o
LOAD build/stm32f1xx_hal_gpio_ex.o
LOAD build/stm32f1xx_hal_tim.o
LOAD build/stm32f1xx_hal_tim_ex.o
LOAD build/stm32f1xx_hal.o
LOAD build/stm32f1xx_hal_rcc.o
LOAD build/stm32f1xx_hal_rcc_ex.o
LOAD build/stm32f1xx_hal_gpio.o
LOAD build/stm32f1xx_hal_dma.o
LOAD build/stm32f1xx_hal_cortex.o
LOAD build/stm32f1xx_hal_pwr.o
LOAD build/stm32f1xx_hal_flash.o
LOAD build/stm32f1xx_hal_flash_ex.o
LOAD build/stm32f1xx_hal_exti.o
LOAD build/stm32f1xx_hal_uart.o
LOAD build/system_stm32f1xx.o
LOAD build/sysmem.o
LOAD build/syscalls.o
LOAD build/hx711.o
LOAD build/hx711_hw.o
LOAD build/startup_stm32f103x6.o
LOAD C:/msys64/mingw64/bin/../lib/gcc/arm-none-eabi/13.3.0/../../../../arm-none-eabi/lib/thumb/v7-m/nofp\libc_nano.a
LOAD C:/msys64/mingw64/bin/../lib/gcc/arm-none-eabi/13.3.0/../../../../arm-none-eabi/lib/thumb/v7-m/nofp\libm.a
LOAD C:/msys64/mingw64/bin/../lib/gcc/arm-none-eabi/13.3.0/../../../../arm-none-eabi/lib/thumb/v7-m/nofp\libnosys.a
START GROUP
LOAD C:/msys64/mingw64/bin/../lib/gcc/arm-none-eabi/13.3.0/thumb/v7-m/nofp\libgcc.a
LOAD C:/msys64/mingw64/bin/../lib/gcc/arm-none-eabi/13.3.0/../../../../arm-none-eabi/lib/thumb/v7-m/nofp\libc_nano.a
END GROUP
START GROUP
LOAD C:/msys64/mingw64/bin/../lib/gcc/arm-none-eabi/13.3.0/thumb/v7-m/nofp\libgcc.a
LOAD C:/msys64/mingw64/bin/../lib/gcc/arm-none-eabi/13.3.0/../../../../arm-none-eabi/lib/thumb/v7-m/nofp\libc_nano.a
END GROUP
LOAD C:/msys64/mingw64/bin/../lib/gcc/arm-none-eabi/13.3.0/thumb/v7-m/nofp/crtend.o
LOAD C:/msys64/mingw64/bin/../lib/gcc/arm-none-eabi/13.3.0/thumb/v7-m/nofp/crtn.o
                0x20002800                        _estack = (ORIGIN (RAM) + LENGTH (RAM))
                0x00000200                        _Min_Heap_Size = 0x200
                0x00000400                        _Min_Stack_Size = 0x400

.isr_vector     0x08000000      0x10c
                0x08000000                        . = ALIGN (0x4)
 *(.isr_vector)
 .isr_vector    0x08000000      0x10c build/startup_stm32f103x6.o
                0x08000000                g_pfnVectors
                0x0800010c                        . = ALIGN (0x4)

.text           0x0800010c     0x2db0
                0x0800010c                        . = ALIGN (0x4)
 *(.text)
 .text          0x0800010c       0xe4 C:/msys64/mingw64/bin/../lib/gcc/arm-none-eabi/13.3.0/../../../../arm-none-eabi/lib/thumb/v7-m/nofp\libc_nano.a(libc_a-vsnprintf.o)
                0x0800010c                vsniprintf
                0x0800010c                vsnprintf
                0x08000180                _vsniprintf_r
                0x08000180                _vsnprintf_r
 .text          0x080001f0       0xa0 C:/msys64/mingw64/bin/../lib/gcc/arm-none-eabi/13.3.0/../../../../arm-none-eabi/lib/thumb/v7-m/nofp\libc_nano.a(libc_a-memset.o)
                0x080001f0                memset
 .text          0x08000290        0xc C:/msys64/mingw64/bin/../lib/gcc/arm-none-eabi/13.3.0/../../../../arm-none-eabi/lib/thumb/v7-m/nofp\libc_nano.a(libc_a-errno.o)
                0x08000290                __errno
 .text          0x0800029c       0x50 C:/msys64/mingw64/bin/../lib/gcc/arm-none-eabi/13.3.0/../../../../arm-none-eabi/lib/thumb/v7-m/nofp\libc_nano.a(libc_a-init.o)
                0x0800029c                __libc_init_array
 .text          0x080002ec       0x28 C:/msys64/mingw64/bin/../lib/gcc/arm-none-eabi/13.3.0/../../../../arm-none-eabi/lib/thumb/v7-m/nofp\libc_nano.a(libc_a-lock.o)
                0x080002ec                __retarget_lock_init
                0x080002f0                __retarget_lock_init_recursive
                0x080002f4                __retarget_lock_close
                0x080002f8                __retarget_lock_close_recursive
                0x080002fc                __retarget_lock_acquire
                0x08000300                __retarget_lock_acquire_recursive
                0x08000304                __retarget_lock_try_acquire
                0x08000308                __retarget_lock_try_acquire_recursive
                0x0800030c                __retarget_lock_release
                0x08000310                __retarget_lock_release_recursive
 .text          0x08000314       0x5c C:/msys64/mingw64/bin/../lib/gcc/arm-none-eabi/13.3.0/../../../../arm-none-eabi/lib/thumb/v7-m/nofp\libc_nano.a(libc_a-strlen-stub.o)
                0x08000314                strlen
 .text          0x08000370       0xbc C:/msys64/mingw64/bin/../lib/gcc/arm-none-eabi/13.3.0/../../../../arm-none-eabi/lib/thumb/v7-m/nofp\libc_nano.a(libc_a-freer.o)
                0x08000370                _free_r
 .text          0x0800042c      0x144 C:/msys64/mingw64/bin/../lib/gcc/arm-none-eabi/13.3.0/../../../../arm-none-eabi/lib/thumb/v7-m/nofp\libc_nano.a(libc_a-mallocr.o)
                0x08000478                _malloc_r
 .text          0x08000570       0x18 C:/msys64/mingw64/bin/../lib/gcc/arm-none-eabi/13.3.0/../../../../arm-none-eabi/lib/thumb/v7-m/nofp\libc_nano.a(libc_a-mlock.o)
                0x08000570                __malloc_lock
                0x0800057c                __malloc_unlock
 .text          0x08000588      0x400 C:/msys64/mingw64/bin/../lib/gcc/arm-none-eabi/13.3.0/../../../../arm-none-eabi/lib/thumb/v7-m/nofp\libc_nano.a(libc_a-nano-svfprintf.o)
                0x08000588                __ssputs_r
                0x08000648                __ssprint_r
                0x08000758                _svfiprintf_r
                0x08000758                _svfprintf_r
 .text          0x08000988      0x3a4 C:/msys64/mingw64/bin/../lib/gcc/arm-none-eabi/13.3.0/../../../../arm-none-eabi/lib/thumb/v7-m/nofp\libc_nano.a(libc_a-nano-vfprintf_i.o)
                0x08000988                _printf_common
                0x08000aac                _printf_i
 .text          0x08000d2c       0xfc C:/msys64/mingw64/bin/../lib/gcc/arm-none-eabi/13.3.0/../../../../arm-none-eabi/lib/thumb/v7-m/nofp\libc_nano.a(libc_a-memmove.o)
                0x08000d2c                memmove
 .text          0x08000e28       0x24 C:/msys64/mingw64/bin/../lib/gcc/arm-none-eabi/13.3.0/../../../../arm-none-eabi/lib/thumb/v7-m/nofp\libc_nano.a(libc_a-sbrkr.o)
                0x08000e28                _sbrk_r
 .text          0x08000e4c       0x98 C:/msys64/mingw64/bin/../lib/gcc/arm-none-eabi/13.3.0/../../../../arm-none-eabi/lib/thumb/v7-m/nofp\libc_nano.a(libc_a-memchr-stub.o)
                0x08000e4c                memchr
 .text          0x08000ee4       0xec C:/msys64/mingw64/bin/../lib/gcc/arm-none-eabi/13.3.0/../../../../arm-none-eabi/lib/thumb/v7-m/nofp\libc_nano.a(libc_a-memcpy.o)
                0x08000ee4                memcpy
 .text          0x08000fd0       0x68 C:/msys64/mingw64/bin/../lib/gcc/arm-none-eabi/13.3.0/../../../../arm-none-eabi/lib/thumb/v7-m/nofp\libc_nano.a(libc_a-reallocr.o)
                0x08000fd0                _realloc_r
 .text          0x08001038       0x10 C:/msys64/mingw64/bin/../lib/gcc/arm-none-eabi/13.3.0/../../../../arm-none-eabi/lib/thumb/v7-m/nofp\libc_nano.a(libc_a-msizer.o)
                0x08001038                _malloc_usable_size_r
 .text          0x08001048      0x21c C:/msys64/mingw64/bin/../lib/gcc/arm-none-eabi/13.3.0/thumb/v7-m/nofp\libgcc.a(_arm_addsubsf3.o)
                0x08001048                __aeabi_frsub
                0x08001050                __subsf3
                0x08001050                __aeabi_fsub
                0x08001054                __aeabi_fadd
                0x08001054                __addsf3
                0x080011b4                __aeabi_ui2f
                0x080011b4                __floatunsisf
                0x080011bc                __aeabi_i2f
                0x080011bc                __floatsisf
                0x080011d8                __aeabi_ul2f
                0x080011d8                __floatundisf
                0x080011e8                __aeabi_l2f
                0x080011e8                __floatdisf
 .text          0x08001264      0x2a0 C:/msys64/mingw64/bin/../lib/gcc/arm-none-eabi/13.3.0/thumb/v7-m/nofp\libgcc.a(_arm_muldivsf3.o)
                0x08001264                __mulsf3
                0x08001264                __aeabi_fmul
                0x080013cc                __aeabi_fdiv
                0x080013cc                __divsf3
 .text          0x08001504       0xec C:/msys64/mingw64/bin/../lib/gcc/arm-none-eabi/13.3.0/thumb/v7-m/nofp\libgcc.a(_arm_cmpsf2.o)
                0x08001504                __gesf2
                0x08001504                __gtsf2
                0x0800150c                __lesf2
                0x0800150c                __ltsf2
                0x08001514                __nesf2
                0x08001514                __eqsf2
                0x08001514                __cmpsf2
                0x08001574                __aeabi_cfrcmple
                0x0800157c                __aeabi_cfcmpeq
                0x0800157c                __aeabi_cfcmple
                0x0800158c                __aeabi_fcmpeq
                0x080015a0                __aeabi_fcmplt
                0x080015b4                __aeabi_fcmple
                0x080015c8                __aeabi_fcmpge
                0x080015dc                __aeabi_fcmpgt
 .text          0x080015f0       0x4c C:/msys64/mingw64/bin/../lib/gcc/arm-none-eabi/13.3.0/thumb/v7-m/nofp\libgcc.a(_arm_fixsfsi.o)
                0x080015f0                __aeabi_f2iz
                0x080015f0                __fixsfsi
 *(.text*)
 .text.__do_global_dtors_aux
                0x0800163c       0x24 C:/msys64/mingw64/bin/../lib/gcc/arm-none-eabi/13.3.0/thumb/v7-m/nofp/crtbegin.o
 .text.frame_dummy
                0x08001660       0x1c C:/msys64/mingw64/bin/../lib/gcc/arm-none-eabi/13.3.0/thumb/v7-m/nofp/crtbegin.o
 .text.hx711_com_init
                0x0800167c       0x20 build/main.o
 .text.main     0x0800169c       0x74 build/main.o
                0x0800169c                main
 .text.Error_Handler
                0x08001710        0x4 build/main.o
                0x08001710                Error_Handler
 .text.hal_gpio_builtin_led_init
                0x08001714       0x50 build/hal_gpio.o
                0x08001714                hal_gpio_builtin_led_init
 .text.hal_gpio_hx711_dat_init
                0x08001764       0x40 build/hal_gpio.o
                0x08001764                hal_gpio_hx711_dat_init
 .text.hal_gpio_hx711_sck_init
                0x080017a4       0x50 build/hal_gpio.o
                0x080017a4                hal_gpio_hx711_sck_init
 .text.MX_GPIO_Init
                0x080017f4       0x10 build/hal_gpio.o
                0x080017f4                MX_GPIO_Init
 .text.hal_gpio_hx711_write_sck
                0x08001804       0x18 build/hal_gpio.o
                0x08001804                hal_gpio_hx711_write_sck
 .text.hal_gpio_hx711_read_dat
                0x0800181c       0x14 build/hal_gpio.o
                0x0800181c                hal_gpio_hx711_read_dat
 .text.MX_TIM2_Init
                0x08001830       0x6c build/hal_tim.o
                0x08001830                MX_TIM2_Init
 .text.HAL_TIM_Base_MspInit
                0x0800189c       0x26 build/hal_tim.o
                0x0800189c                HAL_TIM_Base_MspInit
 *fill*         0x080018c2        0x2 
 .text.hal_tim_busy_wait_us
                0x080018c4       0x14 build/hal_tim.o
                0x080018c4                hal_tim_busy_wait_us
 .text.MX_USART1_UART_Init
                0x080018d8       0x34 build/hal_usart.o
                0x080018d8                MX_USART1_UART_Init
 .text.HAL_UART_MspInit
                0x0800190c       0x88 build/hal_usart.o
                0x0800190c                HAL_UART_MspInit
 .text.hal_uart_printf
                0x08001994       0x3c build/hal_usart.o
                0x08001994                hal_uart_printf
 .text.hal_utils_float_to_str
                0x080019d0       0xe4 build/hal_utils.o
                0x080019d0                hal_utils_float_to_str
 .text.SystemClock_Config
                0x08001ab4       0x8a build/syscfg.o
                0x08001ab4                SystemClock_Config
 .text.NMI_Handler
                0x08001b3e        0x2 build/stm32f1xx_it.o
                0x08001b3e                NMI_Handler
 .text.HardFault_Handler
                0x08001b40        0x2 build/stm32f1xx_it.o
                0x08001b40                HardFault_Handler
 .text.MemManage_Handler
                0x08001b42        0x2 build/stm32f1xx_it.o
                0x08001b42                MemManage_Handler
 .text.BusFault_Handler
                0x08001b44        0x2 build/stm32f1xx_it.o
                0x08001b44                BusFault_Handler
 .text.UsageFault_Handler
                0x08001b46        0x2 build/stm32f1xx_it.o
                0x08001b46                UsageFault_Handler
 .text.SVC_Handler
                0x08001b48        0x2 build/stm32f1xx_it.o
                0x08001b48                SVC_Handler
 .text.DebugMon_Handler
                0x08001b4a        0x2 build/stm32f1xx_it.o
                0x08001b4a                DebugMon_Handler
 .text.PendSV_Handler
                0x08001b4c        0x2 build/stm32f1xx_it.o
                0x08001b4c                PendSV_Handler
 .text.SysTick_Handler
                0x08001b4e        0x8 build/stm32f1xx_it.o
                0x08001b4e                SysTick_Handler
 *fill*         0x08001b56        0x2 
 .text.HAL_MspInit
                0x08001b58       0x44 build/stm32f1xx_hal_msp.o
                0x08001b58                HAL_MspInit
 .text.TIM_TI1_ConfigInputStage
                0x08001b9c       0x24 build/stm32f1xx_hal_tim.o
 .text.TIM_TI2_ConfigInputStage
                0x08001bc0       0x26 build/stm32f1xx_hal_tim.o
 .text.TIM_ITRx_SetConfig
                0x08001be6       0x10 build/stm32f1xx_hal_tim.o
 *fill*         0x08001bf6        0x2 
 .text.HAL_TIM_Base_Start
                0x08001bf8       0x54 build/stm32f1xx_hal_tim.o
                0x08001bf8                HAL_TIM_Base_Start
 .text.TIM_Base_SetConfig
                0x08001c4c       0x74 build/stm32f1xx_hal_tim.o
                0x08001c4c                TIM_Base_SetConfig
 .text.HAL_TIM_Base_Init
                0x08001cc0       0x58 build/stm32f1xx_hal_tim.o
                0x08001cc0                HAL_TIM_Base_Init
 .text.TIM_ETR_SetConfig
                0x08001d18       0x18 build/stm32f1xx_hal_tim.o
                0x08001d18                TIM_ETR_SetConfig
 .text.HAL_TIM_ConfigClockSource
                0x08001d30       0xfe build/stm32f1xx_hal_tim.o
                0x08001d30                HAL_TIM_ConfigClockSource
 *fill*         0x08001e2e        0x2 
 .text.HAL_TIMEx_MasterConfigSynchronization
                0x08001e30       0x64 build/stm32f1xx_hal_tim_ex.o
                0x08001e30                HAL_TIMEx_MasterConfigSynchronization
 .text.HAL_InitTick
                0x08001e94       0x4c build/stm32f1xx_hal.o
                0x08001e94                HAL_InitTick
 .text.HAL_Init
                0x08001ee0       0x24 build/stm32f1xx_hal.o
                0x08001ee0                HAL_Init
 .text.HAL_IncTick
                0x08001f04       0x18 build/stm32f1xx_hal.o
                0x08001f04                HAL_IncTick
 .text.HAL_GetTick
                0x08001f1c        0xc build/stm32f1xx_hal.o
                0x08001f1c                HAL_GetTick
 .text.HAL_Delay
                0x08001f28       0x28 build/stm32f1xx_hal.o
                0x08001f28                HAL_Delay
 .text.RCC_Delay
                0x08001f50       0x2c build/stm32f1xx_hal_rcc.o
 .text.HAL_RCC_OscConfig
                0x08001f7c      0x410 build/stm32f1xx_hal_rcc.o
                0x08001f7c                HAL_RCC_OscConfig
 .text.HAL_RCC_GetSysClockFreq
                0x0800238c       0x54 build/stm32f1xx_hal_rcc.o
                0x0800238c                HAL_RCC_GetSysClockFreq
 .text.HAL_RCC_ClockConfig
                0x080023e0      0x16c build/stm32f1xx_hal_rcc.o
                0x080023e0                HAL_RCC_ClockConfig
 .text.HAL_RCC_GetHCLKFreq
                0x0800254c        0xc build/stm32f1xx_hal_rcc.o
                0x0800254c                HAL_RCC_GetHCLKFreq
 .text.HAL_RCC_GetPCLK1Freq
                0x08002558       0x20 build/stm32f1xx_hal_rcc.o
                0x08002558                HAL_RCC_GetPCLK1Freq
 .text.HAL_RCC_GetPCLK2Freq
                0x08002578       0x20 build/stm32f1xx_hal_rcc.o
                0x08002578                HAL_RCC_GetPCLK2Freq
 .text.HAL_RCCEx_PeriphCLKConfig
                0x08002598      0x118 build/stm32f1xx_hal_rcc_ex.o
                0x08002598                HAL_RCCEx_PeriphCLKConfig
 .text.HAL_GPIO_Init
                0x080026b0      0x214 build/stm32f1xx_hal_gpio.o
                0x080026b0                HAL_GPIO_Init
 .text.HAL_GPIO_ReadPin
                0x080028c4        0xe build/stm32f1xx_hal_gpio.o
                0x080028c4                HAL_GPIO_ReadPin
 .text.HAL_GPIO_WritePin
                0x080028d2        0xc build/stm32f1xx_hal_gpio.o
                0x080028d2                HAL_GPIO_WritePin
 .text.HAL_GPIO_TogglePin
                0x080028de       0x12 build/stm32f1xx_hal_gpio.o
                0x080028de                HAL_GPIO_TogglePin
 .text.__NVIC_SetPriority
                0x080028f0       0x28 build/stm32f1xx_hal_cortex.o
 .text.NVIC_EncodePriority
                0x08002918       0x3e build/stm32f1xx_hal_cortex.o
 *fill*         0x08002956        0x2 
 .text.HAL_NVIC_SetPriorityGrouping
                0x08002958       0x24 build/stm32f1xx_hal_cortex.o
                0x08002958                HAL_NVIC_SetPriorityGrouping
 .text.HAL_NVIC_SetPriority
                0x0800297c       0x20 build/stm32f1xx_hal_cortex.o
                0x0800297c                HAL_NVIC_SetPriority
 .text.HAL_NVIC_EnableIRQ
                0x0800299c       0x1c build/stm32f1xx_hal_cortex.o
                0x0800299c                HAL_NVIC_EnableIRQ
 .text.HAL_SYSTICK_Config
                0x080029b8       0x28 build/stm32f1xx_hal_cortex.o
                0x080029b8                HAL_SYSTICK_Config
 .text.UART_EndRxTransfer
                0x080029e0       0x5c build/stm32f1xx_hal_uart.o
 .text.UART_SetConfig
                0x08002a3c       0x94 build/stm32f1xx_hal_uart.o
 .text.UART_WaitOnFlagUntilTimeout
                0x08002ad0       0x86 build/stm32f1xx_hal_uart.o
 .text.HAL_UART_Init
                0x08002b56       0x60 build/stm32f1xx_hal_uart.o
                0x08002b56                HAL_UART_Init
 .text.HAL_UART_Transmit
                0x08002bb6       0xcc build/stm32f1xx_hal_uart.o
                0x08002bb6                HAL_UART_Transmit
 .text.SystemInit
                0x08002c82        0x2 build/system_stm32f1xx.o
                0x08002c82                SystemInit
 .text._sbrk    0x08002c84       0x48 build/sysmem.o
                0x08002c84                _sbrk
 .text.hx711_set_gain
                0x08002ccc        0xc build/hx711.o
                0x08002ccc                hx711_set_gain
 .text.hx711_get_data_raw
                0x08002cd8       0x74 build/hx711.o
                0x08002cd8                hx711_get_data_raw
 .text.hx711_tare
                0x08002d4c       0x2c build/hx711.o
                0x08002d4c                hx711_tare
 .text.hx711_init
                0x08002d78       0x54 build/hx711.o
                0x08002d78                hx711_init
 .text.hx711_get_weight
                0x08002dcc       0x28 build/hx711.o
                0x08002dcc                hx711_get_weight
 .text.hx711_enter_power_down
                0x08002df4        0xc build/hx711.o
                0x08002df4                hx711_enter_power_down
 .text.hx711_set_hw_ops
                0x08002e00       0x10 build/hx711_hw.o
                0x08002e00                hx711_set_hw_ops
 .text.hx711_write_clk
                0x08002e10       0x18 build/hx711_hw.o
                0x08002e10                hx711_write_clk
 .text.hx711_read_dat
                0x08002e28       0x18 build/hx711_hw.o
                0x08002e28                hx711_read_dat
 .text.hx711_us_delay
                0x08002e40       0x18 build/hx711_hw.o
                0x08002e40                hx711_us_delay
 .text.Reset_Handler
                0x08002e58       0x48 build/startup_stm32f103x6.o
                0x08002e58                Reset_Handler
 .text.Default_Handler
                0x08002ea0        0x2 build/startup_stm32f103x6.o
                0x08002ea0                RTC_Alarm_IRQHandler
                0x08002ea0                EXTI2_IRQHandler
                0x08002ea0                TIM1_CC_IRQHandler
                0x08002ea0                PVD_IRQHandler
                0x08002ea0                EXTI3_IRQHandler
                0x08002ea0                EXTI0_IRQHandler
                0x08002ea0                ADC1_2_IRQHandler
                0x08002ea0                SPI1_IRQHandler
                0x08002ea0                TAMPER_IRQHandler
                0x08002ea0                DMA1_Channel4_IRQHandler
                0x08002ea0                RTC_IRQHandler
                0x08002ea0                DMA1_Channel7_IRQHandler
                0x08002ea0                CAN1_RX1_IRQHandler
                0x08002ea0                I2C1_EV_IRQHandler
                0x08002ea0                DMA1_Channel6_IRQHandler
                0x08002ea0                TIM3_IRQHandler
                0x08002ea0                RCC_IRQHandler
                0x08002ea0                TIM1_TRG_COM_IRQHandler
                0x08002ea0                DMA1_Channel1_IRQHandler
                0x08002ea0                Default_Handler
                0x08002ea0                EXTI15_10_IRQHandler
                0x08002ea0                EXTI9_5_IRQHandler
                0x08002ea0                DMA1_Channel5_IRQHandler
                0x08002ea0                EXTI4_IRQHandler
                0x08002ea0                USB_LP_CAN1_RX0_IRQHandler
                0x08002ea0                USB_HP_CAN1_TX_IRQHandler
                0x08002ea0                DMA1_Channel3_IRQHandler
                0x08002ea0                TIM1_UP_IRQHandler
                0x08002ea0                WWDG_IRQHandler
                0x08002ea0                TIM2_IRQHandler
                0x08002ea0                TIM1_BRK_IRQHandler
                0x08002ea0                EXTI1_IRQHandler
                0x08002ea0                USART2_IRQHandler
                0x08002ea0                DMA1_Channel2_IRQHandler
                0x08002ea0                CAN1_SCE_IRQHandler
                0x08002ea0                FLASH_IRQHandler
                0x08002ea0                USART1_IRQHandler
                0x08002ea0                I2C1_ER_IRQHandler
                0x08002ea0                USBWakeUp_IRQHandler
 *(.glue_7)
 .glue_7        0x08002ea2        0x0 linker stubs
 *(.glue_7t)
 .glue_7t       0x08002ea2        0x0 linker stubs
 *(.eh_frame)
 *fill*         0x08002ea2        0x2 
 .eh_frame      0x08002ea4        0x0 C:/msys64/mingw64/bin/../lib/gcc/arm-none-eabi/13.3.0/thumb/v7-m/nofp/crtbegin.o
 *(.init)
 .init          0x08002ea4        0x4 C:/msys64/mingw64/bin/../lib/gcc/arm-none-eabi/13.3.0/thumb/v7-m/nofp/crti.o
                0x08002ea4                _init
 .init          0x08002ea8        0x8 C:/msys64/mingw64/bin/../lib/gcc/arm-none-eabi/13.3.0/thumb/v7-m/nofp/crtn.o
 *(.fini)
 .fini          0x08002eb0        0x4 C:/msys64/mingw64/bin/../lib/gcc/arm-none-eabi/13.3.0/thumb/v7-m/nofp/crti.o
                0x08002eb0                _fini
 .fini          0x08002eb4        0x8 C:/msys64/mingw64/bin/../lib/gcc/arm-none-eabi/13.3.0/thumb/v7-m/nofp/crtn.o
                0x08002ebc                        . = ALIGN (0x4)
                0x08002ebc                        _etext = .

.vfp11_veneer   0x08002ebc        0x0
 .vfp11_veneer  0x08002ebc        0x0 linker stubs

.v4_bx          0x08002ebc        0x0
 .v4_bx         0x08002ebc        0x0 linker stubs

.iplt           0x08002ebc        0x0
 .iplt          0x08002ebc        0x0 C:/msys64/mingw64/bin/../lib/gcc/arm-none-eabi/13.3.0/thumb/v7-m/nofp/crtbegin.o

.rodata         0x08002ebc       0x84
                0x08002ebc                        . = ALIGN (0x4)
 *(.rodata)
 .rodata        0x08002ebc        0xc build/main.o
 *(.rodata*)
 .rodata.main.str1.4
                0x08002ec8       0x49 build/main.o
                                  0xf (size before relaxing)
 *fill*         0x08002f11        0x3 
 .rodata.aPredivFactorTable.0
                0x08002f14        0x2 build/stm32f1xx_hal_rcc.o
 *fill*         0x08002f16        0x2 
 .rodata.aPLLMULFactorTable.1
                0x08002f18       0x10 build/stm32f1xx_hal_rcc.o
 .rodata.APBPrescTable
                0x08002f28        0x8 build/system_stm32f1xx.o
                0x08002f28                APBPrescTable
 .rodata.AHBPrescTable
                0x08002f30       0x10 build/system_stm32f1xx.o
                0x08002f30                AHBPrescTable
 .rodata.str1.4
                0x08002f40       0x13 C:/msys64/mingw64/bin/../lib/gcc/arm-none-eabi/13.3.0/../../../../arm-none-eabi/lib/thumb/v7-m/nofp\libc_nano.a(libc_a-nano-svfprintf.o)
 .rodata.str1.4
                0x08002f40       0x25 C:/msys64/mingw64/bin/../lib/gcc/arm-none-eabi/13.3.0/../../../../arm-none-eabi/lib/thumb/v7-m/nofp\libc_nano.a(libc_a-nano-vfprintf_i.o)
                0x08002f68                        . = ALIGN (0x4)

.ARM.extab
 *(.ARM.extab* .gnu.linkonce.armextab.*)

.ARM            0x08002f40        0x8
                0x08002f40                        __exidx_start = .
 *(.ARM.exidx*)
 .ARM.exidx     0x08002f40        0x8 C:/msys64/mingw64/bin/../lib/gcc/arm-none-eabi/13.3.0/../../../../arm-none-eabi/lib/thumb/v7-m/nofp\libc_nano.a(libc_a-memcpy.o)
                0x08002f48                        __exidx_end = .

.rel.dyn        0x08002f48        0x0
 .rel.iplt      0x08002f48        0x0 C:/msys64/mingw64/bin/../lib/gcc/arm-none-eabi/13.3.0/thumb/v7-m/nofp/crtbegin.o

.preinit_array  0x08002f48        0x0
                0x08002f48                        PROVIDE (__preinit_array_start = .)
 *(.preinit_array*)
                0x08002f48                        PROVIDE (__preinit_array_end = .)

.init_array     0x08002f48        0x4
                0x08002f48                        PROVIDE (__init_array_start = .)
 *(SORT_BY_NAME(.init_array.*))
 *(.init_array*)
 .init_array    0x08002f48        0x4 C:/msys64/mingw64/bin/../lib/gcc/arm-none-eabi/13.3.0/thumb/v7-m/nofp/crtbegin.o
                0x08002f4c                        PROVIDE (__init_array_end = .)

.fini_array     0x08002f4c        0x4
                0x08002f4c                        PROVIDE (__fini_array_start = .)
 *(SORT_BY_NAME(.fini_array.*))
 *(.fini_array*)
 .fini_array    0x08002f4c        0x4 C:/msys64/mingw64/bin/../lib/gcc/arm-none-eabi/13.3.0/thumb/v7-m/nofp/crtbegin.o
                0x08002f50                        PROVIDE (__fini_array_end = .)
                0x08002f50                        _sidata = LOADADDR (.data)

.data           0x20000000       0x78 load address 0x08002f50
                0x20000000                        . = ALIGN (0x4)
                0x20000000                        _sdata = .
 *(.data)
 .data          0x20000000       0x50 C:/msys64/mingw64/bin/../lib/gcc/arm-none-eabi/13.3.0/../../../../arm-none-eabi/lib/thumb/v7-m/nofp\libc_nano.a(libc_a-impure.o)
                0x20000000                _impure_ptr
                0x20000004                _impure_data
 *(.data*)
 .data.uwTickFreq
                0x20000050        0x1 build/stm32f1xx_hal.o
                0x20000050                uwTickFreq
 *fill*         0x20000051        0x3 
 .data.uwTickPrio
                0x20000054        0x4 build/stm32f1xx_hal.o
                0x20000054                uwTickPrio
 .data.SystemCoreClock
                0x20000058        0x4 build/system_stm32f1xx.o
                0x20000058                SystemCoreClock
 .data._calib_val
                0x2000005c       0x1c build/hx711.o
                0x20000078                        . = ALIGN (0x4)
                0x20000078                        _edata = .

.igot.plt       0x20000078        0x0 load address 0x08002fc8
 .igot.plt      0x20000078        0x0 C:/msys64/mingw64/bin/../lib/gcc/arm-none-eabi/13.3.0/thumb/v7-m/nofp/crtbegin.o
                0x20000078                        . = ALIGN (0x4)

.bss            0x20000078      0x228 load address 0x08002fc8
                0x20000078                        _sbss = .
                0x20000078                        __bss_start__ = _sbss
 *(.bss)
 .bss           0x20000078      0x13c C:/msys64/mingw64/bin/../lib/gcc/arm-none-eabi/13.3.0/../../../../arm-none-eabi/lib/thumb/v7-m/nofp\libc_nano.a(libc_a-findfp.o)
                0x20000078                __sf
                0x200001b0                __stdio_exit_handler
 .bss           0x200001b4        0x4 C:/msys64/mingw64/bin/../lib/gcc/arm-none-eabi/13.3.0/../../../../arm-none-eabi/lib/thumb/v7-m/nofp\libc_nano.a(libc_a-reent.o)
                0x200001b4                errno
 .bss           0x200001b8       0x1d C:/msys64/mingw64/bin/../lib/gcc/arm-none-eabi/13.3.0/../../../../arm-none-eabi/lib/thumb/v7-m/nofp\libc_nano.a(libc_a-lock.o)
                0x200001b8                __lock___arc4random_mutex
                0x200001bc                __lock___dd_hash_mutex
                0x200001c0                __lock___tz_mutex
                0x200001c4                __lock___env_recursive_mutex
                0x200001c8                __lock___malloc_recursive_mutex
                0x200001cc                __lock___at_quick_exit_mutex
                0x200001d0                __lock___atexit_recursive_mutex
                0x200001d4                __lock___sfp_recursive_mutex
 *fill*         0x200001d5        0x3 
 .bss           0x200001d8        0x8 C:/msys64/mingw64/bin/../lib/gcc/arm-none-eabi/13.3.0/../../../../arm-none-eabi/lib/thumb/v7-m/nofp\libc_nano.a(libc_a-mallocr.o)
                0x200001d8                __malloc_sbrk_start
                0x200001dc                __malloc_free_list
 *(.bss*)
 .bss.completed.1
                0x200001e0        0x1 C:/msys64/mingw64/bin/../lib/gcc/arm-none-eabi/13.3.0/thumb/v7-m/nofp/crtbegin.o
 *fill*         0x200001e1        0x3 
 .bss.object.0  0x200001e4       0x18 C:/msys64/mingw64/bin/../lib/gcc/arm-none-eabi/13.3.0/thumb/v7-m/nofp/crtbegin.o
 .bss.htim2     0x200001fc       0x48 build/hal_tim.o
                0x200001fc                htim2
 .bss.huart1    0x20000244       0x48 build/hal_usart.o
                0x20000244                huart1
 .bss.uwTick    0x2000028c        0x4 build/stm32f1xx_hal.o
                0x2000028c                uwTick
 .bss.__sbrk_heap_end
                0x20000290        0x4 build/sysmem.o
 .bss.hx711_hw_ops
                0x20000294        0xc build/hx711_hw.o
 *(COMMON)
                0x200002a0                        . = ALIGN (0x4)
                0x200002a0                        _ebss = .
                0x200002a0                        __bss_end__ = _ebss

._user_heap_stack
                0x200002a0      0x600 load address 0x08002fc8
                0x200002a0                        . = ALIGN (0x8)
                [!provide]                        PROVIDE (end = .)
                0x200002a0                        PROVIDE (_end = .)
                0x200004a0                        . = (. + _Min_Heap_Size)
 *fill*         0x200002a0      0x200 
                0x200008a0                        . = (. + _Min_Stack_Size)
 *fill*         0x200004a0      0x400 
                0x200008a0                        . = ALIGN (0x8)

/DISCARD/
 libc.a(*)
 libm.a(*)
 libgcc.a(*)
OUTPUT(build/hx711_loadcell.elf elf32-littlearm)
LOAD linker stubs
LOAD C:/msys64/mingw64/bin/../lib/gcc/arm-none-eabi/13.3.0/../../../../arm-none-eabi/lib/thumb/v7-m/nofp\libc.a
LOAD C:/msys64/mingw64/bin/../lib/gcc/arm-none-eabi/13.3.0/../../../../arm-none-eabi/lib/thumb/v7-m/nofp\libm.a
LOAD C:/msys64/mingw64/bin/../lib/gcc/arm-none-eabi/13.3.0/thumb/v7-m/nofp\libgcc.a

.ARM.attributes
                0x00000000       0x29
 .ARM.attributes
                0x00000000       0x1d C:/msys64/mingw64/bin/../lib/gcc/arm-none-eabi/13.3.0/thumb/v7-m/nofp/crti.o
 .ARM.attributes
                0x0000001d       0x2d C:/msys64/mingw64/bin/../lib/gcc/arm-none-eabi/13.3.0/thumb/v7-m/nofp/crtbegin.o
 .ARM.attributes
                0x0000004a       0x2d build/main.o
 .ARM.attributes
                0x00000077       0x2d build/hal_gpio.o
 .ARM.attributes
                0x000000a4       0x2d build/hal_tim.o
 .ARM.attributes
                0x000000d1       0x2d build/hal_usart.o
 .ARM.attributes
                0x000000fe       0x2d build/hal_utils.o
 .ARM.attributes
                0x0000012b       0x2d build/syscfg.o
 .ARM.attributes
                0x00000158       0x2d build/stm32f1xx_it.o
 .ARM.attributes
                0x00000185       0x2d build/stm32f1xx_hal_msp.o
 .ARM.attributes
                0x000001b2       0x2d build/stm32f1xx_hal_tim.o
 .ARM.attributes
                0x000001df       0x2d build/stm32f1xx_hal_tim_ex.o
 .ARM.attributes
                0x0000020c       0x2d build/stm32f1xx_hal.o
 .ARM.attributes
                0x00000239       0x2d build/stm32f1xx_hal_rcc.o
 .ARM.attributes
                0x00000266       0x2d build/stm32f1xx_hal_rcc_ex.o
 .ARM.attributes
                0x00000293       0x2d build/stm32f1xx_hal_gpio.o
 .ARM.attributes
                0x000002c0       0x2d build/stm32f1xx_hal_cortex.o
 .ARM.attributes
                0x000002ed       0x2d build/stm32f1xx_hal_uart.o
 .ARM.attributes
                0x0000031a       0x2d build/system_stm32f1xx.o
 .ARM.attributes
                0x00000347       0x2d build/sysmem.o
 .ARM.attributes
                0x00000374       0x2d build/hx711.o
 .ARM.attributes
                0x000003a1       0x2d build/hx711_hw.o
 .ARM.attributes
                0x000003ce       0x21 build/startup_stm32f103x6.o
 .ARM.attributes
                0x000003ef       0x2d C:/msys64/mingw64/bin/../lib/gcc/arm-none-eabi/13.3.0/../../../../arm-none-eabi/lib/thumb/v7-m/nofp\libc_nano.a(libc_a-findfp.o)
 .ARM.attributes
                0x0000041c       0x2d C:/msys64/mingw64/bin/../lib/gcc/arm-none-eabi/13.3.0/../../../../arm-none-eabi/lib/thumb/v7-m/nofp\libc_nano.a(libc_a-vsnprintf.o)
 .ARM.attributes
                0x00000449       0x2d C:/msys64/mingw64/bin/../lib/gcc/arm-none-eabi/13.3.0/../../../../arm-none-eabi/lib/thumb/v7-m/nofp\libc_nano.a(libc_a-memset.o)
 .ARM.attributes
                0x00000476       0x2d C:/msys64/mingw64/bin/../lib/gcc/arm-none-eabi/13.3.0/../../../../arm-none-eabi/lib/thumb/v7-m/nofp\libc_nano.a(libc_a-reent.o)
 .ARM.attributes
                0x000004a3       0x2d C:/msys64/mingw64/bin/../lib/gcc/arm-none-eabi/13.3.0/../../../../arm-none-eabi/lib/thumb/v7-m/nofp\libc_nano.a(libc_a-impure.o)
 .ARM.attributes
                0x000004d0       0x2d C:/msys64/mingw64/bin/../lib/gcc/arm-none-eabi/13.3.0/../../../../arm-none-eabi/lib/thumb/v7-m/nofp\libc_nano.a(libc_a-errno.o)
 .ARM.attributes
                0x000004fd       0x2d C:/msys64/mingw64/bin/../lib/gcc/arm-none-eabi/13.3.0/../../../../arm-none-eabi/lib/thumb/v7-m/nofp\libc_nano.a(libc_a-init.o)
 .ARM.attributes
                0x0000052a       0x2d C:/msys64/mingw64/bin/../lib/gcc/arm-none-eabi/13.3.0/../../../../arm-none-eabi/lib/thumb/v7-m/nofp\libc_nano.a(libc_a-lock.o)
 .ARM.attributes
                0x00000557       0x2d C:/msys64/mingw64/bin/../lib/gcc/arm-none-eabi/13.3.0/../../../../arm-none-eabi/lib/thumb/v7-m/nofp\libc_nano.a(libc_a-strlen-stub.o)
 .ARM.attributes
                0x00000584       0x2d C:/msys64/mingw64/bin/../lib/gcc/arm-none-eabi/13.3.0/../../../../arm-none-eabi/lib/thumb/v7-m/nofp\libc_nano.a(libc_a-freer.o)
 .ARM.attributes
                0x000005b1       0x2d C:/msys64/mingw64/bin/../lib/gcc/arm-none-eabi/13.3.0/../../../../arm-none-eabi/lib/thumb/v7-m/nofp\libc_nano.a(libc_a-mallocr.o)
 .ARM.attributes
                0x000005de       0x2d C:/msys64/mingw64/bin/../lib/gcc/arm-none-eabi/13.3.0/../../../../arm-none-eabi/lib/thumb/v7-m/nofp\libc_nano.a(libc_a-mlock.o)
 .ARM.attributes
                0x0000060b       0x2d C:/msys64/mingw64/bin/../lib/gcc/arm-none-eabi/13.3.0/../../../../arm-none-eabi/lib/thumb/v7-m/nofp\libc_nano.a(libc_a-nano-svfprintf.o)
 .ARM.attributes
                0x00000638       0x2d C:/msys64/mingw64/bin/../lib/gcc/arm-none-eabi/13.3.0/../../../../arm-none-eabi/lib/thumb/v7-m/nofp\libc_nano.a(libc_a-nano-vfprintf_i.o)
 .ARM.attributes
                0x00000665       0x2d C:/msys64/mingw64/bin/../lib/gcc/arm-none-eabi/13.3.0/../../../../arm-none-eabi/lib/thumb/v7-m/nofp\libc_nano.a(libc_a-memmove.o)
 .ARM.attributes
                0x00000692       0x2d C:/msys64/mingw64/bin/../lib/gcc/arm-none-eabi/13.3.0/../../../../arm-none-eabi/lib/thumb/v7-m/nofp\libc_nano.a(libc_a-sbrkr.o)
 .ARM.attributes
                0x000006bf       0x2d C:/msys64/mingw64/bin/../lib/gcc/arm-none-eabi/13.3.0/../../../../arm-none-eabi/lib/thumb/v7-m/nofp\libc_nano.a(libc_a-memchr-stub.o)
 .ARM.attributes
                0x000006ec       0x1b C:/msys64/mingw64/bin/../lib/gcc/arm-none-eabi/13.3.0/../../../../arm-none-eabi/lib/thumb/v7-m/nofp\libc_nano.a(libc_a-memcpy.o)
 .ARM.attributes
                0x00000707       0x2d C:/msys64/mingw64/bin/../lib/gcc/arm-none-eabi/13.3.0/../../../../arm-none-eabi/lib/thumb/v7-m/nofp\libc_nano.a(libc_a-reallocr.o)
 .ARM.attributes
                0x00000734       0x2d C:/msys64/mingw64/bin/../lib/gcc/arm-none-eabi/13.3.0/../../../../arm-none-eabi/lib/thumb/v7-m/nofp\libc_nano.a(libc_a-msizer.o)
 .ARM.attributes
                0x00000761       0x1d C:/msys64/mingw64/bin/../lib/gcc/arm-none-eabi/13.3.0/thumb/v7-m/nofp\libgcc.a(_arm_addsubsf3.o)
 .ARM.attributes
                0x0000077e       0x1d C:/msys64/mingw64/bin/../lib/gcc/arm-none-eabi/13.3.0/thumb/v7-m/nofp\libgcc.a(_arm_muldivsf3.o)
 .ARM.attributes
                0x0000079b       0x1d C:/msys64/mingw64/bin/../lib/gcc/arm-none-eabi/13.3.0/thumb/v7-m/nofp\libgcc.a(_arm_cmpsf2.o)
 .ARM.attributes
                0x000007b8       0x1d C:/msys64/mingw64/bin/../lib/gcc/arm-none-eabi/13.3.0/thumb/v7-m/nofp\libgcc.a(_arm_fixsfsi.o)
 .ARM.attributes
                0x000007d5       0x1d C:/msys64/mingw64/bin/../lib/gcc/arm-none-eabi/13.3.0/thumb/v7-m/nofp/crtn.o

.comment        0x00000000       0x24
 .comment       0x00000000       0x24 build/main.o
                                 0x13 (size before relaxing)
 .comment       0x00000024       0x13 build/hal_gpio.o
 .comment       0x00000024       0x13 build/hal_tim.o
 .comment       0x00000024       0x13 build/hal_usart.o
 .comment       0x00000024       0x13 build/hal_utils.o
 .comment       0x00000024       0x13 build/syscfg.o
 .comment       0x00000024       0x13 build/stm32f1xx_it.o
 .comment       0x00000024       0x13 build/stm32f1xx_hal_msp.o
 .comment       0x00000024       0x13 build/stm32f1xx_hal_tim.o
 .comment       0x00000024       0x13 build/stm32f1xx_hal_tim_ex.o
 .comment       0x00000024       0x13 build/stm32f1xx_hal.o
 .comment       0x00000024       0x13 build/stm32f1xx_hal_rcc.o
 .comment       0x00000024       0x13 build/stm32f1xx_hal_rcc_ex.o
 .comment       0x00000024       0x13 build/stm32f1xx_hal_gpio.o
 .comment       0x00000024       0x13 build/stm32f1xx_hal_cortex.o
 .comment       0x00000024       0x13 build/stm32f1xx_hal_uart.o
 .comment       0x00000024       0x13 build/system_stm32f1xx.o
 .comment       0x00000024       0x13 build/sysmem.o
 .comment       0x00000024       0x13 build/hx711.o
 .comment       0x00000024       0x13 build/hx711_hw.o
 .comment       0x00000024       0x13 C:/msys64/mingw64/bin/../lib/gcc/arm-none-eabi/13.3.0/../../../../arm-none-eabi/lib/thumb/v7-m/nofp\libc_nano.a(libc_a-findfp.o)
 .comment       0x00000024       0x13 C:/msys64/mingw64/bin/../lib/gcc/arm-none-eabi/13.3.0/../../../../arm-none-eabi/lib/thumb/v7-m/nofp\libc_nano.a(libc_a-vsnprintf.o)
 .comment       0x00000024       0x13 C:/msys64/mingw64/bin/../lib/gcc/arm-none-eabi/13.3.0/../../../../arm-none-eabi/lib/thumb/v7-m/nofp\libc_nano.a(libc_a-memset.o)
 .comment       0x00000024       0x13 C:/msys64/mingw64/bin/../lib/gcc/arm-none-eabi/13.3.0/../../../../arm-none-eabi/lib/thumb/v7-m/nofp\libc_nano.a(libc_a-reent.o)
 .comment       0x00000024       0x13 C:/msys64/mingw64/bin/../lib/gcc/arm-none-eabi/13.3.0/../../../../arm-none-eabi/lib/thumb/v7-m/nofp\libc_nano.a(libc_a-impure.o)
 .comment       0x00000024       0x13 C:/msys64/mingw64/bin/../lib/gcc/arm-none-eabi/13.3.0/../../../../arm-none-eabi/lib/thumb/v7-m/nofp\libc_nano.a(libc_a-errno.o)
 .comment       0x00000024       0x13 C:/msys64/mingw64/bin/../lib/gcc/arm-none-eabi/13.3.0/../../../../arm-none-eabi/lib/thumb/v7-m/nofp\libc_nano.a(libc_a-init.o)
 .comment       0x00000024       0x13 C:/msys64/mingw64/bin/../lib/gcc/arm-none-eabi/13.3.0/../../../../arm-none-eabi/lib/thumb/v7-m/nofp\libc_nano.a(libc_a-lock.o)
 .comment       0x00000024       0x13 C:/msys64/mingw64/bin/../lib/gcc/arm-none-eabi/13.3.0/../../../../arm-none-eabi/lib/thumb/v7-m/nofp\libc_nano.a(libc_a-strlen-stub.o)
 .comment       0x00000024       0x13 C:/msys64/mingw64/bin/../lib/gcc/arm-none-eabi/13.3.0/../../../../arm-none-eabi/lib/thumb/v7-m/nofp\libc_nano.a(libc_a-freer.o)
 .comment       0x00000024       0x13 C:/msys64/mingw64/bin/../lib/gcc/arm-none-eabi/13.3.0/../../../../arm-none-eabi/lib/thumb/v7-m/nofp\libc_nano.a(libc_a-mallocr.o)
 .comment       0x00000024       0x13 C:/msys64/mingw64/bin/../lib/gcc/arm-none-eabi/13.3.0/../../../../arm-none-eabi/lib/thumb/v7-m/nofp\libc_nano.a(libc_a-mlock.o)
 .comment       0x00000024       0x13 C:/msys64/mingw64/bin/../lib/gcc/arm-none-eabi/13.3.0/../../../../arm-none-eabi/lib/thumb/v7-m/nofp\libc_nano.a(libc_a-nano-svfprintf.o)
 .comment       0x00000024       0x13 C:/msys64/mingw64/bin/../lib/gcc/arm-none-eabi/13.3.0/../../../../arm-none-eabi/lib/thumb/v7-m/nofp\libc_nano.a(libc_a-nano-vfprintf_i.o)
 .comment       0x00000024       0x13 C:/msys64/mingw64/bin/../lib/gcc/arm-none-eabi/13.3.0/../../../../arm-none-eabi/lib/thumb/v7-m/nofp\libc_nano.a(libc_a-memmove.o)
 .comment       0x00000024       0x13 C:/msys64/mingw64/bin/../lib/gcc/arm-none-eabi/13.3.0/../../../../arm-none-eabi/lib/thumb/v7-m/nofp\libc_nano.a(libc_a-sbrkr.o)
 .comment       0x00000024       0x13 C:/msys64/mingw64/bin/../lib/gcc/arm-none-eabi/13.3.0/../../../../arm-none-eabi/lib/thumb/v7-m/nofp\libc_nano.a(libc_a-memchr-stub.o)
 .comment       0x00000024       0x13 C:/msys64/mingw64/bin/../lib/gcc/arm-none-eabi/13.3.0/../../../../arm-none-eabi/lib/thumb/v7-m/nofp\libc_nano.a(libc_a-reallocr.o)
 .comment       0x00000024       0x13 C:/msys64/mingw64/bin/../lib/gcc/arm-none-eabi/13.3.0/../../../../arm-none-eabi/lib/thumb/v7-m/nofp\libc_nano.a(libc_a-msizer.o)

.debug_info     0x00000000    0x195fd
 .debug_info    0x00000000      0xb6c build/main.o
 .debug_info    0x00000b6c      0x5a8 build/hal_gpio.o
 .debug_info    0x00001114      0x9e0 build/hal_tim.o
 .debug_info    0x00001af4      0xc83 build/hal_usart.o
 .debug_info    0x00002777      0x24e build/hal_utils.o
 .debug_info    0x000029c5      0x392 build/syscfg.o
 .debug_info    0x00002d57      0x158 build/stm32f1xx_it.o
 .debug_info    0x00002eaf      0x238 build/stm32f1xx_hal_msp.o
 .debug_info    0x000030e7     0x4146 build/stm32f1xx_hal_tim.o
 .debug_info    0x0000722d     0x1d4f build/stm32f1xx_hal_tim_ex.o
 .debug_info    0x00008f7c      0x862 build/stm32f1xx_hal.o
 .debug_info    0x000097de      0xb10 build/stm32f1xx_hal_rcc.o
 .debug_info    0x0000a2ee      0x47d build/stm32f1xx_hal_rcc_ex.o
 .debug_info    0x0000a76b      0x6d7 build/stm32f1xx_hal_gpio.o
 .debug_info    0x0000ae42      0xe21 build/stm32f1xx_hal_cortex.o
 .debug_info    0x0000bc63     0x430f build/stm32f1xx_hal_uart.o
 .debug_info    0x0000ff72      0x26e build/system_stm32f1xx.o
 .debug_info    0x000101e0      0x18c build/sysmem.o
 .debug_info    0x0001036c      0x5fe build/hx711.o
 .debug_info    0x0001096a      0x193 build/hx711_hw.o
 .debug_info    0x00010afd       0x30 build/startup_stm32f103x6.o
 .debug_info    0x00010b2d     0x10be C:/msys64/mingw64/bin/../lib/gcc/arm-none-eabi/13.3.0/../../../../arm-none-eabi/lib/thumb/v7-m/nofp\libc_nano.a(libc_a-findfp.o)
 .debug_info    0x00011beb      0x958 C:/msys64/mingw64/bin/../lib/gcc/arm-none-eabi/13.3.0/../../../../arm-none-eabi/lib/thumb/v7-m/nofp\libc_nano.a(libc_a-vsnprintf.o)
 .debug_info    0x00012543      0x135 C:/msys64/mingw64/bin/../lib/gcc/arm-none-eabi/13.3.0/../../../../arm-none-eabi/lib/thumb/v7-m/nofp\libc_nano.a(libc_a-memset.o)
 .debug_info    0x00012678      0x8a3 C:/msys64/mingw64/bin/../lib/gcc/arm-none-eabi/13.3.0/../../../../arm-none-eabi/lib/thumb/v7-m/nofp\libc_nano.a(libc_a-reent.o)
 .debug_info    0x00012f1b      0x715 C:/msys64/mingw64/bin/../lib/gcc/arm-none-eabi/13.3.0/../../../../arm-none-eabi/lib/thumb/v7-m/nofp\libc_nano.a(libc_a-impure.o)
 .debug_info    0x00013630      0x6fb C:/msys64/mingw64/bin/../lib/gcc/arm-none-eabi/13.3.0/../../../../arm-none-eabi/lib/thumb/v7-m/nofp\libc_nano.a(libc_a-errno.o)
 .debug_info    0x00013d2b      0x10b C:/msys64/mingw64/bin/../lib/gcc/arm-none-eabi/13.3.0/../../../../arm-none-eabi/lib/thumb/v7-m/nofp\libc_nano.a(libc_a-init.o)
 .debug_info    0x00013e36      0x20a C:/msys64/mingw64/bin/../lib/gcc/arm-none-eabi/13.3.0/../../../../arm-none-eabi/lib/thumb/v7-m/nofp\libc_nano.a(libc_a-lock.o)
 .debug_info    0x00014040       0xbd C:/msys64/mingw64/bin/../lib/gcc/arm-none-eabi/13.3.0/../../../../arm-none-eabi/lib/thumb/v7-m/nofp\libc_nano.a(libc_a-strlen-stub.o)
 .debug_info    0x000140fd      0x877 C:/msys64/mingw64/bin/../lib/gcc/arm-none-eabi/13.3.0/../../../../arm-none-eabi/lib/thumb/v7-m/nofp\libc_nano.a(libc_a-freer.o)
 .debug_info    0x00014974      0x9c1 C:/msys64/mingw64/bin/../lib/gcc/arm-none-eabi/13.3.0/../../../../arm-none-eabi/lib/thumb/v7-m/nofp\libc_nano.a(libc_a-mallocr.o)
 .debug_info    0x00015335      0x76b C:/msys64/mingw64/bin/../lib/gcc/arm-none-eabi/13.3.0/../../../../arm-none-eabi/lib/thumb/v7-m/nofp\libc_nano.a(libc_a-mlock.o)
 .debug_info    0x00015aa0     0x109e C:/msys64/mingw64/bin/../lib/gcc/arm-none-eabi/13.3.0/../../../../arm-none-eabi/lib/thumb/v7-m/nofp\libc_nano.a(libc_a-nano-svfprintf.o)
 .debug_info    0x00016b3e      0xde1 C:/msys64/mingw64/bin/../lib/gcc/arm-none-eabi/13.3.0/../../../../arm-none-eabi/lib/thumb/v7-m/nofp\libc_nano.a(libc_a-nano-vfprintf_i.o)
 .debug_info    0x0001791f      0x148 C:/msys64/mingw64/bin/../lib/gcc/arm-none-eabi/13.3.0/../../../../arm-none-eabi/lib/thumb/v7-m/nofp\libc_nano.a(libc_a-memmove.o)
 .debug_info    0x00017a67      0x77c C:/msys64/mingw64/bin/../lib/gcc/arm-none-eabi/13.3.0/../../../../arm-none-eabi/lib/thumb/v7-m/nofp\libc_nano.a(libc_a-sbrkr.o)
 .debug_info    0x000181e3      0x14a C:/msys64/mingw64/bin/../lib/gcc/arm-none-eabi/13.3.0/../../../../arm-none-eabi/lib/thumb/v7-m/nofp\libc_nano.a(libc_a-memchr-stub.o)
 .debug_info    0x0001832d       0x33 C:/msys64/mingw64/bin/../lib/gcc/arm-none-eabi/13.3.0/../../../../arm-none-eabi/lib/thumb/v7-m/nofp\libc_nano.a(libc_a-memcpy.o)
 .debug_info    0x00018360      0x8d1 C:/msys64/mingw64/bin/../lib/gcc/arm-none-eabi/13.3.0/../../../../arm-none-eabi/lib/thumb/v7-m/nofp\libc_nano.a(libc_a-reallocr.o)
 .debug_info    0x00018c31      0x794 C:/msys64/mingw64/bin/../lib/gcc/arm-none-eabi/13.3.0/../../../../arm-none-eabi/lib/thumb/v7-m/nofp\libc_nano.a(libc_a-msizer.o)
 .debug_info    0x000193c5       0xca C:/msys64/mingw64/bin/../lib/gcc/arm-none-eabi/13.3.0/thumb/v7-m/nofp\libgcc.a(_arm_addsubsf3.o)
 .debug_info    0x0001948f       0x57 C:/msys64/mingw64/bin/../lib/gcc/arm-none-eabi/13.3.0/thumb/v7-m/nofp\libgcc.a(_arm_muldivsf3.o)
 .debug_info    0x000194e6       0xdb C:/msys64/mingw64/bin/../lib/gcc/arm-none-eabi/13.3.0/thumb/v7-m/nofp\libgcc.a(_arm_cmpsf2.o)
 .debug_info    0x000195c1       0x3c C:/msys64/mingw64/bin/../lib/gcc/arm-none-eabi/13.3.0/thumb/v7-m/nofp\libgcc.a(_arm_fixsfsi.o)

.debug_abbrev   0x00000000     0x494f
 .debug_abbrev  0x00000000      0x2b9 build/main.o
 .debug_abbrev  0x000002b9      0x1be build/hal_gpio.o
 .debug_abbrev  0x00000477      0x230 build/hal_tim.o
 .debug_abbrev  0x000006a7      0x276 build/hal_usart.o
 .debug_abbrev  0x0000091d       0xca build/hal_utils.o
 .debug_abbrev  0x000009e7      0x154 build/syscfg.o
 .debug_abbrev  0x00000b3b       0x80 build/stm32f1xx_it.o
 .debug_abbrev  0x00000bbb       0xe7 build/stm32f1xx_hal_msp.o
 .debug_abbrev  0x00000ca2      0x2bd build/stm32f1xx_hal_tim.o
 .debug_abbrev  0x00000f5f      0x2b7 build/stm32f1xx_hal_tim_ex.o
 .debug_abbrev  0x00001216      0x232 build/stm32f1xx_hal.o
 .debug_abbrev  0x00001448      0x2d6 build/stm32f1xx_hal_rcc.o
 .debug_abbrev  0x0000171e      0x1d4 build/stm32f1xx_hal_rcc_ex.o
 .debug_abbrev  0x000018f2      0x222 build/stm32f1xx_hal_gpio.o
 .debug_abbrev  0x00001b14      0x3aa build/stm32f1xx_hal_cortex.o
 .debug_abbrev  0x00001ebe      0x35f build/stm32f1xx_hal_uart.o
 .debug_abbrev  0x0000221d      0x140 build/system_stm32f1xx.o
 .debug_abbrev  0x0000235d       0xeb build/sysmem.o
 .debug_abbrev  0x00002448      0x18d build/hx711.o
 .debug_abbrev  0x000025d5      0x10f build/hx711_hw.o
 .debug_abbrev  0x000026e4       0x1d build/startup_stm32f103x6.o
 .debug_abbrev  0x00002701      0x446 C:/msys64/mingw64/bin/../lib/gcc/arm-none-eabi/13.3.0/../../../../arm-none-eabi/lib/thumb/v7-m/nofp\libc_nano.a(libc_a-findfp.o)
 .debug_abbrev  0x00002b47      0x281 C:/msys64/mingw64/bin/../lib/gcc/arm-none-eabi/13.3.0/../../../../arm-none-eabi/lib/thumb/v7-m/nofp\libc_nano.a(libc_a-vsnprintf.o)
 .debug_abbrev  0x00002dc8       0xb7 C:/msys64/mingw64/bin/../lib/gcc/arm-none-eabi/13.3.0/../../../../arm-none-eabi/lib/thumb/v7-m/nofp\libc_nano.a(libc_a-memset.o)
 .debug_abbrev  0x00002e7f      0x1ee C:/msys64/mingw64/bin/../lib/gcc/arm-none-eabi/13.3.0/../../../../arm-none-eabi/lib/thumb/v7-m/nofp\libc_nano.a(libc_a-reent.o)
 .debug_abbrev  0x0000306d      0x149 C:/msys64/mingw64/bin/../lib/gcc/arm-none-eabi/13.3.0/../../../../arm-none-eabi/lib/thumb/v7-m/nofp\libc_nano.a(libc_a-impure.o)
 .debug_abbrev  0x000031b6      0x15e C:/msys64/mingw64/bin/../lib/gcc/arm-none-eabi/13.3.0/../../../../arm-none-eabi/lib/thumb/v7-m/nofp\libc_nano.a(libc_a-errno.o)
 .debug_abbrev  0x00003314       0xc9 C:/msys64/mingw64/bin/../lib/gcc/arm-none-eabi/13.3.0/../../../../arm-none-eabi/lib/thumb/v7-m/nofp\libc_nano.a(libc_a-init.o)
 .debug_abbrev  0x000033dd      0x115 C:/msys64/mingw64/bin/../lib/gcc/arm-none-eabi/13.3.0/../../../../arm-none-eabi/lib/thumb/v7-m/nofp\libc_nano.a(libc_a-lock.o)
 .debug_abbrev  0x000034f2       0x78 C:/msys64/mingw64/bin/../lib/gcc/arm-none-eabi/13.3.0/../../../../arm-none-eabi/lib/thumb/v7-m/nofp\libc_nano.a(libc_a-strlen-stub.o)
 .debug_abbrev  0x0000356a      0x249 C:/msys64/mingw64/bin/../lib/gcc/arm-none-eabi/13.3.0/../../../../arm-none-eabi/lib/thumb/v7-m/nofp\libc_nano.a(libc_a-freer.o)
 .debug_abbrev  0x000037b3      0x24a C:/msys64/mingw64/bin/../lib/gcc/arm-none-eabi/13.3.0/../../../../arm-none-eabi/lib/thumb/v7-m/nofp\libc_nano.a(libc_a-mallocr.o)
 .debug_abbrev  0x000039fd      0x1bf C:/msys64/mingw64/bin/../lib/gcc/arm-none-eabi/13.3.0/../../../../arm-none-eabi/lib/thumb/v7-m/nofp\libc_nano.a(libc_a-mlock.o)
 .debug_abbrev  0x00003bbc      0x338 C:/msys64/mingw64/bin/../lib/gcc/arm-none-eabi/13.3.0/../../../../arm-none-eabi/lib/thumb/v7-m/nofp\libc_nano.a(libc_a-nano-svfprintf.o)
 .debug_abbrev  0x00003ef4      0x28d C:/msys64/mingw64/bin/../lib/gcc/arm-none-eabi/13.3.0/../../../../arm-none-eabi/lib/thumb/v7-m/nofp\libc_nano.a(libc_a-nano-vfprintf_i.o)
 .debug_abbrev  0x00004181       0xc3 C:/msys64/mingw64/bin/../lib/gcc/arm-none-eabi/13.3.0/../../../../arm-none-eabi/lib/thumb/v7-m/nofp\libc_nano.a(libc_a-memmove.o)
 .debug_abbrev  0x00004244      0x1da C:/msys64/mingw64/bin/../lib/gcc/arm-none-eabi/13.3.0/../../../../arm-none-eabi/lib/thumb/v7-m/nofp\libc_nano.a(libc_a-sbrkr.o)
 .debug_abbrev  0x0000441e       0xc7 C:/msys64/mingw64/bin/../lib/gcc/arm-none-eabi/13.3.0/../../../../arm-none-eabi/lib/thumb/v7-m/nofp\libc_nano.a(libc_a-memchr-stub.o)
 .debug_abbrev  0x000044e5       0x28 C:/msys64/mingw64/bin/../lib/gcc/arm-none-eabi/13.3.0/../../../../arm-none-eabi/lib/thumb/v7-m/nofp\libc_nano.a(libc_a-memcpy.o)
 .debug_abbrev  0x0000450d      0x20c C:/msys64/mingw64/bin/../lib/gcc/arm-none-eabi/13.3.0/../../../../arm-none-eabi/lib/thumb/v7-m/nofp\libc_nano.a(libc_a-reallocr.o)
 .debug_abbrev  0x00004719      0x196 C:/msys64/mingw64/bin/../lib/gcc/arm-none-eabi/13.3.0/../../../../arm-none-eabi/lib/thumb/v7-m/nofp\libc_nano.a(libc_a-msizer.o)
 .debug_abbrev  0x000048af       0x28 C:/msys64/mingw64/bin/../lib/gcc/arm-none-eabi/13.3.0/thumb/v7-m/nofp\libgcc.a(_arm_addsubsf3.o)
 .debug_abbrev  0x000048d7       0x28 C:/msys64/mingw64/bin/../lib/gcc/arm-none-eabi/13.3.0/thumb/v7-m/nofp\libgcc.a(_arm_muldivsf3.o)
 .debug_abbrev  0x000048ff       0x28 C:/msys64/mingw64/bin/../lib/gcc/arm-none-eabi/13.3.0/thumb/v7-m/nofp\libgcc.a(_arm_cmpsf2.o)
 .debug_abbrev  0x00004927       0x28 C:/msys64/mingw64/bin/../lib/gcc/arm-none-eabi/13.3.0/thumb/v7-m/nofp\libgcc.a(_arm_fixsfsi.o)

.debug_loc      0x00000000     0xfe76
 .debug_loc     0x00000000       0x86 build/main.o
 .debug_loc     0x00000086      0x193 build/hal_gpio.o
 .debug_loc     0x00000219       0x70 build/hal_tim.o
 .debug_loc     0x00000289      0x17d build/hal_usart.o
 .debug_loc     0x00000406      0x32e build/hal_utils.o
 .debug_loc     0x00000734       0x46 build/syscfg.o
 .debug_loc     0x0000077a       0x20 build/stm32f1xx_it.o
 .debug_loc     0x0000079a       0x41 build/stm32f1xx_hal_msp.o
 .debug_loc     0x000007db     0x6168 build/stm32f1xx_hal_tim.o
 .debug_loc     0x00006943     0x227b build/stm32f1xx_hal_tim_ex.o
 .debug_loc     0x00008bbe      0x1f9 build/stm32f1xx_hal.o
 .debug_loc     0x00008db7      0x7c6 build/stm32f1xx_hal_rcc.o
 .debug_loc     0x0000957d      0x4a9 build/stm32f1xx_hal_rcc_ex.o
 .debug_loc     0x00009a26      0x541 build/stm32f1xx_hal_gpio.o
 .debug_loc     0x00009f67      0x8b4 build/stm32f1xx_hal_cortex.o
 .debug_loc     0x0000a81b     0x4ff4 build/stm32f1xx_hal_uart.o
 .debug_loc     0x0000f80f      0x11b build/system_stm32f1xx.o
 .debug_loc     0x0000f92a       0x90 build/sysmem.o
 .debug_loc     0x0000f9ba      0x395 build/hx711.o
 .debug_loc     0x0000fd4f      0x127 build/hx711_hw.o

.debug_aranges  0x00000000      0xfa8
 .debug_aranges
                0x00000000       0x30 build/main.o
 .debug_aranges
                0x00000030       0x60 build/hal_gpio.o
 .debug_aranges
                0x00000090       0x38 build/hal_tim.o
 .debug_aranges
                0x000000c8       0x38 build/hal_usart.o
 .debug_aranges
                0x00000100       0x20 build/hal_utils.o
 .debug_aranges
                0x00000120       0x20 build/syscfg.o
 .debug_aranges
                0x00000140       0x60 build/stm32f1xx_it.o
 .debug_aranges
                0x000001a0       0x20 build/stm32f1xx_hal_msp.o
 .debug_aranges
                0x000001c0      0x3d0 build/stm32f1xx_hal_tim.o
 .debug_aranges
                0x00000590      0x168 build/stm32f1xx_hal_tim_ex.o
 .debug_aranges
                0x000006f8       0xe0 build/stm32f1xx_hal.o
 .debug_aranges
                0x000007d8       0x90 build/stm32f1xx_hal_rcc.o
 .debug_aranges
                0x00000868       0x30 build/stm32f1xx_hal_rcc_ex.o
 .debug_aranges
                0x00000898       0x58 build/stm32f1xx_hal_gpio.o
 .debug_aranges
                0x000008f0       0xc0 build/stm32f1xx_hal_cortex.o
 .debug_aranges
                0x000009b0      0x208 build/stm32f1xx_hal_uart.o
 .debug_aranges
                0x00000bb8       0x28 build/system_stm32f1xx.o
 .debug_aranges
                0x00000be0       0x20 build/sysmem.o
 .debug_aranges
                0x00000c00       0x50 build/hx711.o
 .debug_aranges
                0x00000c50       0x38 build/hx711_hw.o
 .debug_aranges
                0x00000c88       0x28 build/startup_stm32f103x6.o
 .debug_aranges
                0x00000cb0       0x20 C:/msys64/mingw64/bin/../lib/gcc/arm-none-eabi/13.3.0/../../../../arm-none-eabi/lib/thumb/v7-m/nofp\libc_nano.a(libc_a-findfp.o)
 .debug_aranges
                0x00000cd0       0x20 C:/msys64/mingw64/bin/../lib/gcc/arm-none-eabi/13.3.0/../../../../arm-none-eabi/lib/thumb/v7-m/nofp\libc_nano.a(libc_a-vsnprintf.o)
 .debug_aranges
                0x00000cf0       0x20 C:/msys64/mingw64/bin/../lib/gcc/arm-none-eabi/13.3.0/../../../../arm-none-eabi/lib/thumb/v7-m/nofp\libc_nano.a(libc_a-memset.o)
 .debug_aranges
                0x00000d10       0x20 C:/msys64/mingw64/bin/../lib/gcc/arm-none-eabi/13.3.0/../../../../arm-none-eabi/lib/thumb/v7-m/nofp\libc_nano.a(libc_a-reent.o)
 .debug_aranges
                0x00000d30       0x18 C:/msys64/mingw64/bin/../lib/gcc/arm-none-eabi/13.3.0/../../../../arm-none-eabi/lib/thumb/v7-m/nofp\libc_nano.a(libc_a-impure.o)
 .debug_aranges
                0x00000d48       0x20 C:/msys64/mingw64/bin/../lib/gcc/arm-none-eabi/13.3.0/../../../../arm-none-eabi/lib/thumb/v7-m/nofp\libc_nano.a(libc_a-errno.o)
 .debug_aranges
                0x00000d68       0x20 C:/msys64/mingw64/bin/../lib/gcc/arm-none-eabi/13.3.0/../../../../arm-none-eabi/lib/thumb/v7-m/nofp\libc_nano.a(libc_a-init.o)
 .debug_aranges
                0x00000d88       0x20 C:/msys64/mingw64/bin/../lib/gcc/arm-none-eabi/13.3.0/../../../../arm-none-eabi/lib/thumb/v7-m/nofp\libc_nano.a(libc_a-lock.o)
 .debug_aranges
                0x00000da8       0x20 C:/msys64/mingw64/bin/../lib/gcc/arm-none-eabi/13.3.0/../../../../arm-none-eabi/lib/thumb/v7-m/nofp\libc_nano.a(libc_a-strlen-stub.o)
 .debug_aranges
                0x00000dc8       0x20 C:/msys64/mingw64/bin/../lib/gcc/arm-none-eabi/13.3.0/../../../../arm-none-eabi/lib/thumb/v7-m/nofp\libc_nano.a(libc_a-freer.o)
 .debug_aranges
                0x00000de8       0x20 C:/msys64/mingw64/bin/../lib/gcc/arm-none-eabi/13.3.0/../../../../arm-none-eabi/lib/thumb/v7-m/nofp\libc_nano.a(libc_a-mallocr.o)
 .debug_aranges
                0x00000e08       0x20 C:/msys64/mingw64/bin/../lib/gcc/arm-none-eabi/13.3.0/../../../../arm-none-eabi/lib/thumb/v7-m/nofp\libc_nano.a(libc_a-mlock.o)
 .debug_aranges
                0x00000e28       0x20 C:/msys64/mingw64/bin/../lib/gcc/arm-none-eabi/13.3.0/../../../../arm-none-eabi/lib/thumb/v7-m/nofp\libc_nano.a(libc_a-nano-svfprintf.o)
 .debug_aranges
                0x00000e48       0x20 C:/msys64/mingw64/bin/../lib/gcc/arm-none-eabi/13.3.0/../../../../arm-none-eabi/lib/thumb/v7-m/nofp\libc_nano.a(libc_a-nano-vfprintf_i.o)
 .debug_aranges
                0x00000e68       0x20 C:/msys64/mingw64/bin/../lib/gcc/arm-none-eabi/13.3.0/../../../../arm-none-eabi/lib/thumb/v7-m/nofp\libc_nano.a(libc_a-memmove.o)
 .debug_aranges
                0x00000e88       0x20 C:/msys64/mingw64/bin/../lib/gcc/arm-none-eabi/13.3.0/../../../../arm-none-eabi/lib/thumb/v7-m/nofp\libc_nano.a(libc_a-sbrkr.o)
 .debug_aranges
                0x00000ea8       0x20 C:/msys64/mingw64/bin/../lib/gcc/arm-none-eabi/13.3.0/../../../../arm-none-eabi/lib/thumb/v7-m/nofp\libc_nano.a(libc_a-memchr-stub.o)
 .debug_aranges
                0x00000ec8       0x20 C:/msys64/mingw64/bin/../lib/gcc/arm-none-eabi/13.3.0/../../../../arm-none-eabi/lib/thumb/v7-m/nofp\libc_nano.a(libc_a-memcpy.o)
 .debug_aranges
                0x00000ee8       0x20 C:/msys64/mingw64/bin/../lib/gcc/arm-none-eabi/13.3.0/../../../../arm-none-eabi/lib/thumb/v7-m/nofp\libc_nano.a(libc_a-reallocr.o)
 .debug_aranges
                0x00000f08       0x20 C:/msys64/mingw64/bin/../lib/gcc/arm-none-eabi/13.3.0/../../../../arm-none-eabi/lib/thumb/v7-m/nofp\libc_nano.a(libc_a-msizer.o)
 .debug_aranges
                0x00000f28       0x20 C:/msys64/mingw64/bin/../lib/gcc/arm-none-eabi/13.3.0/thumb/v7-m/nofp\libgcc.a(_arm_addsubsf3.o)
 .debug_aranges
                0x00000f48       0x20 C:/msys64/mingw64/bin/../lib/gcc/arm-none-eabi/13.3.0/thumb/v7-m/nofp\libgcc.a(_arm_muldivsf3.o)
 .debug_aranges
                0x00000f68       0x20 C:/msys64/mingw64/bin/../lib/gcc/arm-none-eabi/13.3.0/thumb/v7-m/nofp\libgcc.a(_arm_cmpsf2.o)
 .debug_aranges
                0x00000f88       0x20 C:/msys64/mingw64/bin/../lib/gcc/arm-none-eabi/13.3.0/thumb/v7-m/nofp\libgcc.a(_arm_fixsfsi.o)

.debug_ranges   0x00000000      0xc20
 .debug_ranges  0x00000000       0x20 build/main.o
 .debug_ranges  0x00000020       0x50 build/hal_gpio.o
 .debug_ranges  0x00000070       0x28 build/hal_tim.o
 .debug_ranges  0x00000098       0x28 build/hal_usart.o
 .debug_ranges  0x000000c0       0x48 build/hal_utils.o
 .debug_ranges  0x00000108       0x10 build/syscfg.o
 .debug_ranges  0x00000118       0x50 build/stm32f1xx_it.o
 .debug_ranges  0x00000168       0x10 build/stm32f1xx_hal_msp.o
 .debug_ranges  0x00000178      0x3c0 build/stm32f1xx_hal_tim.o
 .debug_ranges  0x00000538      0x158 build/stm32f1xx_hal_tim_ex.o
 .debug_ranges  0x00000690       0xd0 build/stm32f1xx_hal.o
 .debug_ranges  0x00000760       0xa0 build/stm32f1xx_hal_rcc.o
 .debug_ranges  0x00000800       0x38 build/stm32f1xx_hal_rcc_ex.o
 .debug_ranges  0x00000838       0x48 build/stm32f1xx_hal_gpio.o
 .debug_ranges  0x00000880       0xb0 build/stm32f1xx_hal_cortex.o
 .debug_ranges  0x00000930      0x210 build/stm32f1xx_hal_uart.o
 .debug_ranges  0x00000b40       0x18 build/system_stm32f1xx.o
 .debug_ranges  0x00000b58       0x10 build/sysmem.o
 .debug_ranges  0x00000b68       0x70 build/hx711.o
 .debug_ranges  0x00000bd8       0x28 build/hx711_hw.o
 .debug_ranges  0x00000c00       0x20 build/startup_stm32f103x6.o

.debug_line     0x00000000    0x1055b
 .debug_line    0x00000000      0x28b build/main.o
 .debug_line    0x0000028b      0x26d build/hal_gpio.o
 .debug_line    0x000004f8      0x2a6 build/hal_tim.o
 .debug_line    0x0000079e      0x372 build/hal_usart.o
 .debug_line    0x00000b10      0x184 build/hal_utils.o
 .debug_line    0x00000c94      0x1fc build/syscfg.o
 .debug_line    0x00000e90      0x138 build/stm32f1xx_it.o
 .debug_line    0x00000fc8      0x11a build/stm32f1xx_hal_msp.o
 .debug_line    0x000010e2     0x4546 build/stm32f1xx_hal_tim.o
 .debug_line    0x00005628     0x195c build/stm32f1xx_hal_tim_ex.o
 .debug_line    0x00006f84      0x4d0 build/stm32f1xx_hal.o
 .debug_line    0x00007454      0xc4c build/stm32f1xx_hal_rcc.o
 .debug_line    0x000080a0      0x44c build/stm32f1xx_hal_rcc_ex.o
 .debug_line    0x000084ec      0x558 build/stm32f1xx_hal_gpio.o
 .debug_line    0x00008a44      0x649 build/stm32f1xx_hal_cortex.o
 .debug_line    0x0000908d     0x3441 build/stm32f1xx_hal_uart.o
 .debug_line    0x0000c4ce      0x1e2 build/system_stm32f1xx.o
 .debug_line    0x0000c6b0      0x15e build/sysmem.o
 .debug_line    0x0000c80e      0x343 build/hx711.o
 .debug_line    0x0000cb51       0xf2 build/hx711_hw.o
 .debug_line    0x0000cc43       0x71 build/startup_stm32f103x6.o
 .debug_line    0x0000ccb4      0x63a C:/msys64/mingw64/bin/../lib/gcc/arm-none-eabi/13.3.0/../../../../arm-none-eabi/lib/thumb/v7-m/nofp\libc_nano.a(libc_a-findfp.o)
 .debug_line    0x0000d2ee      0x352 C:/msys64/mingw64/bin/../lib/gcc/arm-none-eabi/13.3.0/../../../../arm-none-eabi/lib/thumb/v7-m/nofp\libc_nano.a(libc_a-vsnprintf.o)
 .debug_line    0x0000d640      0x1cd C:/msys64/mingw64/bin/../lib/gcc/arm-none-eabi/13.3.0/../../../../arm-none-eabi/lib/thumb/v7-m/nofp\libc_nano.a(libc_a-memset.o)
 .debug_line    0x0000d80d      0x285 C:/msys64/mingw64/bin/../lib/gcc/arm-none-eabi/13.3.0/../../../../arm-none-eabi/lib/thumb/v7-m/nofp\libc_nano.a(libc_a-reent.o)
 .debug_line    0x0000da92       0xfb C:/msys64/mingw64/bin/../lib/gcc/arm-none-eabi/13.3.0/../../../../arm-none-eabi/lib/thumb/v7-m/nofp\libc_nano.a(libc_a-impure.o)
 .debug_line    0x0000db8d      0x120 C:/msys64/mingw64/bin/../lib/gcc/arm-none-eabi/13.3.0/../../../../arm-none-eabi/lib/thumb/v7-m/nofp\libc_nano.a(libc_a-errno.o)
 .debug_line    0x0000dcad      0x144 C:/msys64/mingw64/bin/../lib/gcc/arm-none-eabi/13.3.0/../../../../arm-none-eabi/lib/thumb/v7-m/nofp\libc_nano.a(libc_a-init.o)
 .debug_line    0x0000ddf1       0xd7 C:/msys64/mingw64/bin/../lib/gcc/arm-none-eabi/13.3.0/../../../../arm-none-eabi/lib/thumb/v7-m/nofp\libc_nano.a(libc_a-lock.o)
 .debug_line    0x0000dec8      0x108 C:/msys64/mingw64/bin/../lib/gcc/arm-none-eabi/13.3.0/../../../../arm-none-eabi/lib/thumb/v7-m/nofp\libc_nano.a(libc_a-strlen-stub.o)
 .debug_line    0x0000dfd0      0x2da C:/msys64/mingw64/bin/../lib/gcc/arm-none-eabi/13.3.0/../../../../arm-none-eabi/lib/thumb/v7-m/nofp\libc_nano.a(libc_a-freer.o)
 .debug_line    0x0000e2aa      0x43c C:/msys64/mingw64/bin/../lib/gcc/arm-none-eabi/13.3.0/../../../../arm-none-eabi/lib/thumb/v7-m/nofp\libc_nano.a(libc_a-mallocr.o)
 .debug_line    0x0000e6e6      0x162 C:/msys64/mingw64/bin/../lib/gcc/arm-none-eabi/13.3.0/../../../../arm-none-eabi/lib/thumb/v7-m/nofp\libc_nano.a(libc_a-mlock.o)
 .debug_line    0x0000e848      0x87b C:/msys64/mingw64/bin/../lib/gcc/arm-none-eabi/13.3.0/../../../../arm-none-eabi/lib/thumb/v7-m/nofp\libc_nano.a(libc_a-nano-svfprintf.o)
 .debug_line    0x0000f0c3      0x77d C:/msys64/mingw64/bin/../lib/gcc/arm-none-eabi/13.3.0/../../../../arm-none-eabi/lib/thumb/v7-m/nofp\libc_nano.a(libc_a-nano-vfprintf_i.o)
 .debug_line    0x0000f840      0x221 C:/msys64/mingw64/bin/../lib/gcc/arm-none-eabi/13.3.0/../../../../arm-none-eabi/lib/thumb/v7-m/nofp\libc_nano.a(libc_a-memmove.o)
 .debug_line    0x0000fa61      0x19c C:/msys64/mingw64/bin/../lib/gcc/arm-none-eabi/13.3.0/../../../../arm-none-eabi/lib/thumb/v7-m/nofp\libc_nano.a(libc_a-sbrkr.o)
 .debug_line    0x0000fbfd      0x205 C:/msys64/mingw64/bin/../lib/gcc/arm-none-eabi/13.3.0/../../../../arm-none-eabi/lib/thumb/v7-m/nofp\libc_nano.a(libc_a-memchr-stub.o)
 .debug_line    0x0000fe02       0xbd C:/msys64/mingw64/bin/../lib/gcc/arm-none-eabi/13.3.0/../../../../arm-none-eabi/lib/thumb/v7-m/nofp\libc_nano.a(libc_a-memcpy.o)
 .debug_line    0x0000febf      0x1fa C:/msys64/mingw64/bin/../lib/gcc/arm-none-eabi/13.3.0/../../../../arm-none-eabi/lib/thumb/v7-m/nofp\libc_nano.a(libc_a-reallocr.o)
 .debug_line    0x000100b9      0x180 C:/msys64/mingw64/bin/../lib/gcc/arm-none-eabi/13.3.0/../../../../arm-none-eabi/lib/thumb/v7-m/nofp\libc_nano.a(libc_a-msizer.o)
 .debug_line    0x00010239      0x103 C:/msys64/mingw64/bin/../lib/gcc/arm-none-eabi/13.3.0/thumb/v7-m/nofp\libgcc.a(_arm_addsubsf3.o)
 .debug_line    0x0001033c      0x123 C:/msys64/mingw64/bin/../lib/gcc/arm-none-eabi/13.3.0/thumb/v7-m/nofp\libgcc.a(_arm_muldivsf3.o)
 .debug_line    0x0001045f       0x9a C:/msys64/mingw64/bin/../lib/gcc/arm-none-eabi/13.3.0/thumb/v7-m/nofp\libgcc.a(_arm_cmpsf2.o)
 .debug_line    0x000104f9       0x62 C:/msys64/mingw64/bin/../lib/gcc/arm-none-eabi/13.3.0/thumb/v7-m/nofp\libgcc.a(_arm_fixsfsi.o)

.debug_str      0x00000000     0x4c15
 .debug_str     0x00000000     0x4c15 build/main.o
                                0x8b9 (size before relaxing)
 .debug_str     0x00004c15      0x357 build/hal_gpio.o
 .debug_str     0x00004c15      0x823 build/hal_tim.o
 .debug_str     0x00004c15      0xa0b build/hal_usart.o
 .debug_str     0x00004c15      0x1aa build/hal_utils.o
 .debug_str     0x00004c15      0x3a3 build/syscfg.o
 .debug_str     0x00004c15      0x1fe build/stm32f1xx_it.o
 .debug_str     0x00004c15      0x1fb build/stm32f1xx_hal_msp.o
 .debug_str     0x00004c15     0x1666 build/stm32f1xx_hal_tim.o
 .debug_str     0x00004c15      0xe72 build/stm32f1xx_hal_tim_ex.o
 .debug_str     0x00004c15      0x7d5 build/stm32f1xx_hal.o
 .debug_str     0x00004c15      0x60c build/stm32f1xx_hal_rcc.o
 .debug_str     0x00004c15      0x3b4 build/stm32f1xx_hal_rcc_ex.o
 .debug_str     0x00004c15      0x3e1 build/stm32f1xx_hal_gpio.o
 .debug_str     0x00004c15      0x87a build/stm32f1xx_hal_cortex.o
 .debug_str     0x00004c15      0xcd5 build/stm32f1xx_hal_uart.o
 .debug_str     0x00004c15      0x230 build/system_stm32f1xx.o
 .debug_str     0x00004c15      0x1f4 build/sysmem.o
 .debug_str     0x00004c15      0x3ac build/hx711.o
 .debug_str     0x00004c15      0x172 build/hx711_hw.o
 .debug_str     0x00004c15       0x73 build/startup_stm32f103x6.o
 .debug_str     0x00004c15      0x722 C:/msys64/mingw64/bin/../lib/gcc/arm-none-eabi/13.3.0/../../../../arm-none-eabi/lib/thumb/v7-m/nofp\libc_nano.a(libc_a-findfp.o)
 .debug_str     0x00004c15      0x4f0 C:/msys64/mingw64/bin/../lib/gcc/arm-none-eabi/13.3.0/../../../../arm-none-eabi/lib/thumb/v7-m/nofp\libc_nano.a(libc_a-vsnprintf.o)
 .debug_str     0x00004c15      0x193 C:/msys64/mingw64/bin/../lib/gcc/arm-none-eabi/13.3.0/../../../../arm-none-eabi/lib/thumb/v7-m/nofp\libc_nano.a(libc_a-memset.o)
 .debug_str     0x00004c15      0x4be C:/msys64/mingw64/bin/../lib/gcc/arm-none-eabi/13.3.0/../../../../arm-none-eabi/lib/thumb/v7-m/nofp\libc_nano.a(libc_a-reent.o)
 .debug_str     0x00004c15      0x49f C:/msys64/mingw64/bin/../lib/gcc/arm-none-eabi/13.3.0/../../../../arm-none-eabi/lib/thumb/v7-m/nofp\libc_nano.a(libc_a-impure.o)
 .debug_str     0x00004c15      0x499 C:/msys64/mingw64/bin/../lib/gcc/arm-none-eabi/13.3.0/../../../../arm-none-eabi/lib/thumb/v7-m/nofp\libc_nano.a(libc_a-errno.o)
 .debug_str     0x00004c15      0x1e0 C:/msys64/mingw64/bin/../lib/gcc/arm-none-eabi/13.3.0/../../../../arm-none-eabi/lib/thumb/v7-m/nofp\libc_nano.a(libc_a-init.o)
 .debug_str     0x00004c15      0x2f2 C:/msys64/mingw64/bin/../lib/gcc/arm-none-eabi/13.3.0/../../../../arm-none-eabi/lib/thumb/v7-m/nofp\libc_nano.a(libc_a-lock.o)
 .debug_str     0x00004c15      0x189 C:/msys64/mingw64/bin/../lib/gcc/arm-none-eabi/13.3.0/../../../../arm-none-eabi/lib/thumb/v7-m/nofp\libc_nano.a(libc_a-strlen-stub.o)
 .debug_str     0x00004c15      0x51f C:/msys64/mingw64/bin/../lib/gcc/arm-none-eabi/13.3.0/../../../../arm-none-eabi/lib/thumb/v7-m/nofp\libc_nano.a(libc_a-freer.o)
 .debug_str     0x00004c15      0x580 C:/msys64/mingw64/bin/../lib/gcc/arm-none-eabi/13.3.0/../../../../arm-none-eabi/lib/thumb/v7-m/nofp\libc_nano.a(libc_a-mallocr.o)
 .debug_str     0x00004c15      0x521 C:/msys64/mingw64/bin/../lib/gcc/arm-none-eabi/13.3.0/../../../../arm-none-eabi/lib/thumb/v7-m/nofp\libc_nano.a(libc_a-mlock.o)
 .debug_str     0x00004c15      0x7e8 C:/msys64/mingw64/bin/../lib/gcc/arm-none-eabi/13.3.0/../../../../arm-none-eabi/lib/thumb/v7-m/nofp\libc_nano.a(libc_a-nano-svfprintf.o)
 .debug_str     0x00004c15      0x77e C:/msys64/mingw64/bin/../lib/gcc/arm-none-eabi/13.3.0/../../../../arm-none-eabi/lib/thumb/v7-m/nofp\libc_nano.a(libc_a-nano-vfprintf_i.o)
 .debug_str     0x00004c15      0x1b2 C:/msys64/mingw64/bin/../lib/gcc/arm-none-eabi/13.3.0/../../../../arm-none-eabi/lib/thumb/v7-m/nofp\libc_nano.a(libc_a-memmove.o)
 .debug_str     0x00004c15      0x4a8 C:/msys64/mingw64/bin/../lib/gcc/arm-none-eabi/13.3.0/../../../../arm-none-eabi/lib/thumb/v7-m/nofp\libc_nano.a(libc_a-sbrkr.o)
 .debug_str     0x00004c15      0x1a3 C:/msys64/mingw64/bin/../lib/gcc/arm-none-eabi/13.3.0/../../../../arm-none-eabi/lib/thumb/v7-m/nofp\libc_nano.a(libc_a-memchr-stub.o)
 .debug_str     0x00004c15       0x9f C:/msys64/mingw64/bin/../lib/gcc/arm-none-eabi/13.3.0/../../../../arm-none-eabi/lib/thumb/v7-m/nofp\libc_nano.a(libc_a-memcpy.o)
 .debug_str     0x00004c15      0x515 C:/msys64/mingw64/bin/../lib/gcc/arm-none-eabi/13.3.0/../../../../arm-none-eabi/lib/thumb/v7-m/nofp\libc_nano.a(libc_a-reallocr.o)
 .debug_str     0x00004c15      0x4e8 C:/msys64/mingw64/bin/../lib/gcc/arm-none-eabi/13.3.0/../../../../arm-none-eabi/lib/thumb/v7-m/nofp\libc_nano.a(libc_a-msizer.o)
 .debug_str     0x00004c15      0x11f C:/msys64/mingw64/bin/../lib/gcc/arm-none-eabi/13.3.0/thumb/v7-m/nofp\libgcc.a(_arm_addsubsf3.o)
 .debug_str     0x00004c15       0xab C:/msys64/mingw64/bin/../lib/gcc/arm-none-eabi/13.3.0/thumb/v7-m/nofp\libgcc.a(_arm_muldivsf3.o)
 .debug_str     0x00004c15      0x134 C:/msys64/mingw64/bin/../lib/gcc/arm-none-eabi/13.3.0/thumb/v7-m/nofp\libgcc.a(_arm_cmpsf2.o)
 .debug_str     0x00004c15       0x96 C:/msys64/mingw64/bin/../lib/gcc/arm-none-eabi/13.3.0/thumb/v7-m/nofp\libgcc.a(_arm_fixsfsi.o)

.debug_frame    0x00000000     0x27b0
 .debug_frame   0x00000000       0x58 build/main.o
 .debug_frame   0x00000058      0x104 build/hal_gpio.o
 .debug_frame   0x0000015c       0x68 build/hal_tim.o
 .debug_frame   0x000001c4       0x98 build/hal_usart.o
 .debug_frame   0x0000025c       0x34 build/hal_utils.o
 .debug_frame   0x00000290       0x30 build/syscfg.o
 .debug_frame   0x000002c0       0xa8 build/stm32f1xx_it.o
 .debug_frame   0x00000368       0x28 build/stm32f1xx_hal_msp.o
 .debug_frame   0x00000390      0xb18 build/stm32f1xx_hal_tim.o
 .debug_frame   0x00000ea8      0x418 build/stm32f1xx_hal_tim_ex.o
 .debug_frame   0x000012c0      0x1cc build/stm32f1xx_hal.o
 .debug_frame   0x0000148c      0x184 build/stm32f1xx_hal_rcc.o
 .debug_frame   0x00001610       0x5c build/stm32f1xx_hal_rcc_ex.o
 .debug_frame   0x0000166c       0xe0 build/stm32f1xx_hal_gpio.o
 .debug_frame   0x0000174c      0x19c build/stm32f1xx_hal_cortex.o
 .debug_frame   0x000018e8      0x5dc build/stm32f1xx_hal_uart.o
 .debug_frame   0x00001ec4       0x30 build/system_stm32f1xx.o
 .debug_frame   0x00001ef4       0x28 build/sysmem.o
 .debug_frame   0x00001f1c       0xc0 build/hx711.o
 .debug_frame   0x00001fdc       0x68 build/hx711_hw.o
 .debug_frame   0x00002044      0x13c C:/msys64/mingw64/bin/../lib/gcc/arm-none-eabi/13.3.0/../../../../arm-none-eabi/lib/thumb/v7-m/nofp\libc_nano.a(libc_a-findfp.o)
 .debug_frame   0x00002180       0x60 C:/msys64/mingw64/bin/../lib/gcc/arm-none-eabi/13.3.0/../../../../arm-none-eabi/lib/thumb/v7-m/nofp\libc_nano.a(libc_a-vsnprintf.o)
 .debug_frame   0x000021e0       0x2c C:/msys64/mingw64/bin/../lib/gcc/arm-none-eabi/13.3.0/../../../../arm-none-eabi/lib/thumb/v7-m/nofp\libc_nano.a(libc_a-memset.o)
 .debug_frame   0x0000220c       0x40 C:/msys64/mingw64/bin/../lib/gcc/arm-none-eabi/13.3.0/../../../../arm-none-eabi/lib/thumb/v7-m/nofp\libc_nano.a(libc_a-reent.o)
 .debug_frame   0x0000224c       0x20 C:/msys64/mingw64/bin/../lib/gcc/arm-none-eabi/13.3.0/../../../../arm-none-eabi/lib/thumb/v7-m/nofp\libc_nano.a(libc_a-errno.o)
 .debug_frame   0x0000226c       0x2c C:/msys64/mingw64/bin/../lib/gcc/arm-none-eabi/13.3.0/../../../../arm-none-eabi/lib/thumb/v7-m/nofp\libc_nano.a(libc_a-init.o)
 .debug_frame   0x00002298       0xb0 C:/msys64/mingw64/bin/../lib/gcc/arm-none-eabi/13.3.0/../../../../arm-none-eabi/lib/thumb/v7-m/nofp\libc_nano.a(libc_a-lock.o)
 .debug_frame   0x00002348       0x20 C:/msys64/mingw64/bin/../lib/gcc/arm-none-eabi/13.3.0/../../../../arm-none-eabi/lib/thumb/v7-m/nofp\libc_nano.a(libc_a-strlen-stub.o)
 .debug_frame   0x00002368       0x58 C:/msys64/mingw64/bin/../lib/gcc/arm-none-eabi/13.3.0/../../../../arm-none-eabi/lib/thumb/v7-m/nofp\libc_nano.a(libc_a-freer.o)
 .debug_frame   0x000023c0       0x5c C:/msys64/mingw64/bin/../lib/gcc/arm-none-eabi/13.3.0/../../../../arm-none-eabi/lib/thumb/v7-m/nofp\libc_nano.a(libc_a-mallocr.o)
 .debug_frame   0x0000241c       0x30 C:/msys64/mingw64/bin/../lib/gcc/arm-none-eabi/13.3.0/../../../../arm-none-eabi/lib/thumb/v7-m/nofp\libc_nano.a(libc_a-mlock.o)
 .debug_frame   0x0000244c       0x98 C:/msys64/mingw64/bin/../lib/gcc/arm-none-eabi/13.3.0/../../../../arm-none-eabi/lib/thumb/v7-m/nofp\libc_nano.a(libc_a-nano-svfprintf.o)
 .debug_frame   0x000024e4       0x6c C:/msys64/mingw64/bin/../lib/gcc/arm-none-eabi/13.3.0/../../../../arm-none-eabi/lib/thumb/v7-m/nofp\libc_nano.a(libc_a-nano-vfprintf_i.o)
 .debug_frame   0x00002550       0x40 C:/msys64/mingw64/bin/../lib/gcc/arm-none-eabi/13.3.0/../../../../arm-none-eabi/lib/thumb/v7-m/nofp\libc_nano.a(libc_a-memmove.o)
 .debug_frame   0x00002590       0x2c C:/msys64/mingw64/bin/../lib/gcc/arm-none-eabi/13.3.0/../../../../arm-none-eabi/lib/thumb/v7-m/nofp\libc_nano.a(libc_a-sbrkr.o)
 .debug_frame   0x000025bc       0x2c C:/msys64/mingw64/bin/../lib/gcc/arm-none-eabi/13.3.0/../../../../arm-none-eabi/lib/thumb/v7-m/nofp\libc_nano.a(libc_a-memchr-stub.o)
 .debug_frame   0x000025e8       0x38 C:/msys64/mingw64/bin/../lib/gcc/arm-none-eabi/13.3.0/../../../../arm-none-eabi/lib/thumb/v7-m/nofp\libc_nano.a(libc_a-reallocr.o)
 .debug_frame   0x00002620       0x20 C:/msys64/mingw64/bin/../lib/gcc/arm-none-eabi/13.3.0/../../../../arm-none-eabi/lib/thumb/v7-m/nofp\libc_nano.a(libc_a-msizer.o)
 .debug_frame   0x00002640       0x4c C:/msys64/mingw64/bin/../lib/gcc/arm-none-eabi/13.3.0/thumb/v7-m/nofp\libgcc.a(_arm_addsubsf3.o)
 .debug_frame   0x0000268c       0x38 C:/msys64/mingw64/bin/../lib/gcc/arm-none-eabi/13.3.0/thumb/v7-m/nofp\libgcc.a(_arm_muldivsf3.o)
 .debug_frame   0x000026c4       0xc8 C:/msys64/mingw64/bin/../lib/gcc/arm-none-eabi/13.3.0/thumb/v7-m/nofp\libgcc.a(_arm_cmpsf2.o)
 .debug_frame   0x0000278c       0x24 C:/msys64/mingw64/bin/../lib/gcc/arm-none-eabi/13.3.0/thumb/v7-m/nofp\libgcc.a(_arm_fixsfsi.o)

.debug_loclists
                0x00000000     0x195b
 .debug_loclists
                0x00000000      0x264 C:/msys64/mingw64/bin/../lib/gcc/arm-none-eabi/13.3.0/../../../../arm-none-eabi/lib/thumb/v7-m/nofp\libc_nano.a(libc_a-findfp.o)
 .debug_loclists
                0x00000264      0x255 C:/msys64/mingw64/bin/../lib/gcc/arm-none-eabi/13.3.0/../../../../arm-none-eabi/lib/thumb/v7-m/nofp\libc_nano.a(libc_a-vsnprintf.o)
 .debug_loclists
                0x000004b9      0x1cb C:/msys64/mingw64/bin/../lib/gcc/arm-none-eabi/13.3.0/../../../../arm-none-eabi/lib/thumb/v7-m/nofp\libc_nano.a(libc_a-memset.o)
 .debug_loclists
                0x00000684       0x7a C:/msys64/mingw64/bin/../lib/gcc/arm-none-eabi/13.3.0/../../../../arm-none-eabi/lib/thumb/v7-m/nofp\libc_nano.a(libc_a-reent.o)
 .debug_loclists
                0x000006fe       0x65 C:/msys64/mingw64/bin/../lib/gcc/arm-none-eabi/13.3.0/../../../../arm-none-eabi/lib/thumb/v7-m/nofp\libc_nano.a(libc_a-init.o)
 .debug_loclists
                0x00000763       0x1e C:/msys64/mingw64/bin/../lib/gcc/arm-none-eabi/13.3.0/../../../../arm-none-eabi/lib/thumb/v7-m/nofp\libc_nano.a(libc_a-lock.o)
 .debug_loclists
                0x00000781       0x23 C:/msys64/mingw64/bin/../lib/gcc/arm-none-eabi/13.3.0/../../../../arm-none-eabi/lib/thumb/v7-m/nofp\libc_nano.a(libc_a-strlen-stub.o)
 .debug_loclists
                0x000007a4      0x146 C:/msys64/mingw64/bin/../lib/gcc/arm-none-eabi/13.3.0/../../../../arm-none-eabi/lib/thumb/v7-m/nofp\libc_nano.a(libc_a-freer.o)
 .debug_loclists
                0x000008ea      0x230 C:/msys64/mingw64/bin/../lib/gcc/arm-none-eabi/13.3.0/../../../../arm-none-eabi/lib/thumb/v7-m/nofp\libc_nano.a(libc_a-mallocr.o)
 .debug_loclists
                0x00000b1a       0x30 C:/msys64/mingw64/bin/../lib/gcc/arm-none-eabi/13.3.0/../../../../arm-none-eabi/lib/thumb/v7-m/nofp\libc_nano.a(libc_a-mlock.o)
 .debug_loclists
                0x00000b4a      0x513 C:/msys64/mingw64/bin/../lib/gcc/arm-none-eabi/13.3.0/../../../../arm-none-eabi/lib/thumb/v7-m/nofp\libc_nano.a(libc_a-nano-svfprintf.o)
 .debug_loclists
                0x0000105d      0x43c C:/msys64/mingw64/bin/../lib/gcc/arm-none-eabi/13.3.0/../../../../arm-none-eabi/lib/thumb/v7-m/nofp\libc_nano.a(libc_a-nano-vfprintf_i.o)
 .debug_loclists
                0x00001499      0x1f1 C:/msys64/mingw64/bin/../lib/gcc/arm-none-eabi/13.3.0/../../../../arm-none-eabi/lib/thumb/v7-m/nofp\libc_nano.a(libc_a-memmove.o)
 .debug_loclists
                0x0000168a       0x3f C:/msys64/mingw64/bin/../lib/gcc/arm-none-eabi/13.3.0/../../../../arm-none-eabi/lib/thumb/v7-m/nofp\libc_nano.a(libc_a-sbrkr.o)
 .debug_loclists
                0x000016c9      0x14d C:/msys64/mingw64/bin/../lib/gcc/arm-none-eabi/13.3.0/../../../../arm-none-eabi/lib/thumb/v7-m/nofp\libc_nano.a(libc_a-memchr-stub.o)
 .debug_loclists
                0x00001816       0xf2 C:/msys64/mingw64/bin/../lib/gcc/arm-none-eabi/13.3.0/../../../../arm-none-eabi/lib/thumb/v7-m/nofp\libc_nano.a(libc_a-reallocr.o)
 .debug_loclists
                0x00001908       0x53 C:/msys64/mingw64/bin/../lib/gcc/arm-none-eabi/13.3.0/../../../../arm-none-eabi/lib/thumb/v7-m/nofp\libc_nano.a(libc_a-msizer.o)

.debug_rnglists
                0x00000000      0x1a7
 .debug_rnglists
                0x00000000       0xa4 C:/msys64/mingw64/bin/../lib/gcc/arm-none-eabi/13.3.0/../../../../arm-none-eabi/lib/thumb/v7-m/nofp\libc_nano.a(libc_a-findfp.o)
 .debug_rnglists
                0x000000a4       0x1c C:/msys64/mingw64/bin/../lib/gcc/arm-none-eabi/13.3.0/../../../../arm-none-eabi/lib/thumb/v7-m/nofp\libc_nano.a(libc_a-vsnprintf.o)
 .debug_rnglists
                0x000000c0       0x13 C:/msys64/mingw64/bin/../lib/gcc/arm-none-eabi/13.3.0/../../../../arm-none-eabi/lib/thumb/v7-m/nofp\libc_nano.a(libc_a-strlen-stub.o)
 .debug_rnglists
                0x000000d3       0x13 C:/msys64/mingw64/bin/../lib/gcc/arm-none-eabi/13.3.0/../../../../arm-none-eabi/lib/thumb/v7-m/nofp\libc_nano.a(libc_a-freer.o)
 .debug_rnglists
                0x000000e6       0x19 C:/msys64/mingw64/bin/../lib/gcc/arm-none-eabi/13.3.0/../../../../arm-none-eabi/lib/thumb/v7-m/nofp\libc_nano.a(libc_a-mallocr.o)
 .debug_rnglists
                0x000000ff       0x42 C:/msys64/mingw64/bin/../lib/gcc/arm-none-eabi/13.3.0/../../../../arm-none-eabi/lib/thumb/v7-m/nofp\libc_nano.a(libc_a-nano-svfprintf.o)
 .debug_rnglists
                0x00000141       0x66 C:/msys64/mingw64/bin/../lib/gcc/arm-none-eabi/13.3.0/../../../../arm-none-eabi/lib/thumb/v7-m/nofp\libc_nano.a(libc_a-nano-vfprintf_i.o)

.debug_line_str
                0x00000000       0xff
 .debug_line_str
                0x00000000       0xff C:/msys64/mingw64/bin/../lib/gcc/arm-none-eabi/13.3.0/../../../../arm-none-eabi/lib/thumb/v7-m/nofp\libc_nano.a(libc_a-memcpy.o)
                                 0x8c (size before relaxing)
 .debug_line_str
                0x000000ff       0x73 C:/msys64/mingw64/bin/../lib/gcc/arm-none-eabi/13.3.0/thumb/v7-m/nofp\libgcc.a(_arm_addsubsf3.o)
 .debug_line_str
                0x000000ff       0x73 C:/msys64/mingw64/bin/../lib/gcc/arm-none-eabi/13.3.0/thumb/v7-m/nofp\libgcc.a(_arm_muldivsf3.o)
 .debug_line_str
                0x000000ff       0x73 C:/msys64/mingw64/bin/../lib/gcc/arm-none-eabi/13.3.0/thumb/v7-m/nofp\libgcc.a(_arm_cmpsf2.o)
 .debug_line_str
                0x000000ff       0x73 C:/msys64/mingw64/bin/../lib/gcc/arm-none-eabi/13.3.0/thumb/v7-m/nofp\libgcc.a(_arm_fixsfsi.o)

Cross Reference Table

Symbol                                            File
ADC1_2_IRQHandler                                 build/startup_stm32f103x6.o
AHBPrescTable                                     build/system_stm32f1xx.o
                                                  build/stm32f1xx_hal_rcc.o
APBPrescTable                                     build/system_stm32f1xx.o
                                                  build/stm32f1xx_hal_rcc.o
BusFault_Handler                                  build/stm32f1xx_it.o
CAN1_RX1_IRQHandler                               build/startup_stm32f103x6.o
CAN1_SCE_IRQHandler                               build/startup_stm32f103x6.o
DMA1_Channel1_IRQHandler                          build/startup_stm32f103x6.o
DMA1_Channel2_IRQHandler                          build/startup_stm32f103x6.o
DMA1_Channel3_IRQHandler                          build/startup_stm32f103x6.o
DMA1_Channel4_IRQHandler                          build/startup_stm32f103x6.o
DMA1_Channel5_IRQHandler                          build/startup_stm32f103x6.o
DMA1_Channel6_IRQHandler                          build/startup_stm32f103x6.o
DMA1_Channel7_IRQHandler                          build/startup_stm32f103x6.o
DebugMon_Handler                                  build/stm32f1xx_it.o
Default_Handler                                   build/startup_stm32f103x6.o
EXTI0_IRQHandler                                  build/startup_stm32f103x6.o
EXTI15_10_IRQHandler                              build/startup_stm32f103x6.o
EXTI1_IRQHandler                                  build/startup_stm32f103x6.o
EXTI2_IRQHandler                                  build/startup_stm32f103x6.o
EXTI3_IRQHandler                                  build/startup_stm32f103x6.o
EXTI4_IRQHandler                                  build/startup_stm32f103x6.o
EXTI9_5_IRQHandler                                build/startup_stm32f103x6.o
Error_Handler                                     build/main.o
                                                  build/syscfg.o
                                                  build/hal_usart.o
                                                  build/hal_tim.o
FLASH_IRQHandler                                  build/startup_stm32f103x6.o
FLASH_PageErase                                   build/stm32f1xx_hal_flash_ex.o
                                                  build/stm32f1xx_hal_flash.o
FLASH_WaitForLastOperation                        build/stm32f1xx_hal_flash.o
                                                  build/stm32f1xx_hal_flash_ex.o
HAL_DBGMCU_DisableDBGSleepMode                    build/stm32f1xx_hal.o
HAL_DBGMCU_DisableDBGStandbyMode                  build/stm32f1xx_hal.o
HAL_DBGMCU_DisableDBGStopMode                     build/stm32f1xx_hal.o
HAL_DBGMCU_EnableDBGSleepMode                     build/stm32f1xx_hal.o
HAL_DBGMCU_EnableDBGStandbyMode                   build/stm32f1xx_hal.o
HAL_DBGMCU_EnableDBGStopMode                      build/stm32f1xx_hal.o
HAL_DMA_Abort                                     build/stm32f1xx_hal_dma.o
                                                  build/stm32f1xx_hal_uart.o
HAL_DMA_Abort_IT                                  build/stm32f1xx_hal_dma.o
                                                  build/stm32f1xx_hal_uart.o
                                                  build/stm32f1xx_hal_tim_ex.o
                                                  build/stm32f1xx_hal_tim.o
HAL_DMA_DeInit                                    build/stm32f1xx_hal_dma.o
HAL_DMA_GetError                                  build/stm32f1xx_hal_dma.o
                                                  build/stm32f1xx_hal_uart.o
HAL_DMA_GetState                                  build/stm32f1xx_hal_dma.o
HAL_DMA_IRQHandler                                build/stm32f1xx_hal_dma.o
HAL_DMA_Init                                      build/stm32f1xx_hal_dma.o
HAL_DMA_PollForTransfer                           build/stm32f1xx_hal_dma.o
HAL_DMA_RegisterCallback                          build/stm32f1xx_hal_dma.o
HAL_DMA_Start                                     build/stm32f1xx_hal_dma.o
HAL_DMA_Start_IT                                  build/stm32f1xx_hal_dma.o
                                                  build/stm32f1xx_hal_uart.o
                                                  build/stm32f1xx_hal_tim_ex.o
                                                  build/stm32f1xx_hal_tim.o
HAL_DMA_UnRegisterCallback                        build/stm32f1xx_hal_dma.o
HAL_DeInit                                        build/stm32f1xx_hal.o
HAL_Delay                                         build/stm32f1xx_hal.o
                                                  build/main.o
HAL_EXTI_ClearConfigLine                          build/stm32f1xx_hal_exti.o
HAL_EXTI_ClearPending                             build/stm32f1xx_hal_exti.o
HAL_EXTI_GenerateSWI                              build/stm32f1xx_hal_exti.o
HAL_EXTI_GetConfigLine                            build/stm32f1xx_hal_exti.o
HAL_EXTI_GetHandle                                build/stm32f1xx_hal_exti.o
HAL_EXTI_GetPending                               build/stm32f1xx_hal_exti.o
HAL_EXTI_IRQHandler                               build/stm32f1xx_hal_exti.o
HAL_EXTI_RegisterCallback                         build/stm32f1xx_hal_exti.o
HAL_EXTI_SetConfigLine                            build/stm32f1xx_hal_exti.o
HAL_FLASHEx_Erase                                 build/stm32f1xx_hal_flash_ex.o
HAL_FLASHEx_Erase_IT                              build/stm32f1xx_hal_flash_ex.o
HAL_FLASHEx_OBErase                               build/stm32f1xx_hal_flash_ex.o
HAL_FLASHEx_OBGetConfig                           build/stm32f1xx_hal_flash_ex.o
HAL_FLASHEx_OBGetUserData                         build/stm32f1xx_hal_flash_ex.o
HAL_FLASHEx_OBProgram                             build/stm32f1xx_hal_flash_ex.o
HAL_FLASH_EndOfOperationCallback                  build/stm32f1xx_hal_flash.o
HAL_FLASH_GetError                                build/stm32f1xx_hal_flash.o
HAL_FLASH_IRQHandler                              build/stm32f1xx_hal_flash.o
HAL_FLASH_Lock                                    build/stm32f1xx_hal_flash.o
HAL_FLASH_OB_Launch                               build/stm32f1xx_hal_flash.o
HAL_FLASH_OB_Lock                                 build/stm32f1xx_hal_flash.o
HAL_FLASH_OB_Unlock                               build/stm32f1xx_hal_flash.o
HAL_FLASH_OperationErrorCallback                  build/stm32f1xx_hal_flash.o
HAL_FLASH_Program                                 build/stm32f1xx_hal_flash.o
HAL_FLASH_Program_IT                              build/stm32f1xx_hal_flash.o
HAL_FLASH_Unlock                                  build/stm32f1xx_hal_flash.o
HAL_GPIOEx_ConfigEventout                         build/stm32f1xx_hal_gpio_ex.o
HAL_GPIOEx_DisableEventout                        build/stm32f1xx_hal_gpio_ex.o
HAL_GPIOEx_EnableEventout                         build/stm32f1xx_hal_gpio_ex.o
HAL_GPIO_DeInit                                   build/stm32f1xx_hal_gpio.o
                                                  build/hal_usart.o
                                                  build/hal_gpio.o
HAL_GPIO_EXTI_Callback                            build/stm32f1xx_hal_gpio.o
HAL_GPIO_EXTI_IRQHandler                          build/stm32f1xx_hal_gpio.o
HAL_GPIO_Init                                     build/stm32f1xx_hal_gpio.o
                                                  build/stm32f1xx_hal_rcc.o
                                                  build/hal_usart.o
                                                  build/hal_gpio.o
HAL_GPIO_LockPin                                  build/stm32f1xx_hal_gpio.o
HAL_GPIO_ReadPin                                  build/stm32f1xx_hal_gpio.o
                                                  build/hal_gpio.o
HAL_GPIO_TogglePin                                build/stm32f1xx_hal_gpio.o
                                                  build/main.o
HAL_GPIO_WritePin                                 build/stm32f1xx_hal_gpio.o
                                                  build/hal_gpio.o
HAL_GetDEVID                                      build/stm32f1xx_hal.o
HAL_GetHalVersion                                 build/stm32f1xx_hal.o
HAL_GetREVID                                      build/stm32f1xx_hal.o
HAL_GetTick                                       build/stm32f1xx_hal.o
                                                  build/stm32f1xx_hal_uart.o
                                                  build/stm32f1xx_hal_flash.o
                                                  build/stm32f1xx_hal_dma.o
                                                  build/stm32f1xx_hal_rcc_ex.o
                                                  build/stm32f1xx_hal_rcc.o
HAL_GetTickFreq                                   build/stm32f1xx_hal.o
HAL_GetTickPrio                                   build/stm32f1xx_hal.o
HAL_GetUIDw0                                      build/stm32f1xx_hal.o
HAL_GetUIDw1                                      build/stm32f1xx_hal.o
HAL_GetUIDw2                                      build/stm32f1xx_hal.o
HAL_HalfDuplex_EnableReceiver                     build/stm32f1xx_hal_uart.o
HAL_HalfDuplex_EnableTransmitter                  build/stm32f1xx_hal_uart.o
HAL_HalfDuplex_Init                               build/stm32f1xx_hal_uart.o
HAL_IncTick                                       build/stm32f1xx_hal.o
                                                  build/stm32f1xx_it.o
HAL_Init                                          build/stm32f1xx_hal.o
                                                  build/main.o
HAL_InitTick                                      build/stm32f1xx_hal.o
                                                  build/stm32f1xx_hal_rcc.o
HAL_LIN_Init                                      build/stm32f1xx_hal_uart.o
HAL_LIN_SendBreak                                 build/stm32f1xx_hal_uart.o
HAL_MspDeInit                                     build/stm32f1xx_hal.o
HAL_MspInit                                       build/stm32f1xx_hal_msp.o